[35m[1mConsolidate compiler generated dependencies of target perception_node[0m
[ 12%] [32mBuilding CXX object CMakeFiles/perception_node.dir/src/Main/main.cpp.o[0m
[ 25%] [32mBuilding CXX object CMakeFiles/perception_node.dir/src/Main/perception_node.cpp.o[0m
[01m[K/home/alr/Desktop/new_perception/new_eufs_ws/src/perception_pkg/src/Main/perception_node.cpp:[m[K In member function ‘[01m[Kvoid PerceptionNode::temporalFilter(const std::vector<ConeDepth::ConeResult>&, eufs_msgs::msg::ConeArray&)[m[K’:
[01m[K/home/alr/Desktop/new_perception/new_eufs_ws/src/perception_pkg/src/Main/perception_node.cpp:291:25:[m[K [01;35m[Kwarning: [m[Kcomparison of integer expressions of different signedness: ‘[01m[Kstd::deque<std::vector<PerceptionNode::TemporalCone> >::size_type[m[K’ {aka ‘[01m[Klong unsigned int[m[K’} and ‘[01m[Kconst int[m[K’ [[01;35m[K]8;;https://gcc.gnu.org/onlinedocs/gcc/Warning-Options.html#index-Wsign-compare-Wsign-compare]8;;[m[K]
  291 |     if ([01;35m[Khistory_.size() > HISTORY_SIZE[m[K)
      |         [01;35m[K~~~~~~~~~~~~~~~~^~~~~~~~~~~~~~[m[K
[ 37%] [32m[1mLinking CXX executable perception_node[0m
[100%] Built target perception_node
-- Install configuration: ""
-- Execute custom install script
-- Up-to-date symlink: /home/alr/Desktop/new_perception/new_eufs_ws/install/perception_pkg/lib/perception_pkg/perception_node
-- Up-to-date symlink: /home/alr/Desktop/new_perception/new_eufs_ws/install/perception_pkg/share/ament_index/resource_index/package_run_dependencies/perception_pkg
-- Up-to-date symlink: /home/alr/Desktop/new_perception/new_eufs_ws/install/perception_pkg/share/ament_index/resource_index/parent_prefix_path/perception_pkg
-- Up-to-date symlink: /home/alr/Desktop/new_perception/new_eufs_ws/install/perception_pkg/share/perception_pkg/environment/ament_prefix_path.sh
-- Up-to-date symlink: /home/alr/Desktop/new_perception/new_eufs_ws/install/perception_pkg/share/perception_pkg/environment/ament_prefix_path.dsv
-- Up-to-date symlink: /home/alr/Desktop/new_perception/new_eufs_ws/install/perception_pkg/share/perception_pkg/environment/path.sh
-- Up-to-date symlink: /home/alr/Desktop/new_perception/new_eufs_ws/install/perception_pkg/share/perception_pkg/environment/path.dsv
-- Up-to-date symlink: /home/alr/Desktop/new_perception/new_eufs_ws/install/perception_pkg/share/perception_pkg/local_setup.bash
-- Up-to-date symlink: /home/alr/Desktop/new_perception/new_eufs_ws/install/perception_pkg/share/perception_pkg/local_setup.sh
-- Up-to-date symlink: /home/alr/Desktop/new_perception/new_eufs_ws/install/perception_pkg/share/perception_pkg/local_setup.zsh
-- Up-to-date symlink: /home/alr/Desktop/new_perception/new_eufs_ws/install/perception_pkg/share/perception_pkg/local_setup.dsv
-- Symlinking: /home/alr/Desktop/new_perception/new_eufs_ws/install/perception_pkg/share/perception_pkg/package.dsv
-- Up-to-date symlink: /home/alr/Desktop/new_perception/new_eufs_ws/install/perception_pkg/share/ament_index/resource_index/packages/perception_pkg
-- Up-to-date symlink: /home/alr/Desktop/new_perception/new_eufs_ws/install/perception_pkg/share/perception_pkg/cmake/perception_pkgConfig.cmake
-- Up-to-date symlink: /home/alr/Desktop/new_perception/new_eufs_ws/install/perception_pkg/share/perception_pkg/cmake/perception_pkgConfig-version.cmake
-- Up-to-date symlink: /home/alr/Desktop/new_perception/new_eufs_ws/install/perception_pkg/share/perception_pkg/package.xml
