[0.708s] Invoking command in '/home/alr/Desktop/new_perception/new_eufs_ws/build/eufs_tracks': PYTHONPATH=/home/alr/Desktop/new_perception/new_eufs_ws/build/eufs_tracks/prefix_override:/usr/lib/python3/dist-packages/colcon_core/task/python/colcon_distutils_commands:/home/alr/Desktop/new_perception/new_eufs_ws/install/eufs_tracks/lib/python3.10/site-packages:${PYTHONPATH} /usr/bin/python3 -W ignore:setup.py install is deprecated -W ignore:easy_install command is deprecated setup.py develop --editable --build-directory /home/alr/Desktop/new_perception/new_eufs_ws/build/eufs_tracks/build --no-deps symlink_data
[0.871s] running develop
[0.977s] running egg_info
[0.977s] creating eufs_tracks.egg-info
[0.977s] writing eufs_tracks.egg-info/PKG-INFO
[0.977s] writing dependency_links to eufs_tracks.egg-info/dependency_links.txt
[0.977s] writing entry points to eufs_tracks.egg-info/entry_points.txt
[0.978s] writing requirements to eufs_tracks.egg-info/requires.txt
[0.978s] writing top-level names to eufs_tracks.egg-info/top_level.txt
[0.978s] writing manifest file 'eufs_tracks.egg-info/SOURCES.txt'
[0.979s] reading manifest file 'eufs_tracks.egg-info/SOURCES.txt'
[0.980s] writing manifest file 'eufs_tracks.egg-info/SOURCES.txt'
[1.009s] running build_ext
[1.009s] Creating /home/alr/Desktop/new_perception/new_eufs_ws/install/eufs_tracks/lib/python3.10/site-packages/eufs-tracks.egg-link (link to .)
[1.011s] Installing eufs_tracks_converter script to /home/alr/Desktop/new_perception/new_eufs_ws/install/eufs_tracks/lib/eufs_tracks
[1.011s] Installing eufs_tracks_generator script to /home/alr/Desktop/new_perception/new_eufs_ws/install/eufs_tracks/lib/eufs_tracks
[1.011s] 
[1.011s] Installed /home/alr/Desktop/new_perception/new_eufs_ws/build/eufs_tracks
[1.011s] running symlink_data
[1.012s] symbolically linking /home/alr/Desktop/new_perception/new_eufs_ws/build/eufs_tracks/package.xml -> /home/alr/Desktop/new_perception/new_eufs_ws/install/eufs_tracks/share/eufs_tracks
[1.012s] symbolically linking /home/alr/Desktop/new_perception/new_eufs_ws/build/eufs_tracks/plugin.xml -> /home/alr/Desktop/new_perception/new_eufs_ws/install/eufs_tracks/share/eufs_tracks
[1.012s] creating /home/alr/Desktop/new_perception/new_eufs_ws/install/eufs_tracks/share/ament_index
[1.012s] creating /home/alr/Desktop/new_perception/new_eufs_ws/install/eufs_tracks/share/ament_index/resource_index
[1.012s] creating /home/alr/Desktop/new_perception/new_eufs_ws/install/eufs_tracks/share/ament_index/resource_index/packages
[1.012s] symbolically linking /home/alr/Desktop/new_perception/new_eufs_ws/build/eufs_tracks/resource/eufs_tracks -> /home/alr/Desktop/new_perception/new_eufs_ws/install/eufs_tracks/share/ament_index/resource_index/packages
[1.012s] creating /home/alr/Desktop/new_perception/new_eufs_ws/install/eufs_tracks/share/eufs_tracks/csv
[1.013s] symbolically linking /home/alr/Desktop/new_perception/new_eufs_ws/build/eufs_tracks/csv/skidpad.csv -> /home/alr/Desktop/new_perception/new_eufs_ws/install/eufs_tracks/share/eufs_tracks/csv
[1.013s] symbolically linking /home/alr/Desktop/new_perception/new_eufs_ws/build/eufs_tracks/csv/hairpins_increasing_difficulty.csv -> /home/alr/Desktop/new_perception/new_eufs_ws/install/eufs_tracks/share/eufs_tracks/csv
[1.013s] symbolically linking /home/alr/Desktop/new_perception/new_eufs_ws/build/eufs_tracks/csv/acceleration.csv -> /home/alr/Desktop/new_perception/new_eufs_ws/install/eufs_tracks/share/eufs_tracks/csv
[1.013s] symbolically linking /home/alr/Desktop/new_perception/new_eufs_ws/build/eufs_tracks/csv/garden_light.csv -> /home/alr/Desktop/new_perception/new_eufs_ws/install/eufs_tracks/share/eufs_tracks/csv
[1.013s] symbolically linking /home/alr/Desktop/new_perception/new_eufs_ws/build/eufs_tracks/csv/boa_constrictor.csv -> /home/alr/Desktop/new_perception/new_eufs_ws/install/eufs_tracks/share/eufs_tracks/csv
[1.013s] symbolically linking /home/alr/Desktop/new_perception/new_eufs_ws/build/eufs_tracks/csv/its_a_mess.csv -> /home/alr/Desktop/new_perception/new_eufs_ws/install/eufs_tracks/share/eufs_tracks/csv
[1.013s] symbolically linking /home/alr/Desktop/new_perception/new_eufs_ws/build/eufs_tracks/csv/bone.csv -> /home/alr/Desktop/new_perception/new_eufs_ws/install/eufs_tracks/share/eufs_tracks/csv
[1.013s] symbolically linking /home/alr/Desktop/new_perception/new_eufs_ws/build/eufs_tracks/csv/rand.csv -> /home/alr/Desktop/new_perception/new_eufs_ws/install/eufs_tracks/share/eufs_tracks/csv
[1.013s] symbolically linking /home/alr/Desktop/new_perception/new_eufs_ws/build/eufs_tracks/csv/comp_2021.csv -> /home/alr/Desktop/new_perception/new_eufs_ws/install/eufs_tracks/share/eufs_tracks/csv
[1.013s] symbolically linking /home/alr/Desktop/new_perception/new_eufs_ws/build/eufs_tracks/csv/small_track.csv -> /home/alr/Desktop/new_perception/new_eufs_ws/install/eufs_tracks/share/eufs_tracks/csv
[1.013s] symbolically linking /home/alr/Desktop/new_perception/new_eufs_ws/build/eufs_tracks/csv/rectangle.csv -> /home/alr/Desktop/new_perception/new_eufs_ws/install/eufs_tracks/share/eufs_tracks/csv
[1.014s] symbolically linking /home/alr/Desktop/new_perception/new_eufs_ws/build/eufs_tracks/csv/peanut.csv -> /home/alr/Desktop/new_perception/new_eufs_ws/install/eufs_tracks/share/eufs_tracks/csv
[1.014s] creating /home/alr/Desktop/new_perception/new_eufs_ws/install/eufs_tracks/share/eufs_tracks/image
[1.014s] symbolically linking /home/alr/Desktop/new_perception/new_eufs_ws/build/eufs_tracks/image/skidpad.png -> /home/alr/Desktop/new_perception/new_eufs_ws/install/eufs_tracks/share/eufs_tracks/image
[1.014s] symbolically linking /home/alr/Desktop/new_perception/new_eufs_ws/build/eufs_tracks/image/comp_2021.png -> /home/alr/Desktop/new_perception/new_eufs_ws/install/eufs_tracks/share/eufs_tracks/image
[1.014s] creating /home/alr/Desktop/new_perception/new_eufs_ws/install/eufs_tracks/share/eufs_tracks/launch
[1.014s] symbolically linking /home/alr/Desktop/new_perception/new_eufs_ws/build/eufs_tracks/launch/hairpins_increasing_difficulty.launch -> /home/alr/Desktop/new_perception/new_eufs_ws/install/eufs_tracks/share/eufs_tracks/launch
[1.014s] symbolically linking /home/alr/Desktop/new_perception/new_eufs_ws/build/eufs_tracks/launch/acceleration.launch -> /home/alr/Desktop/new_perception/new_eufs_ws/install/eufs_tracks/share/eufs_tracks/launch
[1.014s] symbolically linking /home/alr/Desktop/new_perception/new_eufs_ws/build/eufs_tracks/launch/boa_constrictor.launch -> /home/alr/Desktop/new_perception/new_eufs_ws/install/eufs_tracks/share/eufs_tracks/launch
[1.014s] symbolically linking /home/alr/Desktop/new_perception/new_eufs_ws/build/eufs_tracks/launch/comp_2021.launch -> /home/alr/Desktop/new_perception/new_eufs_ws/install/eufs_tracks/share/eufs_tracks/launch
[1.014s] symbolically linking /home/alr/Desktop/new_perception/new_eufs_ws/build/eufs_tracks/launch/rectangle.launch -> /home/alr/Desktop/new_perception/new_eufs_ws/install/eufs_tracks/share/eufs_tracks/launch
[1.014s] symbolically linking /home/alr/Desktop/new_perception/new_eufs_ws/build/eufs_tracks/launch/eufs_track_generator.launch.py -> /home/alr/Desktop/new_perception/new_eufs_ws/install/eufs_tracks/share/eufs_tracks/launch
[1.014s] symbolically linking /home/alr/Desktop/new_perception/new_eufs_ws/build/eufs_tracks/launch/empty.launch -> /home/alr/Desktop/new_perception/new_eufs_ws/install/eufs_tracks/share/eufs_tracks/launch
[1.015s] symbolically linking /home/alr/Desktop/new_perception/new_eufs_ws/build/eufs_tracks/launch/its_a_mess.launch -> /home/alr/Desktop/new_perception/new_eufs_ws/install/eufs_tracks/share/eufs_tracks/launch
[1.015s] symbolically linking /home/alr/Desktop/new_perception/new_eufs_ws/build/eufs_tracks/launch/small_track.launch -> /home/alr/Desktop/new_perception/new_eufs_ws/install/eufs_tracks/share/eufs_tracks/launch
[1.015s] symbolically linking /home/alr/Desktop/new_perception/new_eufs_ws/build/eufs_tracks/launch/peanut.launch -> /home/alr/Desktop/new_perception/new_eufs_ws/install/eufs_tracks/share/eufs_tracks/launch
[1.015s] symbolically linking /home/alr/Desktop/new_perception/new_eufs_ws/build/eufs_tracks/launch/garden_light.launch -> /home/alr/Desktop/new_perception/new_eufs_ws/install/eufs_tracks/share/eufs_tracks/launch
[1.015s] symbolically linking /home/alr/Desktop/new_perception/new_eufs_ws/build/eufs_tracks/launch/rand.launch -> /home/alr/Desktop/new_perception/new_eufs_ws/install/eufs_tracks/share/eufs_tracks/launch
[1.015s] symbolically linking /home/alr/Desktop/new_perception/new_eufs_ws/build/eufs_tracks/launch/skidpad.launch -> /home/alr/Desktop/new_perception/new_eufs_ws/install/eufs_tracks/share/eufs_tracks/launch
[1.015s] symbolically linking /home/alr/Desktop/new_perception/new_eufs_ws/build/eufs_tracks/launch/blacklist.txt -> /home/alr/Desktop/new_perception/new_eufs_ws/install/eufs_tracks/share/eufs_tracks/launch
[1.015s] creating /home/alr/Desktop/new_perception/new_eufs_ws/install/eufs_tracks/share/eufs_tracks/materials
[1.015s] symbolically linking /home/alr/Desktop/new_perception/new_eufs_ws/build/eufs_tracks/materials/asphalt.jpg -> /home/alr/Desktop/new_perception/new_eufs_ws/install/eufs_tracks/share/eufs_tracks/materials
[1.015s] creating /home/alr/Desktop/new_perception/new_eufs_ws/install/eufs_tracks/share/eufs_tracks/meshes
[1.015s] symbolically linking /home/alr/Desktop/new_perception/new_eufs_ws/build/eufs_tracks/meshes/cone_blue.dae -> /home/alr/Desktop/new_perception/new_eufs_ws/install/eufs_tracks/share/eufs_tracks/meshes
[1.015s] symbolically linking /home/alr/Desktop/new_perception/new_eufs_ws/build/eufs_tracks/meshes/cone_big.dae -> /home/alr/Desktop/new_perception/new_eufs_ws/install/eufs_tracks/share/eufs_tracks/meshes
[1.015s] symbolically linking /home/alr/Desktop/new_perception/new_eufs_ws/build/eufs_tracks/meshes/cone_yellow.dae -> /home/alr/Desktop/new_perception/new_eufs_ws/install/eufs_tracks/share/eufs_tracks/meshes
[1.015s] symbolically linking /home/alr/Desktop/new_perception/new_eufs_ws/build/eufs_tracks/meshes/MonkeyNoise.dae -> /home/alr/Desktop/new_perception/new_eufs_ws/install/eufs_tracks/share/eufs_tracks/meshes
[1.015s] symbolically linking /home/alr/Desktop/new_perception/new_eufs_ws/build/eufs_tracks/meshes/NoiseCube.dae -> /home/alr/Desktop/new_perception/new_eufs_ws/install/eufs_tracks/share/eufs_tracks/meshes
[1.016s] symbolically linking /home/alr/Desktop/new_perception/new_eufs_ws/build/eufs_tracks/meshes/cone.dae -> /home/alr/Desktop/new_perception/new_eufs_ws/install/eufs_tracks/share/eufs_tracks/meshes
[1.016s] creating /home/alr/Desktop/new_perception/new_eufs_ws/install/eufs_tracks/share/eufs_tracks/worlds
[1.016s] symbolically linking /home/alr/Desktop/new_perception/new_eufs_ws/build/eufs_tracks/worlds/comp_2021.world -> /home/alr/Desktop/new_perception/new_eufs_ws/install/eufs_tracks/share/eufs_tracks/worlds
[1.016s] symbolically linking /home/alr/Desktop/new_perception/new_eufs_ws/build/eufs_tracks/worlds/garden_light.world -> /home/alr/Desktop/new_perception/new_eufs_ws/install/eufs_tracks/share/eufs_tracks/worlds
[1.016s] symbolically linking /home/alr/Desktop/new_perception/new_eufs_ws/build/eufs_tracks/worlds/rectangle.world -> /home/alr/Desktop/new_perception/new_eufs_ws/install/eufs_tracks/share/eufs_tracks/worlds
[1.016s] symbolically linking /home/alr/Desktop/new_perception/new_eufs_ws/build/eufs_tracks/worlds/hairpins_increasing_difficulty.world -> /home/alr/Desktop/new_perception/new_eufs_ws/install/eufs_tracks/share/eufs_tracks/worlds
[1.016s] symbolically linking /home/alr/Desktop/new_perception/new_eufs_ws/build/eufs_tracks/worlds/skidpad.world -> /home/alr/Desktop/new_perception/new_eufs_ws/install/eufs_tracks/share/eufs_tracks/worlds
[1.016s] symbolically linking /home/alr/Desktop/new_perception/new_eufs_ws/build/eufs_tracks/worlds/peanut.world -> /home/alr/Desktop/new_perception/new_eufs_ws/install/eufs_tracks/share/eufs_tracks/worlds
[1.016s] symbolically linking /home/alr/Desktop/new_perception/new_eufs_ws/build/eufs_tracks/worlds/boa_constrictor.world -> /home/alr/Desktop/new_perception/new_eufs_ws/install/eufs_tracks/share/eufs_tracks/worlds
[1.016s] symbolically linking /home/alr/Desktop/new_perception/new_eufs_ws/build/eufs_tracks/worlds/rand.world -> /home/alr/Desktop/new_perception/new_eufs_ws/install/eufs_tracks/share/eufs_tracks/worlds
[1.016s] symbolically linking /home/alr/Desktop/new_perception/new_eufs_ws/build/eufs_tracks/worlds/its_a_mess.world -> /home/alr/Desktop/new_perception/new_eufs_ws/install/eufs_tracks/share/eufs_tracks/worlds
[1.016s] symbolically linking /home/alr/Desktop/new_perception/new_eufs_ws/build/eufs_tracks/worlds/acceleration.world -> /home/alr/Desktop/new_perception/new_eufs_ws/install/eufs_tracks/share/eufs_tracks/worlds
[1.016s] symbolically linking /home/alr/Desktop/new_perception/new_eufs_ws/build/eufs_tracks/worlds/small_track.world -> /home/alr/Desktop/new_perception/new_eufs_ws/install/eufs_tracks/share/eufs_tracks/worlds
[1.016s] creating /home/alr/Desktop/new_perception/new_eufs_ws/install/eufs_tracks/share/eufs_tracks/resource
[1.016s] creating /home/alr/Desktop/new_perception/new_eufs_ws/install/eufs_tracks/share/eufs_tracks/resource/randgen_model_template
[1.016s] symbolically linking /home/alr/Desktop/new_perception/new_eufs_ws/build/eufs_tracks/resource/randgen_model_template/model.sdf -> /home/alr/Desktop/new_perception/new_eufs_ws/install/eufs_tracks/share/eufs_tracks/resource/randgen_model_template
[1.017s] symbolically linking /home/alr/Desktop/new_perception/new_eufs_ws/build/eufs_tracks/resource/randgen_model_template/model.config -> /home/alr/Desktop/new_perception/new_eufs_ws/install/eufs_tracks/share/eufs_tracks/resource/randgen_model_template
[1.017s] symbolically linking /home/alr/Desktop/new_perception/new_eufs_ws/build/eufs_tracks/resource/noiseFiles.txt -> /home/alr/Desktop/new_perception/new_eufs_ws/install/eufs_tracks/share/eufs_tracks/resource
[1.017s] symbolically linking /home/alr/Desktop/new_perception/new_eufs_ws/build/eufs_tracks/resource/randgen_launch_template -> /home/alr/Desktop/new_perception/new_eufs_ws/install/eufs_tracks/share/eufs_tracks/resource
[1.017s] symbolically linking /home/alr/Desktop/new_perception/new_eufs_ws/build/eufs_tracks/resource/randgen_world_template -> /home/alr/Desktop/new_perception/new_eufs_ws/install/eufs_tracks/share/eufs_tracks/resource
[1.017s] symbolically linking /home/alr/Desktop/new_perception/new_eufs_ws/build/eufs_tracks/resource/conversion_tool.ui -> /home/alr/Desktop/new_perception/new_eufs_ws/install/eufs_tracks/share/eufs_tracks/resource
[1.017s] creating /home/alr/Desktop/new_perception/new_eufs_ws/install/eufs_tracks/share/eufs_tracks/models
[1.017s] creating /home/alr/Desktop/new_perception/new_eufs_ws/install/eufs_tracks/share/eufs_tracks/models/ground_plane
[1.017s] symbolically linking /home/alr/Desktop/new_perception/new_eufs_ws/build/eufs_tracks/models/ground_plane/model.sdf -> /home/alr/Desktop/new_perception/new_eufs_ws/install/eufs_tracks/share/eufs_tracks/models/ground_plane
[1.017s] symbolically linking /home/alr/Desktop/new_perception/new_eufs_ws/build/eufs_tracks/models/ground_plane/model.config -> /home/alr/Desktop/new_perception/new_eufs_ws/install/eufs_tracks/share/eufs_tracks/models/ground_plane
[1.017s] creating /home/alr/Desktop/new_perception/new_eufs_ws/install/eufs_tracks/share/eufs_tracks/models/orange_cone
[1.017s] symbolically linking /home/alr/Desktop/new_perception/new_eufs_ws/build/eufs_tracks/models/orange_cone/model.sdf -> /home/alr/Desktop/new_perception/new_eufs_ws/install/eufs_tracks/share/eufs_tracks/models/orange_cone
[1.017s] symbolically linking /home/alr/Desktop/new_perception/new_eufs_ws/build/eufs_tracks/models/orange_cone/model.config -> /home/alr/Desktop/new_perception/new_eufs_ws/install/eufs_tracks/share/eufs_tracks/models/orange_cone
[1.017s] creating /home/alr/Desktop/new_perception/new_eufs_ws/install/eufs_tracks/share/eufs_tracks/models/yellow_cone
[1.017s] symbolically linking /home/alr/Desktop/new_perception/new_eufs_ws/build/eufs_tracks/models/yellow_cone/model.sdf -> /home/alr/Desktop/new_perception/new_eufs_ws/install/eufs_tracks/share/eufs_tracks/models/yellow_cone
[1.017s] symbolically linking /home/alr/Desktop/new_perception/new_eufs_ws/build/eufs_tracks/models/yellow_cone/model.config -> /home/alr/Desktop/new_perception/new_eufs_ws/install/eufs_tracks/share/eufs_tracks/models/yellow_cone
[1.018s] creating /home/alr/Desktop/new_perception/new_eufs_ws/install/eufs_tracks/share/eufs_tracks/models/skidpad
[1.018s] symbolically linking /home/alr/Desktop/new_perception/new_eufs_ws/build/eufs_tracks/models/skidpad/model.sdf -> /home/alr/Desktop/new_perception/new_eufs_ws/install/eufs_tracks/share/eufs_tracks/models/skidpad
[1.018s] symbolically linking /home/alr/Desktop/new_perception/new_eufs_ws/build/eufs_tracks/models/skidpad/model.config -> /home/alr/Desktop/new_perception/new_eufs_ws/install/eufs_tracks/share/eufs_tracks/models/skidpad
[1.018s] creating /home/alr/Desktop/new_perception/new_eufs_ws/install/eufs_tracks/share/eufs_tracks/models/its_a_mess
[1.018s] symbolically linking /home/alr/Desktop/new_perception/new_eufs_ws/build/eufs_tracks/models/its_a_mess/model.sdf -> /home/alr/Desktop/new_perception/new_eufs_ws/install/eufs_tracks/share/eufs_tracks/models/its_a_mess
[1.018s] symbolically linking /home/alr/Desktop/new_perception/new_eufs_ws/build/eufs_tracks/models/its_a_mess/model.config -> /home/alr/Desktop/new_perception/new_eufs_ws/install/eufs_tracks/share/eufs_tracks/models/its_a_mess
[1.018s] creating /home/alr/Desktop/new_perception/new_eufs_ws/install/eufs_tracks/share/eufs_tracks/models/acceleration
[1.018s] symbolically linking /home/alr/Desktop/new_perception/new_eufs_ws/build/eufs_tracks/models/acceleration/model.sdf -> /home/alr/Desktop/new_perception/new_eufs_ws/install/eufs_tracks/share/eufs_tracks/models/acceleration
[1.018s] symbolically linking /home/alr/Desktop/new_perception/new_eufs_ws/build/eufs_tracks/models/acceleration/model.config -> /home/alr/Desktop/new_perception/new_eufs_ws/install/eufs_tracks/share/eufs_tracks/models/acceleration
[1.018s] creating /home/alr/Desktop/new_perception/new_eufs_ws/install/eufs_tracks/share/eufs_tracks/models/hairpins_increasing_difficulty
[1.018s] symbolically linking /home/alr/Desktop/new_perception/new_eufs_ws/build/eufs_tracks/models/hairpins_increasing_difficulty/model.sdf -> /home/alr/Desktop/new_perception/new_eufs_ws/install/eufs_tracks/share/eufs_tracks/models/hairpins_increasing_difficulty
[1.018s] symbolically linking /home/alr/Desktop/new_perception/new_eufs_ws/build/eufs_tracks/models/hairpins_increasing_difficulty/model.config -> /home/alr/Desktop/new_perception/new_eufs_ws/install/eufs_tracks/share/eufs_tracks/models/hairpins_increasing_difficulty
[1.018s] creating /home/alr/Desktop/new_perception/new_eufs_ws/install/eufs_tracks/share/eufs_tracks/models/comp_2021
[1.018s] symbolically linking /home/alr/Desktop/new_perception/new_eufs_ws/build/eufs_tracks/models/comp_2021/model.sdf -> /home/alr/Desktop/new_perception/new_eufs_ws/install/eufs_tracks/share/eufs_tracks/models/comp_2021
[1.019s] symbolically linking /home/alr/Desktop/new_perception/new_eufs_ws/build/eufs_tracks/models/comp_2021/model.config -> /home/alr/Desktop/new_perception/new_eufs_ws/install/eufs_tracks/share/eufs_tracks/models/comp_2021
[1.019s] creating /home/alr/Desktop/new_perception/new_eufs_ws/install/eufs_tracks/share/eufs_tracks/models/small_track
[1.019s] symbolically linking /home/alr/Desktop/new_perception/new_eufs_ws/build/eufs_tracks/models/small_track/model.sdf -> /home/alr/Desktop/new_perception/new_eufs_ws/install/eufs_tracks/share/eufs_tracks/models/small_track
[1.019s] symbolically linking /home/alr/Desktop/new_perception/new_eufs_ws/build/eufs_tracks/models/small_track/model.config -> /home/alr/Desktop/new_perception/new_eufs_ws/install/eufs_tracks/share/eufs_tracks/models/small_track
[1.019s] creating /home/alr/Desktop/new_perception/new_eufs_ws/install/eufs_tracks/share/eufs_tracks/models/rectangle
[1.019s] symbolically linking /home/alr/Desktop/new_perception/new_eufs_ws/build/eufs_tracks/models/rectangle/model.sdf -> /home/alr/Desktop/new_perception/new_eufs_ws/install/eufs_tracks/share/eufs_tracks/models/rectangle
[1.019s] symbolically linking /home/alr/Desktop/new_perception/new_eufs_ws/build/eufs_tracks/models/rectangle/model.config -> /home/alr/Desktop/new_perception/new_eufs_ws/install/eufs_tracks/share/eufs_tracks/models/rectangle
[1.019s] creating /home/alr/Desktop/new_perception/new_eufs_ws/install/eufs_tracks/share/eufs_tracks/models/peanut
[1.019s] symbolically linking /home/alr/Desktop/new_perception/new_eufs_ws/build/eufs_tracks/models/peanut/model.sdf -> /home/alr/Desktop/new_perception/new_eufs_ws/install/eufs_tracks/share/eufs_tracks/models/peanut
[1.019s] symbolically linking /home/alr/Desktop/new_perception/new_eufs_ws/build/eufs_tracks/models/peanut/model.config -> /home/alr/Desktop/new_perception/new_eufs_ws/install/eufs_tracks/share/eufs_tracks/models/peanut
[1.019s] creating /home/alr/Desktop/new_perception/new_eufs_ws/install/eufs_tracks/share/eufs_tracks/models/blue_cone
[1.019s] symbolically linking /home/alr/Desktop/new_perception/new_eufs_ws/build/eufs_tracks/models/blue_cone/model.sdf -> /home/alr/Desktop/new_perception/new_eufs_ws/install/eufs_tracks/share/eufs_tracks/models/blue_cone
[1.019s] symbolically linking /home/alr/Desktop/new_perception/new_eufs_ws/build/eufs_tracks/models/blue_cone/model.config -> /home/alr/Desktop/new_perception/new_eufs_ws/install/eufs_tracks/share/eufs_tracks/models/blue_cone
[1.019s] creating /home/alr/Desktop/new_perception/new_eufs_ws/install/eufs_tracks/share/eufs_tracks/models/rand
[1.020s] symbolically linking /home/alr/Desktop/new_perception/new_eufs_ws/build/eufs_tracks/models/rand/model.sdf -> /home/alr/Desktop/new_perception/new_eufs_ws/install/eufs_tracks/share/eufs_tracks/models/rand
[1.020s] symbolically linking /home/alr/Desktop/new_perception/new_eufs_ws/build/eufs_tracks/models/rand/model.config -> /home/alr/Desktop/new_perception/new_eufs_ws/install/eufs_tracks/share/eufs_tracks/models/rand
[1.020s] creating /home/alr/Desktop/new_perception/new_eufs_ws/install/eufs_tracks/share/eufs_tracks/models/boa_constrictor
[1.020s] symbolically linking /home/alr/Desktop/new_perception/new_eufs_ws/build/eufs_tracks/models/boa_constrictor/model.sdf -> /home/alr/Desktop/new_perception/new_eufs_ws/install/eufs_tracks/share/eufs_tracks/models/boa_constrictor
[1.020s] symbolically linking /home/alr/Desktop/new_perception/new_eufs_ws/build/eufs_tracks/models/boa_constrictor/model.config -> /home/alr/Desktop/new_perception/new_eufs_ws/install/eufs_tracks/share/eufs_tracks/models/boa_constrictor
[1.020s] creating /home/alr/Desktop/new_perception/new_eufs_ws/install/eufs_tracks/share/eufs_tracks/models/big_cone
[1.020s] symbolically linking /home/alr/Desktop/new_perception/new_eufs_ws/build/eufs_tracks/models/big_cone/model.sdf -> /home/alr/Desktop/new_perception/new_eufs_ws/install/eufs_tracks/share/eufs_tracks/models/big_cone
[1.020s] symbolically linking /home/alr/Desktop/new_perception/new_eufs_ws/build/eufs_tracks/models/big_cone/model.config -> /home/alr/Desktop/new_perception/new_eufs_ws/install/eufs_tracks/share/eufs_tracks/models/big_cone
[1.020s] creating /home/alr/Desktop/new_perception/new_eufs_ws/install/eufs_tracks/share/eufs_tracks/models/garden_light
[1.020s] symbolically linking /home/alr/Desktop/new_perception/new_eufs_ws/build/eufs_tracks/models/garden_light/model.sdf -> /home/alr/Desktop/new_perception/new_eufs_ws/install/eufs_tracks/share/eufs_tracks/models/garden_light
[1.020s] symbolically linking /home/alr/Desktop/new_perception/new_eufs_ws/build/eufs_tracks/models/garden_light/model.config -> /home/alr/Desktop/new_perception/new_eufs_ws/install/eufs_tracks/share/eufs_tracks/models/garden_light
[1.039s] Invoked command in '/home/alr/Desktop/new_perception/new_eufs_ws/build/eufs_tracks' returned '0': PYTHONPATH=/home/alr/Desktop/new_perception/new_eufs_ws/build/eufs_tracks/prefix_override:/usr/lib/python3/dist-packages/colcon_core/task/python/colcon_distutils_commands:/home/alr/Desktop/new_perception/new_eufs_ws/install/eufs_tracks/lib/python3.10/site-packages:${PYTHONPATH} /usr/bin/python3 -W ignore:setup.py install is deprecated -W ignore:easy_install command is deprecated setup.py develop --editable --build-directory /home/alr/Desktop/new_perception/new_eufs_ws/build/eufs_tracks/build --no-deps symlink_data
