running develop
running egg_info
creating fsd_planner.egg-info
writing fsd_planner.egg-info/PKG-INFO
writing dependency_links to fsd_planner.egg-info/dependency_links.txt
writing entry points to fsd_planner.egg-info/entry_points.txt
writing requirements to fsd_planner.egg-info/requires.txt
writing top-level names to fsd_planner.egg-info/top_level.txt
writing manifest file 'fsd_planner.egg-info/SOURCES.txt'
reading manifest file 'fsd_planner.egg-info/SOURCES.txt'
writing manifest file 'fsd_planner.egg-info/SOURCES.txt'
running build_ext
Creating /home/alr/Desktop/new_perception/new_eufs_ws/install/fsd_planner/lib/python3.10/site-packages/fsd-planner.egg-link (link to .)
Installing planner_node script to /home/alr/Desktop/new_perception/new_eufs_ws/install/fsd_planner/lib/fsd_planner

Installed /home/alr/Desktop/new_perception/new_eufs_ws/build/fsd_planner
running symlink_data
creating /home/alr/Desktop/new_perception/new_eufs_ws/install/fsd_planner/share/ament_index
creating /home/alr/Desktop/new_perception/new_eufs_ws/install/fsd_planner/share/ament_index/resource_index
creating /home/alr/Desktop/new_perception/new_eufs_ws/install/fsd_planner/share/ament_index/resource_index/packages
symbolically linking /home/alr/Desktop/new_perception/new_eufs_ws/build/fsd_planner/resource/fsd_planner -> /home/alr/Desktop/new_perception/new_eufs_ws/install/fsd_planner/share/ament_index/resource_index/packages
symbolically linking /home/alr/Desktop/new_perception/new_eufs_ws/build/fsd_planner/package.xml -> /home/alr/Desktop/new_perception/new_eufs_ws/install/fsd_planner/share/fsd_planner
creating /home/alr/Desktop/new_perception/new_eufs_ws/install/fsd_planner/share/fsd_planner/launch
