[0.586s] Invoking command in '/home/alr/Desktop/new_perception/new_eufs_ws/build/fsd_planner': CMAKE_PREFIX_PATH=/home/alr/Desktop/new_perception/new_eufs_ws/install/eufs_msgs:/home/alr/Desktop/new_perception/new_eufs_ws/install/vision_opencv:/home/alr/Desktop/new_perception/new_eufs_ws/install/perception_pkg:/home/alr/Desktop/new_perception/new_eufs_ws/install/my_state_estimator:/home/alr/Desktop/new_perception/new_eufs_ws/install/my_slam_pkg:/home/alr/Desktop/new_perception/new_eufs_ws/install/my_controller_pkg:/home/alr/Desktop/new_perception/new_eufs_ws/install/eufs_plugins:/home/alr/Desktop/new_perception/new_eufs_ws/install/image_geometry:/home/alr/Desktop/new_perception/new_eufs_ws/install/eufs_sensors:/home/alr/Desktop/new_perception/new_eufs_ws/install/eufs_models:/home/alr/Desktop/new_perception/new_eufs_ws/install/cv_bridge:/home/alr/Desktop/new_perception/new_eufs_ws/install/cone_msgs LD_LIBRARY_PATH=/home/alr/Desktop/new_perception/new_eufs_ws/install/eufs_msgs/lib:/opt/opencv-4.12/lib:/home/alr/Desktop/new_perception/new_eufs_ws/install/eufs_plugins/lib:/home/alr/Desktop/new_perception/new_eufs_ws/install/image_geometry/lib:/home/alr/Desktop/new_perception/new_eufs_ws/install/eufs_models/lib:/home/alr/Desktop/new_perception/new_eufs_ws/install/cv_bridge/lib:/home/alr/Desktop/new_perception/new_eufs_ws/install/cone_msgs/lib:/usr/lib/x86_64-linux-gnu/gazebo-11/plugins:/opt/ros/humble/opt/rviz_ogre_vendor/lib:/opt/ros/humble/lib/x86_64-linux-gnu:/opt/ros/humble/lib:/usr/local/cuda-12.9/lib64 PYTHONPATH=/home/alr/Desktop/new_perception/new_eufs_ws/build/fsd_planner/prefix_override:/usr/lib/python3/dist-packages/colcon_core/task/python/colcon_distutils_commands:/home/alr/Desktop/new_perception/new_eufs_ws/install/fsd_planner/lib/python3.10/site-packages:${PYTHONPATH} /usr/bin/python3 -W ignore:setup.py install is deprecated -W ignore:easy_install command is deprecated setup.py develop --editable --build-directory /home/alr/Desktop/new_perception/new_eufs_ws/build/fsd_planner/build --no-deps symlink_data
[0.760s] running develop
[0.872s] running egg_info
[0.872s] creating fsd_planner.egg-info
[0.873s] writing fsd_planner.egg-info/PKG-INFO
[0.873s] writing dependency_links to fsd_planner.egg-info/dependency_links.txt
[0.873s] writing entry points to fsd_planner.egg-info/entry_points.txt
[0.873s] writing requirements to fsd_planner.egg-info/requires.txt
[0.873s] writing top-level names to fsd_planner.egg-info/top_level.txt
[0.873s] writing manifest file 'fsd_planner.egg-info/SOURCES.txt'
[0.874s] reading manifest file 'fsd_planner.egg-info/SOURCES.txt'
[0.874s] writing manifest file 'fsd_planner.egg-info/SOURCES.txt'
[0.905s] running build_ext
[0.905s] Creating /home/alr/Desktop/new_perception/new_eufs_ws/install/fsd_planner/lib/python3.10/site-packages/fsd-planner.egg-link (link to .)
[0.906s] Installing planner_node script to /home/alr/Desktop/new_perception/new_eufs_ws/install/fsd_planner/lib/fsd_planner
[0.907s] 
[0.907s] Installed /home/alr/Desktop/new_perception/new_eufs_ws/build/fsd_planner
[0.907s] running symlink_data
[0.907s] creating /home/alr/Desktop/new_perception/new_eufs_ws/install/fsd_planner/share/ament_index
[0.907s] creating /home/alr/Desktop/new_perception/new_eufs_ws/install/fsd_planner/share/ament_index/resource_index
[0.907s] creating /home/alr/Desktop/new_perception/new_eufs_ws/install/fsd_planner/share/ament_index/resource_index/packages
[0.907s] symbolically linking /home/alr/Desktop/new_perception/new_eufs_ws/build/fsd_planner/resource/fsd_planner -> /home/alr/Desktop/new_perception/new_eufs_ws/install/fsd_planner/share/ament_index/resource_index/packages
[0.907s] symbolically linking /home/alr/Desktop/new_perception/new_eufs_ws/build/fsd_planner/package.xml -> /home/alr/Desktop/new_perception/new_eufs_ws/install/fsd_planner/share/fsd_planner
[0.907s] creating /home/alr/Desktop/new_perception/new_eufs_ws/install/fsd_planner/share/fsd_planner/launch
[0.931s] Invoked command in '/home/alr/Desktop/new_perception/new_eufs_ws/build/fsd_planner' returned '0': CMAKE_PREFIX_PATH=/home/alr/Desktop/new_perception/new_eufs_ws/install/eufs_msgs:/home/alr/Desktop/new_perception/new_eufs_ws/install/vision_opencv:/home/alr/Desktop/new_perception/new_eufs_ws/install/perception_pkg:/home/alr/Desktop/new_perception/new_eufs_ws/install/my_state_estimator:/home/alr/Desktop/new_perception/new_eufs_ws/install/my_slam_pkg:/home/alr/Desktop/new_perception/new_eufs_ws/install/my_controller_pkg:/home/alr/Desktop/new_perception/new_eufs_ws/install/eufs_plugins:/home/alr/Desktop/new_perception/new_eufs_ws/install/image_geometry:/home/alr/Desktop/new_perception/new_eufs_ws/install/eufs_sensors:/home/alr/Desktop/new_perception/new_eufs_ws/install/eufs_models:/home/alr/Desktop/new_perception/new_eufs_ws/install/cv_bridge:/home/alr/Desktop/new_perception/new_eufs_ws/install/cone_msgs LD_LIBRARY_PATH=/home/alr/Desktop/new_perception/new_eufs_ws/install/eufs_msgs/lib:/opt/opencv-4.12/lib:/home/alr/Desktop/new_perception/new_eufs_ws/install/eufs_plugins/lib:/home/alr/Desktop/new_perception/new_eufs_ws/install/image_geometry/lib:/home/alr/Desktop/new_perception/new_eufs_ws/install/eufs_models/lib:/home/alr/Desktop/new_perception/new_eufs_ws/install/cv_bridge/lib:/home/alr/Desktop/new_perception/new_eufs_ws/install/cone_msgs/lib:/usr/lib/x86_64-linux-gnu/gazebo-11/plugins:/opt/ros/humble/opt/rviz_ogre_vendor/lib:/opt/ros/humble/lib/x86_64-linux-gnu:/opt/ros/humble/lib:/usr/local/cuda-12.9/lib64 PYTHONPATH=/home/alr/Desktop/new_perception/new_eufs_ws/build/fsd_planner/prefix_override:/usr/lib/python3/dist-packages/colcon_core/task/python/colcon_distutils_commands:/home/alr/Desktop/new_perception/new_eufs_ws/install/fsd_planner/lib/python3.10/site-packages:${PYTHONPATH} /usr/bin/python3 -W ignore:setup.py install is deprecated -W ignore:easy_install command is deprecated setup.py develop --editable --build-directory /home/alr/Desktop/new_perception/new_eufs_ws/build/fsd_planner/build --no-deps symlink_data
