[0.012s] Invoking command in '/home/alr/Desktop/new_perception/new_eufs_ws/build/cone_msgs': CMAKE_PREFIX_PATH=${CMAKE_PREFIX_PATH}:/home/alr/Desktop/new_perception/new_eufs_ws/install/opencv_tests:/home/alr/Desktop/new_perception/new_eufs_ws/install/fsd_planner:/home/alr/Desktop/new_perception/new_eufs_ws/install/eufs_launcher:/home/alr/Desktop/new_perception/new_eufs_ws/install/eufs_tracks:/home/alr/Desktop/new_perception/new_eufs_ws/install/eufs_rqt:/home/alr/Desktop/new_perception/new_eufs_ws/install/eufs_racecar:/opt/ros/humble /usr/bin/cmake /home/alr/Desktop/new_perception/new_eufs_ws/src/cone_msgs -DAMENT_CMAKE_SYMLINK_INSTALL=1 -DCMAKE_INSTALL_PREFIX=/home/alr/Desktop/new_perception/new_eufs_ws/install/cone_msgs
[0.342s] -- The C compiler identification is GNU 11.4.0
[0.342s] -- The CXX compiler identification is GNU 11.4.0
[0.342s] -- Detecting C compiler ABI info
[0.342s] -- Detecting C compiler ABI info - done
[0.342s] -- Check for working C compiler: /usr/bin/cc - skipped
[0.342s] -- Detecting C compile features
[0.342s] -- Detecting C compile features - done
[0.342s] -- Detecting CXX compiler ABI info
[0.342s] -- Detecting CXX compiler ABI info - done
[0.342s] -- Check for working CXX compiler: /usr/bin/c++ - skipped
[0.342s] -- Detecting CXX compile features
[0.342s] -- Detecting CXX compile features - done
[0.342s] -- Found ament_cmake: 1.3.14 (/opt/ros/humble/share/ament_cmake/cmake)
[0.639s] -- Found Python3: /usr/bin/python3 (found version "3.10.12") found components: Interpreter 
[0.690s] -- Override CMake install command with custom implementation using symlinks instead of copying resources
[0.704s] -- Found rosidl_default_generators: 1.2.1 (/opt/ros/humble/share/rosidl_default_generators/cmake)
[0.706s] -- Using all available rosidl_typesupport_c: rosidl_typesupport_fastrtps_c;rosidl_typesupport_introspection_c
[0.710s] -- Found rosidl_adapter: 3.1.8 (/opt/ros/humble/share/rosidl_adapter/cmake)
[0.735s] -- Using all available rosidl_typesupport_cpp: rosidl_typesupport_fastrtps_cpp;rosidl_typesupport_introspection_cpp
[0.759s] -- Found ament_lint_auto: 0.12.15 (/opt/ros/humble/share/ament_lint_auto/cmake)
[1.046s] -- Found ament_cmake_ros: 0.10.0 (/opt/ros/humble/share/ament_cmake_ros/cmake)
[1.195s] -- Using all available rosidl_typesupport_c: rosidl_typesupport_fastrtps_c;rosidl_typesupport_introspection_c
[1.452s] -- Using all available rosidl_typesupport_cpp: rosidl_typesupport_fastrtps_cpp;rosidl_typesupport_introspection_cpp
[1.483s] -- Found PythonInterp: /usr/bin/python3 (found suitable version "3.10.12", minimum required is "3.6") 
[1.490s] -- Found python_cmake_module: 0.10.0 (/opt/ros/humble/share/python_cmake_module/cmake)
[1.562s] -- Found PythonLibs: /usr/lib/x86_64-linux-gnu/libpython3.10.so (found suitable version "3.10.12", minimum required is "3.5") 
[1.562s] -- Using PYTHON_EXECUTABLE: /usr/bin/python3
[1.562s] -- Using PYTHON_INCLUDE_DIRS: /usr/include/python3.10
[1.562s] -- Using PYTHON_LIBRARIES: /usr/lib/x86_64-linux-gnu/libpython3.10.so
[1.579s] -- Found PythonExtra: .so  
[1.659s] -- Added test 'lint_cmake' to check CMake code style
[1.659s] -- Added test 'xmllint' to check XML markup files
[1.664s] -- Configuring done
[1.682s] -- Generating done
[1.688s] -- Build files have been written to: /home/alr/Desktop/new_perception/new_eufs_ws/build/cone_msgs
[1.693s] Invoked command in '/home/alr/Desktop/new_perception/new_eufs_ws/build/cone_msgs' returned '0': CMAKE_PREFIX_PATH=${CMAKE_PREFIX_PATH}:/home/alr/Desktop/new_perception/new_eufs_ws/install/opencv_tests:/home/alr/Desktop/new_perception/new_eufs_ws/install/fsd_planner:/home/alr/Desktop/new_perception/new_eufs_ws/install/eufs_launcher:/home/alr/Desktop/new_perception/new_eufs_ws/install/eufs_tracks:/home/alr/Desktop/new_perception/new_eufs_ws/install/eufs_rqt:/home/alr/Desktop/new_perception/new_eufs_ws/install/eufs_racecar:/opt/ros/humble /usr/bin/cmake /home/alr/Desktop/new_perception/new_eufs_ws/src/cone_msgs -DAMENT_CMAKE_SYMLINK_INSTALL=1 -DCMAKE_INSTALL_PREFIX=/home/alr/Desktop/new_perception/new_eufs_ws/install/cone_msgs
[1.694s] Invoking command in '/home/alr/Desktop/new_perception/new_eufs_ws/build/cone_msgs': CMAKE_PREFIX_PATH=${CMAKE_PREFIX_PATH}:/home/alr/Desktop/new_perception/new_eufs_ws/install/opencv_tests:/home/alr/Desktop/new_perception/new_eufs_ws/install/fsd_planner:/home/alr/Desktop/new_perception/new_eufs_ws/install/eufs_launcher:/home/alr/Desktop/new_perception/new_eufs_ws/install/eufs_tracks:/home/alr/Desktop/new_perception/new_eufs_ws/install/eufs_rqt:/home/alr/Desktop/new_perception/new_eufs_ws/install/eufs_racecar:/opt/ros/humble /usr/bin/cmake --build /home/alr/Desktop/new_perception/new_eufs_ws/build/cone_msgs -- -j20 -l20
[1.730s] [  2%] [34m[1mGenerating C code for ROS interfaces[0m
[1.739s] [  5%] [34m[1mGenerating C++ code for ROS interfaces[0m
[1.740s] [  7%] [34m[1mGenerating Rust code for ROS interfaces[0m
[1.743s] [  7%] Built target ament_cmake_python_symlink_cone_msgs
[1.950s] [ 10%] [32mBuilding C object CMakeFiles/cone_msgs__rosidl_generator_c.dir/rosidl_generator_c/cone_msgs/msg/detail/cone__functions.c.o[0m
[1.952s] [ 12%] [32mBuilding C object CMakeFiles/cone_msgs__rosidl_generator_c.dir/rosidl_generator_c/cone_msgs/msg/detail/cone_array__functions.c.o[0m
[1.967s] [ 12%] Built target cone_msgs__rs
[1.985s] [ 15%] [32m[1mLinking C shared library libcone_msgs__rosidl_generator_c.so[0m
[1.995s] running egg_info
[1.995s] creating cone_msgs.egg-info
[1.996s] writing cone_msgs.egg-info/PKG-INFO
[1.996s] writing dependency_links to cone_msgs.egg-info/dependency_links.txt
[1.996s] writing top-level names to cone_msgs.egg-info/top_level.txt
[1.996s] writing manifest file 'cone_msgs.egg-info/SOURCES.txt'
[1.998s] reading manifest file 'cone_msgs.egg-info/SOURCES.txt'
[1.998s] writing manifest file 'cone_msgs.egg-info/SOURCES.txt'
[2.015s] [ 15%] Built target cone_msgs__rosidl_generator_c
[2.023s] [ 17%] [34m[1mGenerating C type support for eProsima Fast-RTPS[0m
[2.026s] [ 20%] [34m[1mGenerating C type support dispatch for ROS interfaces[0m
[2.026s] [ 22%] [34m[1mGenerating C introspection for ROS interfaces[0m
[2.031s] [ 22%] Built target ament_cmake_python_build_cone_msgs_egg
[2.061s] [ 22%] Built target cone_msgs__cpp
[2.069s] [ 25%] [34m[1mGenerating C++ type support dispatch for ROS interfaces[0m
[2.073s] [ 30%] [34m[1mGenerating C++ introspection for ROS interfaces[0m
[2.073s] [ 30%] [34m[1mGenerating C++ type support for eProsima Fast-RTPS[0m
[2.222s] [ 32%] [32mBuilding CXX object CMakeFiles/cone_msgs__rosidl_typesupport_c.dir/rosidl_typesupport_c/cone_msgs/msg/cone__type_support.cpp.o[0m
[2.222s] [ 35%] [32mBuilding CXX object CMakeFiles/cone_msgs__rosidl_typesupport_c.dir/rosidl_typesupport_c/cone_msgs/msg/cone_array__type_support.cpp.o[0m
[2.223s] [ 37%] [32mBuilding CXX object CMakeFiles/cone_msgs__rosidl_typesupport_fastrtps_c.dir/rosidl_typesupport_fastrtps_c/cone_msgs/msg/detail/cone__type_support_c.cpp.o[0m
[2.225s] [ 40%] [32mBuilding CXX object CMakeFiles/cone_msgs__rosidl_typesupport_fastrtps_c.dir/rosidl_typesupport_fastrtps_c/cone_msgs/msg/detail/cone_array__type_support_c.cpp.o[0m
[2.251s] [ 42%] [32m[1mLinking CXX shared library libcone_msgs__rosidl_typesupport_c.so[0m
[2.270s] [ 45%] [32mBuilding CXX object CMakeFiles/cone_msgs__rosidl_typesupport_cpp.dir/rosidl_typesupport_cpp/cone_msgs/msg/cone__type_support.cpp.o[0m
[2.273s] [ 47%] [32mBuilding CXX object CMakeFiles/cone_msgs__rosidl_typesupport_cpp.dir/rosidl_typesupport_cpp/cone_msgs/msg/cone_array__type_support.cpp.o[0m
[2.285s] [ 50%] [32mBuilding CXX object CMakeFiles/cone_msgs__rosidl_typesupport_introspection_cpp.dir/rosidl_typesupport_introspection_cpp/cone_msgs/msg/detail/cone_array__type_support.cpp.o[0m
[2.285s] [ 52%] [32mBuilding CXX object CMakeFiles/cone_msgs__rosidl_typesupport_introspection_cpp.dir/rosidl_typesupport_introspection_cpp/cone_msgs/msg/detail/cone__type_support.cpp.o[0m
[2.287s] [ 52%] Built target cone_msgs__rosidl_typesupport_c
[2.325s] [ 55%] [32mBuilding CXX object CMakeFiles/cone_msgs__rosidl_typesupport_fastrtps_cpp.dir/rosidl_typesupport_fastrtps_cpp/cone_msgs/msg/detail/dds_fastrtps/cone__type_support.cpp.o[0m
[2.326s] [ 57%] [32mBuilding CXX object CMakeFiles/cone_msgs__rosidl_typesupport_fastrtps_cpp.dir/rosidl_typesupport_fastrtps_cpp/cone_msgs/msg/detail/dds_fastrtps/cone_array__type_support.cpp.o[0m
[2.361s] [ 62%] [32mBuilding C object CMakeFiles/cone_msgs__rosidl_typesupport_introspection_c.dir/rosidl_typesupport_introspection_c/cone_msgs/msg/detail/cone_array__type_support.c.o[0m
[2.361s] [ 62%] [32mBuilding C object CMakeFiles/cone_msgs__rosidl_typesupport_introspection_c.dir/rosidl_typesupport_introspection_c/cone_msgs/msg/detail/cone__type_support.c.o[0m
[2.399s] [ 65%] [32m[1mLinking C shared library libcone_msgs__rosidl_typesupport_introspection_c.so[0m
[2.421s] [ 65%] Built target cone_msgs__rosidl_typesupport_introspection_c
[2.469s] [ 67%] [32m[1mLinking CXX shared library libcone_msgs__rosidl_typesupport_fastrtps_c.so[0m
[2.524s] [ 67%] Built target cone_msgs__rosidl_typesupport_fastrtps_c
[2.531s] [ 70%] [32m[1mLinking CXX shared library libcone_msgs__rosidl_typesupport_cpp.so[0m
[2.561s] [ 70%] Built target cone_msgs__rosidl_typesupport_cpp
[2.665s] [ 72%] [32m[1mLinking CXX shared library libcone_msgs__rosidl_typesupport_introspection_cpp.so[0m
[2.703s] [ 75%] [32m[1mLinking CXX shared library libcone_msgs__rosidl_typesupport_fastrtps_cpp.so[0m
[2.744s] [ 75%] Built target cone_msgs__rosidl_typesupport_introspection_cpp
[2.762s] [ 75%] Built target cone_msgs__rosidl_typesupport_fastrtps_cpp
[2.780s] [ 75%] Built target cone_msgs
[2.797s] [ 77%] [34m[1mGenerating Python code for ROS interfaces[0m
[3.045s] [ 77%] Built target cone_msgs__py
[3.066s] [ 82%] [32mBuilding C object CMakeFiles/cone_msgs__rosidl_generator_py.dir/rosidl_generator_py/cone_msgs/msg/_cone_s.c.o[0m
[3.067s] [ 82%] [32mBuilding C object CMakeFiles/cone_msgs__rosidl_generator_py.dir/rosidl_generator_py/cone_msgs/msg/_cone_array_s.c.o[0m
[3.157s] [ 85%] [32m[1mLinking C shared library rosidl_generator_py/cone_msgs/libcone_msgs__rosidl_generator_py.so[0m
[3.193s] [ 85%] Built target cone_msgs__rosidl_generator_py
[3.209s] [ 87%] [32mBuilding C object CMakeFiles/cone_msgs__rosidl_typesupport_c__pyext.dir/rosidl_generator_py/cone_msgs/_cone_msgs_s.ep.rosidl_typesupport_c.c.o[0m
[3.211s] [ 90%] [32mBuilding C object CMakeFiles/cone_msgs__rosidl_typesupport_fastrtps_c__pyext.dir/rosidl_generator_py/cone_msgs/_cone_msgs_s.ep.rosidl_typesupport_fastrtps_c.c.o[0m
[3.212s] [ 92%] [32mBuilding C object CMakeFiles/cone_msgs__rosidl_typesupport_introspection_c__pyext.dir/rosidl_generator_py/cone_msgs/_cone_msgs_s.ep.rosidl_typesupport_introspection_c.c.o[0m
[3.273s] [ 95%] [32m[1mLinking C shared library rosidl_generator_py/cone_msgs/cone_msgs_s__rosidl_typesupport_c.cpython-310-x86_64-linux-gnu.so[0m
[3.306s] [ 97%] [32m[1mLinking C shared library rosidl_generator_py/cone_msgs/cone_msgs_s__rosidl_typesupport_introspection_c.cpython-310-x86_64-linux-gnu.so[0m
[3.308s] [100%] [32m[1mLinking C shared library rosidl_generator_py/cone_msgs/cone_msgs_s__rosidl_typesupport_fastrtps_c.cpython-310-x86_64-linux-gnu.so[0m
[3.308s] [100%] Built target cone_msgs__rosidl_typesupport_c__pyext
[3.336s] [100%] Built target cone_msgs__rosidl_typesupport_introspection_c__pyext
[3.337s] [100%] Built target cone_msgs__rosidl_typesupport_fastrtps_c__pyext
[3.349s] Invoked command in '/home/alr/Desktop/new_perception/new_eufs_ws/build/cone_msgs' returned '0': CMAKE_PREFIX_PATH=${CMAKE_PREFIX_PATH}:/home/alr/Desktop/new_perception/new_eufs_ws/install/opencv_tests:/home/alr/Desktop/new_perception/new_eufs_ws/install/fsd_planner:/home/alr/Desktop/new_perception/new_eufs_ws/install/eufs_launcher:/home/alr/Desktop/new_perception/new_eufs_ws/install/eufs_tracks:/home/alr/Desktop/new_perception/new_eufs_ws/install/eufs_rqt:/home/alr/Desktop/new_perception/new_eufs_ws/install/eufs_racecar:/opt/ros/humble /usr/bin/cmake --build /home/alr/Desktop/new_perception/new_eufs_ws/build/cone_msgs -- -j20 -l20
[3.350s] Invoking command in '/home/alr/Desktop/new_perception/new_eufs_ws/build/cone_msgs': CMAKE_PREFIX_PATH=${CMAKE_PREFIX_PATH}:/home/alr/Desktop/new_perception/new_eufs_ws/install/opencv_tests:/home/alr/Desktop/new_perception/new_eufs_ws/install/fsd_planner:/home/alr/Desktop/new_perception/new_eufs_ws/install/eufs_launcher:/home/alr/Desktop/new_perception/new_eufs_ws/install/eufs_tracks:/home/alr/Desktop/new_perception/new_eufs_ws/install/eufs_rqt:/home/alr/Desktop/new_perception/new_eufs_ws/install/eufs_racecar:/opt/ros/humble /usr/bin/cmake --install /home/alr/Desktop/new_perception/new_eufs_ws/build/cone_msgs
[3.356s] -- Install configuration: ""
[3.356s] -- Execute custom install script
[3.357s] -- Symlinking: /home/alr/Desktop/new_perception/new_eufs_ws/install/cone_msgs/share/ament_index/resource_index/rosidl_interfaces/cone_msgs
[3.367s] -- Symlinking: /home/alr/Desktop/new_perception/new_eufs_ws/install/cone_msgs/include/cone_msgs/cone_msgs/msg/cone.h
[3.373s] -- Symlinking: /home/alr/Desktop/new_perception/new_eufs_ws/install/cone_msgs/include/cone_msgs/cone_msgs/msg/cone_array.h
[3.383s] -- Symlinking: /home/alr/Desktop/new_perception/new_eufs_ws/install/cone_msgs/include/cone_msgs/cone_msgs/msg/detail/cone__functions.h
[3.393s] -- Symlinking: /home/alr/Desktop/new_perception/new_eufs_ws/install/cone_msgs/include/cone_msgs/cone_msgs/msg/detail/cone__struct.h
[3.399s] -- Symlinking: /home/alr/Desktop/new_perception/new_eufs_ws/install/cone_msgs/include/cone_msgs/cone_msgs/msg/detail/cone__type_support.h
[3.409s] -- Symlinking: /home/alr/Desktop/new_perception/new_eufs_ws/install/cone_msgs/include/cone_msgs/cone_msgs/msg/detail/cone_array__functions.h
[3.419s] -- Symlinking: /home/alr/Desktop/new_perception/new_eufs_ws/install/cone_msgs/include/cone_msgs/cone_msgs/msg/detail/cone_array__struct.h
[3.429s] -- Symlinking: /home/alr/Desktop/new_perception/new_eufs_ws/install/cone_msgs/include/cone_msgs/cone_msgs/msg/detail/cone_array__type_support.h
[3.436s] -- Symlinking: /home/alr/Desktop/new_perception/new_eufs_ws/install/cone_msgs/include/cone_msgs/cone_msgs/msg/rosidl_generator_c__visibility_control.h
[3.443s] -- Symlinking: /home/alr/Desktop/new_perception/new_eufs_ws/install/cone_msgs/share/cone_msgs/environment/library_path.sh
[3.450s] -- Symlinking: /home/alr/Desktop/new_perception/new_eufs_ws/install/cone_msgs/share/cone_msgs/environment/library_path.dsv
[3.457s] -- Symlinking: /home/alr/Desktop/new_perception/new_eufs_ws/install/cone_msgs/include/cone_msgs/cone_msgs/msg/detail/cone__rosidl_typesupport_fastrtps_c.h
[3.468s] -- Symlinking: /home/alr/Desktop/new_perception/new_eufs_ws/install/cone_msgs/include/cone_msgs/cone_msgs/msg/detail/cone_array__rosidl_typesupport_fastrtps_c.h
[3.478s] -- Symlinking: /home/alr/Desktop/new_perception/new_eufs_ws/install/cone_msgs/include/cone_msgs/cone_msgs/msg/rosidl_typesupport_fastrtps_c__visibility_control.h
[3.489s] -- Symlinking: /home/alr/Desktop/new_perception/new_eufs_ws/install/cone_msgs/include/cone_msgs/cone_msgs/msg/detail/cone__rosidl_typesupport_introspection_c.h
[3.500s] -- Symlinking: /home/alr/Desktop/new_perception/new_eufs_ws/install/cone_msgs/include/cone_msgs/cone_msgs/msg/detail/cone_array__rosidl_typesupport_introspection_c.h
[3.510s] -- Symlinking: /home/alr/Desktop/new_perception/new_eufs_ws/install/cone_msgs/include/cone_msgs/cone_msgs/msg/rosidl_typesupport_introspection_c__visibility_control.h
[3.521s] -- Symlinking: /home/alr/Desktop/new_perception/new_eufs_ws/install/cone_msgs/include/cone_msgs/cone_msgs/msg/cone.hpp
[3.532s] -- Symlinking: /home/alr/Desktop/new_perception/new_eufs_ws/install/cone_msgs/include/cone_msgs/cone_msgs/msg/cone_array.hpp
[3.542s] -- Symlinking: /home/alr/Desktop/new_perception/new_eufs_ws/install/cone_msgs/include/cone_msgs/cone_msgs/msg/detail/cone__builder.hpp
[3.551s] -- Symlinking: /home/alr/Desktop/new_perception/new_eufs_ws/install/cone_msgs/include/cone_msgs/cone_msgs/msg/detail/cone__struct.hpp
[3.557s] -- Symlinking: /home/alr/Desktop/new_perception/new_eufs_ws/install/cone_msgs/include/cone_msgs/cone_msgs/msg/detail/cone__traits.hpp
[3.563s] -- Symlinking: /home/alr/Desktop/new_perception/new_eufs_ws/install/cone_msgs/include/cone_msgs/cone_msgs/msg/detail/cone__type_support.hpp
[3.570s] -- Symlinking: /home/alr/Desktop/new_perception/new_eufs_ws/install/cone_msgs/include/cone_msgs/cone_msgs/msg/detail/cone_array__builder.hpp
[3.577s] -- Symlinking: /home/alr/Desktop/new_perception/new_eufs_ws/install/cone_msgs/include/cone_msgs/cone_msgs/msg/detail/cone_array__struct.hpp
[3.583s] -- Symlinking: /home/alr/Desktop/new_perception/new_eufs_ws/install/cone_msgs/include/cone_msgs/cone_msgs/msg/detail/cone_array__traits.hpp
[3.592s] -- Symlinking: /home/alr/Desktop/new_perception/new_eufs_ws/install/cone_msgs/include/cone_msgs/cone_msgs/msg/detail/cone_array__type_support.hpp
[3.598s] -- Symlinking: /home/alr/Desktop/new_perception/new_eufs_ws/install/cone_msgs/include/cone_msgs/cone_msgs/msg/rosidl_generator_cpp__visibility_control.hpp
[3.605s] -- Symlinking: /home/alr/Desktop/new_perception/new_eufs_ws/install/cone_msgs/include/cone_msgs/cone_msgs/msg/detail/cone__rosidl_typesupport_fastrtps_cpp.hpp
[3.613s] -- Symlinking: /home/alr/Desktop/new_perception/new_eufs_ws/install/cone_msgs/include/cone_msgs/cone_msgs/msg/detail/cone_array__rosidl_typesupport_fastrtps_cpp.hpp
[3.623s] -- Symlinking: /home/alr/Desktop/new_perception/new_eufs_ws/install/cone_msgs/include/cone_msgs/cone_msgs/msg/rosidl_typesupport_fastrtps_cpp__visibility_control.h
[3.630s] -- Symlinking: /home/alr/Desktop/new_perception/new_eufs_ws/install/cone_msgs/include/cone_msgs/cone_msgs/msg/detail/cone__rosidl_typesupport_introspection_cpp.hpp
[3.640s] -- Symlinking: /home/alr/Desktop/new_perception/new_eufs_ws/install/cone_msgs/include/cone_msgs/cone_msgs/msg/detail/cone_array__rosidl_typesupport_introspection_cpp.hpp
[3.647s] -- Symlinking: /home/alr/Desktop/new_perception/new_eufs_ws/install/cone_msgs/share/cone_msgs/environment/pythonpath.sh
[3.654s] -- Symlinking: /home/alr/Desktop/new_perception/new_eufs_ws/install/cone_msgs/share/cone_msgs/environment/pythonpath.dsv
[3.661s] -- Symlinking: /home/alr/Desktop/new_perception/new_eufs_ws/install/cone_msgs/local/lib/python3.10/dist-packages/cone_msgs-0.0.0-py3.10.egg-info/PKG-INFO
[3.667s] -- Symlinking: /home/alr/Desktop/new_perception/new_eufs_ws/install/cone_msgs/local/lib/python3.10/dist-packages/cone_msgs-0.0.0-py3.10.egg-info/SOURCES.txt
[3.674s] -- Symlinking: /home/alr/Desktop/new_perception/new_eufs_ws/install/cone_msgs/local/lib/python3.10/dist-packages/cone_msgs-0.0.0-py3.10.egg-info/dependency_links.txt
[3.681s] -- Symlinking: /home/alr/Desktop/new_perception/new_eufs_ws/install/cone_msgs/local/lib/python3.10/dist-packages/cone_msgs-0.0.0-py3.10.egg-info/top_level.txt
[3.692s] -- Symlinking: /home/alr/Desktop/new_perception/new_eufs_ws/install/cone_msgs/local/lib/python3.10/dist-packages/cone_msgs/__init__.py
[3.699s] -- Symlinking: /home/alr/Desktop/new_perception/new_eufs_ws/install/cone_msgs/local/lib/python3.10/dist-packages/cone_msgs/_cone_msgs_s.ep.rosidl_typesupport_c.c
[3.706s] -- Symlinking: /home/alr/Desktop/new_perception/new_eufs_ws/install/cone_msgs/local/lib/python3.10/dist-packages/cone_msgs/_cone_msgs_s.ep.rosidl_typesupport_fastrtps_c.c
[3.716s] -- Symlinking: /home/alr/Desktop/new_perception/new_eufs_ws/install/cone_msgs/local/lib/python3.10/dist-packages/cone_msgs/_cone_msgs_s.ep.rosidl_typesupport_introspection_c.c
[3.725s] -- Symlinking: /home/alr/Desktop/new_perception/new_eufs_ws/install/cone_msgs/local/lib/python3.10/dist-packages/cone_msgs/cone_msgs_s__rosidl_typesupport_c.cpython-310-x86_64-linux-gnu.so
[3.735s] -- Symlinking: /home/alr/Desktop/new_perception/new_eufs_ws/install/cone_msgs/local/lib/python3.10/dist-packages/cone_msgs/cone_msgs_s__rosidl_typesupport_fastrtps_c.cpython-310-x86_64-linux-gnu.so
[3.745s] -- Symlinking: /home/alr/Desktop/new_perception/new_eufs_ws/install/cone_msgs/local/lib/python3.10/dist-packages/cone_msgs/cone_msgs_s__rosidl_typesupport_introspection_c.cpython-310-x86_64-linux-gnu.so
[3.755s] -- Symlinking: /home/alr/Desktop/new_perception/new_eufs_ws/install/cone_msgs/local/lib/python3.10/dist-packages/cone_msgs/libcone_msgs__rosidl_generator_py.so
[3.764s] -- Symlinking: /home/alr/Desktop/new_perception/new_eufs_ws/install/cone_msgs/local/lib/python3.10/dist-packages/cone_msgs/msg/__init__.py
[3.771s] -- Symlinking: /home/alr/Desktop/new_perception/new_eufs_ws/install/cone_msgs/local/lib/python3.10/dist-packages/cone_msgs/msg/_cone.py
[3.781s] -- Symlinking: /home/alr/Desktop/new_perception/new_eufs_ws/install/cone_msgs/local/lib/python3.10/dist-packages/cone_msgs/msg/_cone_array.py
[3.789s] -- Symlinking: /home/alr/Desktop/new_perception/new_eufs_ws/install/cone_msgs/local/lib/python3.10/dist-packages/cone_msgs/msg/_cone_array_s.c
[3.795s] -- Symlinking: /home/alr/Desktop/new_perception/new_eufs_ws/install/cone_msgs/local/lib/python3.10/dist-packages/cone_msgs/msg/_cone_s.c
[3.805s] -- Up-to-date symlink: /home/alr/Desktop/new_perception/new_eufs_ws/install/cone_msgs/local/lib/python3.10/dist-packages/cone_msgs/cone_msgs_s__rosidl_typesupport_fastrtps_c.cpython-310-x86_64-linux-gnu.so
[3.805s] -- Up-to-date symlink: /home/alr/Desktop/new_perception/new_eufs_ws/install/cone_msgs/local/lib/python3.10/dist-packages/cone_msgs/cone_msgs_s__rosidl_typesupport_introspection_c.cpython-310-x86_64-linux-gnu.so
[3.805s] -- Up-to-date symlink: /home/alr/Desktop/new_perception/new_eufs_ws/install/cone_msgs/local/lib/python3.10/dist-packages/cone_msgs/cone_msgs_s__rosidl_typesupport_c.cpython-310-x86_64-linux-gnu.so
[3.805s] -- Symlinking: /home/alr/Desktop/new_perception/new_eufs_ws/install/cone_msgs/share/ament_index/resource_index/rust_packages/cone_msgs
[3.815s] -- Symlinking: /home/alr/Desktop/new_perception/new_eufs_ws/install/cone_msgs/share/cone_msgs/rust/Cargo.toml
[3.825s] -- Symlinking: /home/alr/Desktop/new_perception/new_eufs_ws/install/cone_msgs/share/cone_msgs/rust/build.rs
[3.832s] -- Symlinking: /home/alr/Desktop/new_perception/new_eufs_ws/install/cone_msgs/share/cone_msgs/rust/src/lib.rs
[3.842s] -- Symlinking: /home/alr/Desktop/new_perception/new_eufs_ws/install/cone_msgs/share/cone_msgs/rust/src/msg.rs
[3.850s] -- Symlinking: /home/alr/Desktop/new_perception/new_eufs_ws/install/cone_msgs/share/cone_msgs/rust/src/msg/rmw.rs
[3.860s] -- Symlinking: /home/alr/Desktop/new_perception/new_eufs_ws/install/cone_msgs/share/cone_msgs/msg/Cone.idl
[3.869s] -- Symlinking: /home/alr/Desktop/new_perception/new_eufs_ws/install/cone_msgs/share/cone_msgs/msg/ConeArray.idl
[3.878s] -- Symlinking: /home/alr/Desktop/new_perception/new_eufs_ws/install/cone_msgs/share/cone_msgs/msg/Cone.msg
[3.888s] -- Symlinking: /home/alr/Desktop/new_perception/new_eufs_ws/install/cone_msgs/share/cone_msgs/msg/ConeArray.msg
[3.897s] -- Symlinking: /home/alr/Desktop/new_perception/new_eufs_ws/install/cone_msgs/share/ament_index/resource_index/package_run_dependencies/cone_msgs
[3.907s] -- Symlinking: /home/alr/Desktop/new_perception/new_eufs_ws/install/cone_msgs/share/ament_index/resource_index/parent_prefix_path/cone_msgs
[3.916s] -- Symlinking: /home/alr/Desktop/new_perception/new_eufs_ws/install/cone_msgs/share/cone_msgs/environment/ament_prefix_path.sh
[3.926s] -- Symlinking: /home/alr/Desktop/new_perception/new_eufs_ws/install/cone_msgs/share/cone_msgs/environment/ament_prefix_path.dsv
[3.936s] -- Symlinking: /home/alr/Desktop/new_perception/new_eufs_ws/install/cone_msgs/share/cone_msgs/environment/path.sh
[3.945s] -- Symlinking: /home/alr/Desktop/new_perception/new_eufs_ws/install/cone_msgs/share/cone_msgs/environment/path.dsv
[3.955s] -- Symlinking: /home/alr/Desktop/new_perception/new_eufs_ws/install/cone_msgs/share/cone_msgs/local_setup.bash
[3.965s] -- Symlinking: /home/alr/Desktop/new_perception/new_eufs_ws/install/cone_msgs/share/cone_msgs/local_setup.sh
[3.974s] -- Symlinking: /home/alr/Desktop/new_perception/new_eufs_ws/install/cone_msgs/share/cone_msgs/local_setup.zsh
[3.984s] -- Symlinking: /home/alr/Desktop/new_perception/new_eufs_ws/install/cone_msgs/share/cone_msgs/local_setup.dsv
[3.994s] -- Symlinking: /home/alr/Desktop/new_perception/new_eufs_ws/install/cone_msgs/share/cone_msgs/package.dsv
[4.004s] -- Symlinking: /home/alr/Desktop/new_perception/new_eufs_ws/install/cone_msgs/share/ament_index/resource_index/packages/cone_msgs
[4.014s] -- Symlinking: /home/alr/Desktop/new_perception/new_eufs_ws/install/cone_msgs/share/cone_msgs/cmake/rosidl_cmake-extras.cmake
[4.024s] -- Symlinking: /home/alr/Desktop/new_perception/new_eufs_ws/install/cone_msgs/share/cone_msgs/cmake/ament_cmake_export_include_directories-extras.cmake
[4.034s] -- Symlinking: /home/alr/Desktop/new_perception/new_eufs_ws/install/cone_msgs/share/cone_msgs/cmake/ament_cmake_export_libraries-extras.cmake
[4.043s] -- Symlinking: /home/alr/Desktop/new_perception/new_eufs_ws/install/cone_msgs/share/cone_msgs/cmake/ament_cmake_export_targets-extras.cmake
[4.053s] -- Symlinking: /home/alr/Desktop/new_perception/new_eufs_ws/install/cone_msgs/share/cone_msgs/cmake/rosidl_cmake_export_typesupport_targets-extras.cmake
[4.063s] -- Symlinking: /home/alr/Desktop/new_perception/new_eufs_ws/install/cone_msgs/share/cone_msgs/cmake/ament_cmake_export_dependencies-extras.cmake
[4.072s] -- Symlinking: /home/alr/Desktop/new_perception/new_eufs_ws/install/cone_msgs/share/cone_msgs/cmake/rosidl_cmake_export_typesupport_libraries-extras.cmake
[4.082s] -- Symlinking: /home/alr/Desktop/new_perception/new_eufs_ws/install/cone_msgs/share/cone_msgs/cmake/cone_msgsConfig.cmake
[4.092s] -- Symlinking: /home/alr/Desktop/new_perception/new_eufs_ws/install/cone_msgs/share/cone_msgs/cmake/cone_msgsConfig-version.cmake
[4.102s] -- Symlinking: /home/alr/Desktop/new_perception/new_eufs_ws/install/cone_msgs/share/cone_msgs/package.xml
[4.112s] -- Installing: /home/alr/Desktop/new_perception/new_eufs_ws/install/cone_msgs/lib/libcone_msgs__rosidl_generator_c.so
[4.112s] -- Set runtime path of "/home/alr/Desktop/new_perception/new_eufs_ws/install/cone_msgs/lib/libcone_msgs__rosidl_generator_c.so" to ""
[4.112s] -- Installing: /home/alr/Desktop/new_perception/new_eufs_ws/install/cone_msgs/lib/libcone_msgs__rosidl_typesupport_fastrtps_c.so
[4.113s] -- Set runtime path of "/home/alr/Desktop/new_perception/new_eufs_ws/install/cone_msgs/lib/libcone_msgs__rosidl_typesupport_fastrtps_c.so" to ""
[4.113s] -- Installing: /home/alr/Desktop/new_perception/new_eufs_ws/install/cone_msgs/lib/libcone_msgs__rosidl_typesupport_introspection_c.so
[4.113s] -- Set runtime path of "/home/alr/Desktop/new_perception/new_eufs_ws/install/cone_msgs/lib/libcone_msgs__rosidl_typesupport_introspection_c.so" to ""
[4.113s] -- Installing: /home/alr/Desktop/new_perception/new_eufs_ws/install/cone_msgs/lib/libcone_msgs__rosidl_typesupport_c.so
[4.113s] -- Set runtime path of "/home/alr/Desktop/new_perception/new_eufs_ws/install/cone_msgs/lib/libcone_msgs__rosidl_typesupport_c.so" to ""
[4.113s] -- Installing: /home/alr/Desktop/new_perception/new_eufs_ws/install/cone_msgs/lib/libcone_msgs__rosidl_typesupport_fastrtps_cpp.so
[4.113s] -- Set runtime path of "/home/alr/Desktop/new_perception/new_eufs_ws/install/cone_msgs/lib/libcone_msgs__rosidl_typesupport_fastrtps_cpp.so" to ""
[4.114s] -- Installing: /home/alr/Desktop/new_perception/new_eufs_ws/install/cone_msgs/lib/libcone_msgs__rosidl_typesupport_introspection_cpp.so
[4.114s] -- Set runtime path of "/home/alr/Desktop/new_perception/new_eufs_ws/install/cone_msgs/lib/libcone_msgs__rosidl_typesupport_introspection_cpp.so" to ""
[4.114s] -- Installing: /home/alr/Desktop/new_perception/new_eufs_ws/install/cone_msgs/lib/libcone_msgs__rosidl_typesupport_cpp.so
[4.114s] -- Set runtime path of "/home/alr/Desktop/new_perception/new_eufs_ws/install/cone_msgs/lib/libcone_msgs__rosidl_typesupport_cpp.so" to ""
[4.161s] Listing '/home/alr/Desktop/new_perception/new_eufs_ws/install/cone_msgs/local/lib/python3.10/dist-packages/cone_msgs'...
[4.161s] Compiling '/home/alr/Desktop/new_perception/new_eufs_ws/install/cone_msgs/local/lib/python3.10/dist-packages/cone_msgs/__init__.py'...
[4.161s] Listing '/home/alr/Desktop/new_perception/new_eufs_ws/install/cone_msgs/local/lib/python3.10/dist-packages/cone_msgs/msg'...
[4.161s] Compiling '/home/alr/Desktop/new_perception/new_eufs_ws/install/cone_msgs/local/lib/python3.10/dist-packages/cone_msgs/msg/__init__.py'...
[4.161s] Compiling '/home/alr/Desktop/new_perception/new_eufs_ws/install/cone_msgs/local/lib/python3.10/dist-packages/cone_msgs/msg/_cone.py'...
[4.161s] Compiling '/home/alr/Desktop/new_perception/new_eufs_ws/install/cone_msgs/local/lib/python3.10/dist-packages/cone_msgs/msg/_cone_array.py'...
[4.166s] -- Installing: /home/alr/Desktop/new_perception/new_eufs_ws/install/cone_msgs/lib/libcone_msgs__rosidl_generator_py.so
[4.167s] -- Set runtime path of "/home/alr/Desktop/new_perception/new_eufs_ws/install/cone_msgs/lib/libcone_msgs__rosidl_generator_py.so" to ""
[4.167s] -- Installing: /home/alr/Desktop/new_perception/new_eufs_ws/install/cone_msgs/share/cone_msgs/cmake/export_cone_msgs__rosidl_generator_cExport.cmake
[4.167s] -- Installing: /home/alr/Desktop/new_perception/new_eufs_ws/install/cone_msgs/share/cone_msgs/cmake/export_cone_msgs__rosidl_generator_cExport-noconfig.cmake
[4.167s] -- Installing: /home/alr/Desktop/new_perception/new_eufs_ws/install/cone_msgs/share/cone_msgs/cmake/export_cone_msgs__rosidl_typesupport_fastrtps_cExport.cmake
[4.167s] -- Installing: /home/alr/Desktop/new_perception/new_eufs_ws/install/cone_msgs/share/cone_msgs/cmake/export_cone_msgs__rosidl_typesupport_fastrtps_cExport-noconfig.cmake
[4.167s] -- Installing: /home/alr/Desktop/new_perception/new_eufs_ws/install/cone_msgs/share/cone_msgs/cmake/cone_msgs__rosidl_typesupport_introspection_cExport.cmake
[4.168s] -- Installing: /home/alr/Desktop/new_perception/new_eufs_ws/install/cone_msgs/share/cone_msgs/cmake/cone_msgs__rosidl_typesupport_introspection_cExport-noconfig.cmake
[4.171s] -- Installing: /home/alr/Desktop/new_perception/new_eufs_ws/install/cone_msgs/share/cone_msgs/cmake/cone_msgs__rosidl_typesupport_cExport.cmake
[4.171s] -- Installing: /home/alr/Desktop/new_perception/new_eufs_ws/install/cone_msgs/share/cone_msgs/cmake/cone_msgs__rosidl_typesupport_cExport-noconfig.cmake
[4.171s] -- Installing: /home/alr/Desktop/new_perception/new_eufs_ws/install/cone_msgs/share/cone_msgs/cmake/export_cone_msgs__rosidl_generator_cppExport.cmake
[4.171s] -- Installing: /home/alr/Desktop/new_perception/new_eufs_ws/install/cone_msgs/share/cone_msgs/cmake/export_cone_msgs__rosidl_typesupport_fastrtps_cppExport.cmake
[4.171s] -- Installing: /home/alr/Desktop/new_perception/new_eufs_ws/install/cone_msgs/share/cone_msgs/cmake/export_cone_msgs__rosidl_typesupport_fastrtps_cppExport-noconfig.cmake
[4.171s] -- Installing: /home/alr/Desktop/new_perception/new_eufs_ws/install/cone_msgs/share/cone_msgs/cmake/cone_msgs__rosidl_typesupport_introspection_cppExport.cmake
[4.171s] -- Installing: /home/alr/Desktop/new_perception/new_eufs_ws/install/cone_msgs/share/cone_msgs/cmake/cone_msgs__rosidl_typesupport_introspection_cppExport-noconfig.cmake
[4.171s] -- Installing: /home/alr/Desktop/new_perception/new_eufs_ws/install/cone_msgs/share/cone_msgs/cmake/cone_msgs__rosidl_typesupport_cppExport.cmake
[4.171s] -- Installing: /home/alr/Desktop/new_perception/new_eufs_ws/install/cone_msgs/share/cone_msgs/cmake/cone_msgs__rosidl_typesupport_cppExport-noconfig.cmake
[4.171s] -- Installing: /home/alr/Desktop/new_perception/new_eufs_ws/install/cone_msgs/share/cone_msgs/cmake/export_cone_msgs__rosidl_generator_pyExport.cmake
[4.171s] -- Installing: /home/alr/Desktop/new_perception/new_eufs_ws/install/cone_msgs/share/cone_msgs/cmake/export_cone_msgs__rosidl_generator_pyExport-noconfig.cmake
[4.173s] Invoked command in '/home/alr/Desktop/new_perception/new_eufs_ws/build/cone_msgs' returned '0': CMAKE_PREFIX_PATH=${CMAKE_PREFIX_PATH}:/home/alr/Desktop/new_perception/new_eufs_ws/install/opencv_tests:/home/alr/Desktop/new_perception/new_eufs_ws/install/fsd_planner:/home/alr/Desktop/new_perception/new_eufs_ws/install/eufs_launcher:/home/alr/Desktop/new_perception/new_eufs_ws/install/eufs_tracks:/home/alr/Desktop/new_perception/new_eufs_ws/install/eufs_rqt:/home/alr/Desktop/new_perception/new_eufs_ws/install/eufs_racecar:/opt/ros/humble /usr/bin/cmake --install /home/alr/Desktop/new_perception/new_eufs_ws/build/cone_msgs
