[35m[1mConsolidate compiler generated dependencies of target eufs_slam_node[0m
[ 50%] [32mBuilding CXX object CMakeFiles/eufs_slam_node.dir/src/Slam.cpp.o[0m
[100%] [32m[1mLinking CXX executable eufs_slam_node[0m
[100%] Built target eufs_slam_node
-- Install configuration: ""
-- Execute custom install script
-- Up-to-date symlink: /home/alr/Desktop/new_perception/new_eufs_ws/install/my_slam_pkg/lib/my_slam_pkg/eufs_slam_node
-- Up-to-date symlink: /home/alr/Desktop/new_perception/new_eufs_ws/install/my_slam_pkg/share/ament_index/resource_index/package_run_dependencies/my_slam_pkg
-- Up-to-date symlink: /home/alr/Desktop/new_perception/new_eufs_ws/install/my_slam_pkg/share/ament_index/resource_index/parent_prefix_path/my_slam_pkg
-- Up-to-date symlink: /home/alr/Desktop/new_perception/new_eufs_ws/install/my_slam_pkg/share/my_slam_pkg/environment/ament_prefix_path.sh
-- Up-to-date symlink: /home/alr/Desktop/new_perception/new_eufs_ws/install/my_slam_pkg/share/my_slam_pkg/environment/ament_prefix_path.dsv
-- Up-to-date symlink: /home/alr/Desktop/new_perception/new_eufs_ws/install/my_slam_pkg/share/my_slam_pkg/environment/path.sh
-- Up-to-date symlink: /home/alr/Desktop/new_perception/new_eufs_ws/install/my_slam_pkg/share/my_slam_pkg/environment/path.dsv
-- Up-to-date symlink: /home/alr/Desktop/new_perception/new_eufs_ws/install/my_slam_pkg/share/my_slam_pkg/local_setup.bash
-- Up-to-date symlink: /home/alr/Desktop/new_perception/new_eufs_ws/install/my_slam_pkg/share/my_slam_pkg/local_setup.sh
-- Up-to-date symlink: /home/alr/Desktop/new_perception/new_eufs_ws/install/my_slam_pkg/share/my_slam_pkg/local_setup.zsh
-- Up-to-date symlink: /home/alr/Desktop/new_perception/new_eufs_ws/install/my_slam_pkg/share/my_slam_pkg/local_setup.dsv
-- Symlinking: /home/alr/Desktop/new_perception/new_eufs_ws/install/my_slam_pkg/share/my_slam_pkg/package.dsv
-- Up-to-date symlink: /home/alr/Desktop/new_perception/new_eufs_ws/install/my_slam_pkg/share/ament_index/resource_index/packages/my_slam_pkg
-- Up-to-date symlink: /home/alr/Desktop/new_perception/new_eufs_ws/install/my_slam_pkg/share/my_slam_pkg/cmake/my_slam_pkgConfig.cmake
-- Up-to-date symlink: /home/alr/Desktop/new_perception/new_eufs_ws/install/my_slam_pkg/share/my_slam_pkg/cmake/my_slam_pkgConfig-version.cmake
-- Up-to-date symlink: /home/alr/Desktop/new_perception/new_eufs_ws/install/my_slam_pkg/share/my_slam_pkg/package.xml
