Consolidate compiler generated dependencies of target perception_node
[ 12%] Building CXX object CMakeFiles/perception_node.dir/src/Keypoints/keypoints.cpp.o
[ 37%] Building CXX object CMakeFiles/perception_node.dir/src/Main/perception_node.cpp.o
[ 37%] Building CXX object CMakeFiles/perception_node.dir/src/Cone/cone.cpp.o
[ 50%] Building CXX object CMakeFiles/perception_node.dir/src/Depth/depth.cpp.o
/home/alr/Desktop/new_perception/new_eufs_ws/src/perception_pkg/src/Main/perception_node.cpp: In member function ‘void PerceptionNode::temporalFilter(const std::vector<ConeDepth::ConeResult>&, eufs_msgs::msg::ConeArray&)’:
/home/alr/Desktop/new_perception/new_eufs_ws/src/perception_pkg/src/Main/perception_node.cpp:311:25: warning: comparison of integer expressions of different signedness: ‘std::deque<std::vector<PerceptionNode::TemporalCone> >::size_type’ {aka ‘long unsigned int’} and ‘const int’ [-Wsign-compare]
  311 |     if (history_.size() > HISTORY_SIZE)
      |         ~~~~~~~~~~~~~~~~^~~~~~~~~~~~~~
[ 62%] Linking CXX executable perception_node
[100%] Built target perception_node
-- Install configuration: ""
-- Execute custom install script
-- Up-to-date symlink: /home/alr/Desktop/new_perception/new_eufs_ws/install/perception_pkg/lib/perception_pkg/perception_node
-- Up-to-date symlink: /home/alr/Desktop/new_perception/new_eufs_ws/install/perception_pkg/share/ament_index/resource_index/package_run_dependencies/perception_pkg
-- Up-to-date symlink: /home/alr/Desktop/new_perception/new_eufs_ws/install/perception_pkg/share/ament_index/resource_index/parent_prefix_path/perception_pkg
-- Up-to-date symlink: /home/alr/Desktop/new_perception/new_eufs_ws/install/perception_pkg/share/perception_pkg/environment/ament_prefix_path.sh
-- Up-to-date symlink: /home/alr/Desktop/new_perception/new_eufs_ws/install/perception_pkg/share/perception_pkg/environment/ament_prefix_path.dsv
-- Up-to-date symlink: /home/alr/Desktop/new_perception/new_eufs_ws/install/perception_pkg/share/perception_pkg/environment/path.sh
-- Up-to-date symlink: /home/alr/Desktop/new_perception/new_eufs_ws/install/perception_pkg/share/perception_pkg/environment/path.dsv
-- Up-to-date symlink: /home/alr/Desktop/new_perception/new_eufs_ws/install/perception_pkg/share/perception_pkg/local_setup.bash
-- Up-to-date symlink: /home/alr/Desktop/new_perception/new_eufs_ws/install/perception_pkg/share/perception_pkg/local_setup.sh
-- Up-to-date symlink: /home/alr/Desktop/new_perception/new_eufs_ws/install/perception_pkg/share/perception_pkg/local_setup.zsh
-- Up-to-date symlink: /home/alr/Desktop/new_perception/new_eufs_ws/install/perception_pkg/share/perception_pkg/local_setup.dsv
-- Symlinking: /home/alr/Desktop/new_perception/new_eufs_ws/install/perception_pkg/share/perception_pkg/package.dsv
-- Up-to-date symlink: /home/alr/Desktop/new_perception/new_eufs_ws/install/perception_pkg/share/ament_index/resource_index/packages/perception_pkg
-- Up-to-date symlink: /home/alr/Desktop/new_perception/new_eufs_ws/install/perception_pkg/share/perception_pkg/cmake/perception_pkgConfig.cmake
-- Up-to-date symlink: /home/alr/Desktop/new_perception/new_eufs_ws/install/perception_pkg/share/perception_pkg/cmake/perception_pkgConfig-version.cmake
-- Up-to-date symlink: /home/alr/Desktop/new_perception/new_eufs_ws/install/perception_pkg/share/perception_pkg/package.xml
