[0.014s] Invoking command in '/home/alr/Desktop/new_perception/new_eufs_ws/build/cv_bridge': CMAKE_PREFIX_PATH=${CMAKE_PREFIX_PATH}:/home/alr/Desktop/new_perception/new_eufs_ws/install/opencv_tests:/home/alr/Desktop/new_perception/new_eufs_ws/install/fsd_planner:/home/alr/Desktop/new_perception/new_eufs_ws/install/eufs_launcher:/home/alr/Desktop/new_perception/new_eufs_ws/install/eufs_tracks:/home/alr/Desktop/new_perception/new_eufs_ws/install/eufs_rqt:/home/alr/Desktop/new_perception/new_eufs_ws/install/eufs_racecar:/opt/ros/humble /usr/bin/cmake /home/alr/Desktop/new_perception/new_eufs_ws/src/vision_opencv/cv_bridge -DAMENT_CMAKE_SYMLINK_INSTALL=1 -DCMAKE_INSTALL_PREFIX=/home/alr/Desktop/new_perception/new_eufs_ws/install/cv_bridge
[0.343s] -- The C compiler identification is GNU 11.4.0
[0.343s] -- The CXX compiler identification is GNU 11.4.0
[0.343s] -- Detecting C compiler ABI info
[0.343s] -- Detecting C compiler ABI info - done
[0.343s] -- Check for working C compiler: /usr/bin/cc - skipped
[0.343s] -- Detecting C compile features
[0.343s] -- Detecting C compile features - done
[0.343s] -- Detecting CXX compiler ABI info
[0.343s] -- Detecting CXX compiler ABI info - done
[0.343s] -- Check for working CXX compiler: /usr/bin/c++ - skipped
[0.343s] -- Detecting CXX compile features
[0.344s] -- Detecting CXX compile features - done
[0.344s] -- Found ament_cmake_ros: 0.10.0 (/opt/ros/humble/share/ament_cmake_ros/cmake)
[0.597s] -- Found Python3: /usr/bin/python3 (found version "3.10.12") found components: Interpreter 
[0.645s] -- Override CMake install command with custom implementation using symlinks instead of copying resources
[1.602s] -- Found Python3: /usr/include/python3.10 (found version "3.10.12") found components: Development NumPy Interpreter Development.Module Development.Embed 
[1.622s] -- Found Boost: /usr/lib/x86_64-linux-gnu/cmake/Boost-1.74.0/BoostConfig.cmake (found version "1.74.0") found components: python310 
[1.624s] -- Found rcpputils: 2.4.6 (/opt/ros/humble/share/rcpputils/cmake)
[1.636s] -- Found sensor_msgs: 4.9.1 (/opt/ros/humble/share/sensor_msgs/cmake)
[1.659s] -- Found rosidl_generator_c: 3.1.8 (/opt/ros/humble/share/rosidl_generator_c/cmake)
[1.664s] -- Found rosidl_adapter: 3.1.8 (/opt/ros/humble/share/rosidl_adapter/cmake)
[1.673s] -- Found rosidl_generator_cpp: 3.1.8 (/opt/ros/humble/share/rosidl_generator_cpp/cmake)
[1.685s] -- Using all available rosidl_typesupport_c: rosidl_typesupport_fastrtps_c;rosidl_typesupport_introspection_c
[1.700s] -- Using all available rosidl_typesupport_cpp: rosidl_typesupport_fastrtps_cpp;rosidl_typesupport_introspection_cpp
[1.786s] -- Looking for pthread.h
[1.870s] -- Looking for pthread.h - found
[1.871s] -- Performing Test CMAKE_HAVE_LIBC_PTHREAD
[1.939s] -- Performing Test CMAKE_HAVE_LIBC_PTHREAD - Success
[1.941s] -- Found Threads: TRUE  
[1.957s] -- Found CUDA: /usr/local/cuda-12.9 (found suitable exact version "12.9") 
[2.071s] -- Performing Test COMPILER_HAS_HIDDEN_VISIBILITY
[2.150s] -- Performing Test COMPILER_HAS_HIDDEN_VISIBILITY - Success
[2.151s] -- Performing Test COMPILER_HAS_HIDDEN_INLINE_VISIBILITY
[2.233s] -- Performing Test COMPILER_HAS_HIDDEN_INLINE_VISIBILITY - Success
[2.233s] -- Performing Test COMPILER_HAS_DEPRECATED_ATTR
[2.294s] -- Performing Test COMPILER_HAS_DEPRECATED_ATTR - Success
[2.299s] -- Found ament_lint_auto: 0.12.15 (/opt/ros/humble/share/ament_lint_auto/cmake)
[2.415s] -- Found gtest sources under '/opt/ros/humble/src/gtest_vendor': C++ tests using 'Google Test' will be built
[3.279s] -- Configuring done
[3.295s] -- Generating done
[3.299s] -- Build files have been written to: /home/alr/Desktop/new_perception/new_eufs_ws/build/cv_bridge
[3.307s] Invoked command in '/home/alr/Desktop/new_perception/new_eufs_ws/build/cv_bridge' returned '0': CMAKE_PREFIX_PATH=${CMAKE_PREFIX_PATH}:/home/alr/Desktop/new_perception/new_eufs_ws/install/opencv_tests:/home/alr/Desktop/new_perception/new_eufs_ws/install/fsd_planner:/home/alr/Desktop/new_perception/new_eufs_ws/install/eufs_launcher:/home/alr/Desktop/new_perception/new_eufs_ws/install/eufs_tracks:/home/alr/Desktop/new_perception/new_eufs_ws/install/eufs_rqt:/home/alr/Desktop/new_perception/new_eufs_ws/install/eufs_racecar:/opt/ros/humble /usr/bin/cmake /home/alr/Desktop/new_perception/new_eufs_ws/src/vision_opencv/cv_bridge -DAMENT_CMAKE_SYMLINK_INSTALL=1 -DCMAKE_INSTALL_PREFIX=/home/alr/Desktop/new_perception/new_eufs_ws/install/cv_bridge
[3.309s] Invoking command in '/home/alr/Desktop/new_perception/new_eufs_ws/build/cv_bridge': CMAKE_PREFIX_PATH=${CMAKE_PREFIX_PATH}:/home/alr/Desktop/new_perception/new_eufs_ws/install/opencv_tests:/home/alr/Desktop/new_perception/new_eufs_ws/install/fsd_planner:/home/alr/Desktop/new_perception/new_eufs_ws/install/eufs_launcher:/home/alr/Desktop/new_perception/new_eufs_ws/install/eufs_tracks:/home/alr/Desktop/new_perception/new_eufs_ws/install/eufs_rqt:/home/alr/Desktop/new_perception/new_eufs_ws/install/eufs_racecar:/opt/ros/humble /usr/bin/cmake --build /home/alr/Desktop/new_perception/new_eufs_ws/build/cv_bridge -- -j20 -l20
[3.350s] [  6%] [32mBuilding CXX object src/CMakeFiles/cv_bridge.dir/rgb_colors.cpp.o[0m
[3.350s] [ 12%] [32mBuilding CXX object gtest/CMakeFiles/gtest.dir/src/gtest-all.cc.o[0m
[3.352s] [ 18%] [32mBuilding CXX object src/CMakeFiles/cv_bridge.dir/cv_bridge.cpp.o[0m
[3.355s] [ 25%] [32mBuilding CXX object gtest/CMakeFiles/gtest_main.dir/src/gtest_main.cc.o[0m
[3.364s] [ 25%] Built target ament_cmake_python_symlink_cv_bridge
[3.671s] running egg_info
[3.672s] creating cv_bridge.egg-info
[3.672s] writing cv_bridge.egg-info/PKG-INFO
[3.673s] writing dependency_links to cv_bridge.egg-info/dependency_links.txt
[3.673s] writing top-level names to cv_bridge.egg-info/top_level.txt
[3.673s] writing manifest file 'cv_bridge.egg-info/SOURCES.txt'
[3.675s] reading manifest file 'cv_bridge.egg-info/SOURCES.txt'
[3.676s] writing manifest file 'cv_bridge.egg-info/SOURCES.txt'
[3.709s] [ 25%] Built target ament_cmake_python_build_cv_bridge_egg
[3.779s] [ 31%] [32m[1mLinking CXX static library libgtest_main.a[0m
[3.812s] [ 31%] Built target gtest_main
[5.531s] [ 37%] [32m[1mLinking CXX static library libgtest.a[0m
[5.603s] [ 37%] Built target gtest
[6.276s] [ 43%] [32m[1mLinking CXX shared library libcv_bridge.so[0m
[6.399s] [ 43%] Built target cv_bridge
[6.418s] [ 50%] [32mBuilding CXX object test/CMakeFiles/cv_bridge-utest.dir/test_compression.cpp.o[0m
[6.420s] [ 56%] [32mBuilding CXX object src/CMakeFiles/cv_bridge_boost.dir/module_opencv3.cpp.o[0m
[6.420s] [ 68%] [32mBuilding CXX object src/CMakeFiles/cv_bridge_boost.dir/module.cpp.o[0m
[6.421s] [ 68%] [32mBuilding CXX object test/CMakeFiles/cv_bridge-utest.dir/test_endian.cpp.o[0m
[6.421s] [ 75%] [32mBuilding CXX object test/CMakeFiles/cv_bridge-utest.dir/utest2.cpp.o[0m
[6.421s] [ 81%] [32mBuilding CXX object test/CMakeFiles/cv_bridge-utest.dir/utest.cpp.o[0m
[6.422s] [ 87%] [32mBuilding CXX object test/CMakeFiles/cv_bridge-utest.dir/test_rgb_colors.cpp.o[0m
[8.283s] [ 93%] [32m[1mLinking CXX executable cv_bridge-utest[0m
[8.595s] [ 93%] Built target cv_bridge-utest
[10.233s] [100%] [32m[1mLinking CXX shared module boost/cv_bridge_boost.so[0m
[10.413s] [100%] Built target cv_bridge_boost
[10.442s] Invoked command in '/home/alr/Desktop/new_perception/new_eufs_ws/build/cv_bridge' returned '0': CMAKE_PREFIX_PATH=${CMAKE_PREFIX_PATH}:/home/alr/Desktop/new_perception/new_eufs_ws/install/opencv_tests:/home/alr/Desktop/new_perception/new_eufs_ws/install/fsd_planner:/home/alr/Desktop/new_perception/new_eufs_ws/install/eufs_launcher:/home/alr/Desktop/new_perception/new_eufs_ws/install/eufs_tracks:/home/alr/Desktop/new_perception/new_eufs_ws/install/eufs_rqt:/home/alr/Desktop/new_perception/new_eufs_ws/install/eufs_racecar:/opt/ros/humble /usr/bin/cmake --build /home/alr/Desktop/new_perception/new_eufs_ws/build/cv_bridge -- -j20 -l20
[10.446s] Invoking command in '/home/alr/Desktop/new_perception/new_eufs_ws/build/cv_bridge': CMAKE_PREFIX_PATH=${CMAKE_PREFIX_PATH}:/home/alr/Desktop/new_perception/new_eufs_ws/install/opencv_tests:/home/alr/Desktop/new_perception/new_eufs_ws/install/fsd_planner:/home/alr/Desktop/new_perception/new_eufs_ws/install/eufs_launcher:/home/alr/Desktop/new_perception/new_eufs_ws/install/eufs_tracks:/home/alr/Desktop/new_perception/new_eufs_ws/install/eufs_rqt:/home/alr/Desktop/new_perception/new_eufs_ws/install/eufs_racecar:/opt/ros/humble /usr/bin/cmake --install /home/alr/Desktop/new_perception/new_eufs_ws/build/cv_bridge
[10.451s] -- Install configuration: ""
[10.452s] -- Execute custom install script
[10.452s] -- Symlinking: /home/alr/Desktop/new_perception/new_eufs_ws/install/cv_bridge/share/cv_bridge/environment/pythonpath.sh
[10.477s] -- Symlinking: /home/alr/Desktop/new_perception/new_eufs_ws/install/cv_bridge/share/cv_bridge/environment/pythonpath.dsv
[10.502s] -- Symlinking: /home/alr/Desktop/new_perception/new_eufs_ws/install/cv_bridge/local/lib/python3.10/dist-packages/cv_bridge-3.2.1-py3.10.egg-info/PKG-INFO
[10.522s] -- Symlinking: /home/alr/Desktop/new_perception/new_eufs_ws/install/cv_bridge/local/lib/python3.10/dist-packages/cv_bridge-3.2.1-py3.10.egg-info/SOURCES.txt
[10.538s] -- Symlinking: /home/alr/Desktop/new_perception/new_eufs_ws/install/cv_bridge/local/lib/python3.10/dist-packages/cv_bridge-3.2.1-py3.10.egg-info/dependency_links.txt
[10.560s] -- Symlinking: /home/alr/Desktop/new_perception/new_eufs_ws/install/cv_bridge/local/lib/python3.10/dist-packages/cv_bridge-3.2.1-py3.10.egg-info/top_level.txt
[10.583s] -- Symlinking: /home/alr/Desktop/new_perception/new_eufs_ws/install/cv_bridge/local/lib/python3.10/dist-packages/cv_bridge/__init__.py
[10.603s] -- Symlinking: /home/alr/Desktop/new_perception/new_eufs_ws/install/cv_bridge/local/lib/python3.10/dist-packages/cv_bridge/core.py
[10.618s] -- Symlinking: /home/alr/Desktop/new_perception/new_eufs_ws/install/cv_bridge/include/cv_bridge/cv_bridge/cv_bridge_export.h
[10.632s] -- Symlinking: /home/alr/Desktop/new_perception/new_eufs_ws/install/cv_bridge/local/lib/python3.10/dist-packages/cv_bridge/boost//cv_bridge_boost.so
[10.642s] -- Symlinking: /home/alr/Desktop/new_perception/new_eufs_ws/install/cv_bridge/include/cv_bridge/cv_bridge/cv_bridge.h
[10.655s] -- Symlinking: /home/alr/Desktop/new_perception/new_eufs_ws/install/cv_bridge/include/cv_bridge/cv_bridge/rgb_colors.h
[10.665s] -- Symlinking: /home/alr/Desktop/new_perception/new_eufs_ws/install/cv_bridge/lib/libcv_bridge.so
[10.677s] -- Symlinking: /home/alr/Desktop/new_perception/new_eufs_ws/install/cv_bridge/share/ament_index/resource_index/package_run_dependencies/cv_bridge
[10.689s] -- Symlinking: /home/alr/Desktop/new_perception/new_eufs_ws/install/cv_bridge/share/ament_index/resource_index/parent_prefix_path/cv_bridge
[10.701s] -- Symlinking: /home/alr/Desktop/new_perception/new_eufs_ws/install/cv_bridge/share/cv_bridge/environment/ament_prefix_path.sh
[10.713s] -- Symlinking: /home/alr/Desktop/new_perception/new_eufs_ws/install/cv_bridge/share/cv_bridge/environment/ament_prefix_path.dsv
[10.726s] -- Symlinking: /home/alr/Desktop/new_perception/new_eufs_ws/install/cv_bridge/share/cv_bridge/environment/path.sh
[10.737s] -- Symlinking: /home/alr/Desktop/new_perception/new_eufs_ws/install/cv_bridge/share/cv_bridge/environment/path.dsv
[10.748s] -- Symlinking: /home/alr/Desktop/new_perception/new_eufs_ws/install/cv_bridge/share/cv_bridge/local_setup.bash
[10.761s] -- Symlinking: /home/alr/Desktop/new_perception/new_eufs_ws/install/cv_bridge/share/cv_bridge/local_setup.sh
[10.774s] -- Symlinking: /home/alr/Desktop/new_perception/new_eufs_ws/install/cv_bridge/share/cv_bridge/local_setup.zsh
[10.789s] -- Symlinking: /home/alr/Desktop/new_perception/new_eufs_ws/install/cv_bridge/share/cv_bridge/local_setup.dsv
[10.802s] -- Symlinking: /home/alr/Desktop/new_perception/new_eufs_ws/install/cv_bridge/share/cv_bridge/package.dsv
[10.814s] -- Symlinking: /home/alr/Desktop/new_perception/new_eufs_ws/install/cv_bridge/share/ament_index/resource_index/packages/cv_bridge
[10.826s] -- Symlinking: /home/alr/Desktop/new_perception/new_eufs_ws/install/cv_bridge/share/cv_bridge/cmake/cv_bridge-extras.cmake
[10.840s] -- Symlinking: /home/alr/Desktop/new_perception/new_eufs_ws/install/cv_bridge/share/cv_bridge/cmake/ament_cmake_export_dependencies-extras.cmake
[10.849s] -- Symlinking: /home/alr/Desktop/new_perception/new_eufs_ws/install/cv_bridge/share/cv_bridge/cmake/ament_cmake_export_targets-extras.cmake
[10.860s] -- Symlinking: /home/alr/Desktop/new_perception/new_eufs_ws/install/cv_bridge/share/cv_bridge/cmake/cv_bridgeConfig.cmake
[10.871s] -- Symlinking: /home/alr/Desktop/new_perception/new_eufs_ws/install/cv_bridge/share/cv_bridge/cmake/cv_bridgeConfig-version.cmake
[10.883s] -- Symlinking: /home/alr/Desktop/new_perception/new_eufs_ws/install/cv_bridge/share/cv_bridge/package.xml
[10.959s] Listing '/home/alr/Desktop/new_perception/new_eufs_ws/install/cv_bridge/local/lib/python3.10/dist-packages/cv_bridge'...
[10.959s] Compiling '/home/alr/Desktop/new_perception/new_eufs_ws/install/cv_bridge/local/lib/python3.10/dist-packages/cv_bridge/__init__.py'...
[10.959s] Listing '/home/alr/Desktop/new_perception/new_eufs_ws/install/cv_bridge/local/lib/python3.10/dist-packages/cv_bridge/boost'...
[10.960s] Compiling '/home/alr/Desktop/new_perception/new_eufs_ws/install/cv_bridge/local/lib/python3.10/dist-packages/cv_bridge/core.py'...
[10.983s] -- Installing: /home/alr/Desktop/new_perception/new_eufs_ws/install/cv_bridge/share/cv_bridge/cmake/export_cv_bridgeExport.cmake
[10.983s] -- Installing: /home/alr/Desktop/new_perception/new_eufs_ws/install/cv_bridge/share/cv_bridge/cmake/export_cv_bridgeExport-noconfig.cmake
[10.983s] Invoked command in '/home/alr/Desktop/new_perception/new_eufs_ws/build/cv_bridge' returned '0': CMAKE_PREFIX_PATH=${CMAKE_PREFIX_PATH}:/home/alr/Desktop/new_perception/new_eufs_ws/install/opencv_tests:/home/alr/Desktop/new_perception/new_eufs_ws/install/fsd_planner:/home/alr/Desktop/new_perception/new_eufs_ws/install/eufs_launcher:/home/alr/Desktop/new_perception/new_eufs_ws/install/eufs_tracks:/home/alr/Desktop/new_perception/new_eufs_ws/install/eufs_rqt:/home/alr/Desktop/new_perception/new_eufs_ws/install/eufs_racecar:/opt/ros/humble /usr/bin/cmake --install /home/alr/Desktop/new_perception/new_eufs_ws/build/cv_bridge
