[0.012s] Invoking command in '/home/alr/Desktop/new_perception/new_eufs_ws/build/perception_pkg': AMENT_PREFIX_PATH=/home/alr/Desktop/new_perception/new_eufs_ws/install/eufs_msgs:/home/alr/Desktop/new_perception/new_eufs_ws/install/cv_bridge:/home/alr/Desktop/new_perception/new_eufs_ws/install/cone_msgs:${AMENT_PREFIX_PATH} CMAKE_PREFIX_PATH=/home/alr/Desktop/new_perception/new_eufs_ws/install/eufs_msgs:/home/alr/Desktop/new_perception/new_eufs_ws/install/cv_bridge:/home/alr/Desktop/new_perception/new_eufs_ws/install/cone_msgs:/opt/ros/humble LD_LIBRARY_PATH=/home/alr/Desktop/new_perception/new_eufs_ws/install/eufs_msgs/lib:/home/alr/Desktop/new_perception/new_eufs_ws/install/cv_bridge/lib:/home/alr/Desktop/new_perception/new_eufs_ws/install/cone_msgs/lib:/usr/lib/x86_64-linux-gnu/gazebo-11/plugins:/opt/ros/humble/opt/rviz_ogre_vendor/lib:/opt/ros/humble/lib/x86_64-linux-gnu:/opt/ros/humble/lib:/usr/local/cuda-12.9/lib64 PYTHONPATH=/home/alr/Desktop/new_perception/new_eufs_ws/install/eufs_msgs/local/lib/python3.10/dist-packages:/home/alr/Desktop/new_perception/new_eufs_ws/install/cv_bridge/local/lib/python3.10/dist-packages:/home/alr/Desktop/new_perception/new_eufs_ws/install/cone_msgs/local/lib/python3.10/dist-packages:${PYTHONPATH} /usr/bin/cmake --build /home/alr/Desktop/new_perception/new_eufs_ws/build/perception_pkg -- -j20 -l20
[0.072s] [35m[1mConsolidate compiler generated dependencies of target perception_node[0m
[0.094s] [ 25%] [32mBuilding CXX object CMakeFiles/perception_node.dir/src/Calibration/calibration.cpp.o[0m
[0.094s] [ 25%] [32mBuilding CXX object CMakeFiles/perception_node.dir/src/Calibration/rectification.cpp.o[0m
[0.094s] [ 37%] [32mBuilding CXX object CMakeFiles/perception_node.dir/src/Depth/depth.cpp.o[0m
[0.094s] [ 50%] [32mBuilding CXX object CMakeFiles/perception_node.dir/src/Main/main.cpp.o[0m
[0.094s] [ 62%] [32mBuilding CXX object CMakeFiles/perception_node.dir/src/Main/perception_node.cpp.o[0m
[0.094s] [ 75%] [32mBuilding CXX object CMakeFiles/perception_node.dir/src/Cone/cone.cpp.o[0m
[0.094s] [ 87%] [32mBuilding CXX object CMakeFiles/perception_node.dir/src/Keypoints/keypoints.cpp.o[0m
[5.006s] [100%] [32m[1mLinking CXX executable perception_node[0m
[5.426s] [100%] Built target perception_node
[5.434s] Invoked command in '/home/alr/Desktop/new_perception/new_eufs_ws/build/perception_pkg' returned '0': AMENT_PREFIX_PATH=/home/alr/Desktop/new_perception/new_eufs_ws/install/eufs_msgs:/home/alr/Desktop/new_perception/new_eufs_ws/install/cv_bridge:/home/alr/Desktop/new_perception/new_eufs_ws/install/cone_msgs:${AMENT_PREFIX_PATH} CMAKE_PREFIX_PATH=/home/alr/Desktop/new_perception/new_eufs_ws/install/eufs_msgs:/home/alr/Desktop/new_perception/new_eufs_ws/install/cv_bridge:/home/alr/Desktop/new_perception/new_eufs_ws/install/cone_msgs:/opt/ros/humble LD_LIBRARY_PATH=/home/alr/Desktop/new_perception/new_eufs_ws/install/eufs_msgs/lib:/home/alr/Desktop/new_perception/new_eufs_ws/install/cv_bridge/lib:/home/alr/Desktop/new_perception/new_eufs_ws/install/cone_msgs/lib:/usr/lib/x86_64-linux-gnu/gazebo-11/plugins:/opt/ros/humble/opt/rviz_ogre_vendor/lib:/opt/ros/humble/lib/x86_64-linux-gnu:/opt/ros/humble/lib:/usr/local/cuda-12.9/lib64 PYTHONPATH=/home/alr/Desktop/new_perception/new_eufs_ws/install/eufs_msgs/local/lib/python3.10/dist-packages:/home/alr/Desktop/new_perception/new_eufs_ws/install/cv_bridge/local/lib/python3.10/dist-packages:/home/alr/Desktop/new_perception/new_eufs_ws/install/cone_msgs/local/lib/python3.10/dist-packages:${PYTHONPATH} /usr/bin/cmake --build /home/alr/Desktop/new_perception/new_eufs_ws/build/perception_pkg -- -j20 -l20
[5.441s] Invoking command in '/home/alr/Desktop/new_perception/new_eufs_ws/build/perception_pkg': AMENT_PREFIX_PATH=/home/alr/Desktop/new_perception/new_eufs_ws/install/eufs_msgs:/home/alr/Desktop/new_perception/new_eufs_ws/install/cv_bridge:/home/alr/Desktop/new_perception/new_eufs_ws/install/cone_msgs:${AMENT_PREFIX_PATH} CMAKE_PREFIX_PATH=/home/alr/Desktop/new_perception/new_eufs_ws/install/eufs_msgs:/home/alr/Desktop/new_perception/new_eufs_ws/install/cv_bridge:/home/alr/Desktop/new_perception/new_eufs_ws/install/cone_msgs:/opt/ros/humble LD_LIBRARY_PATH=/home/alr/Desktop/new_perception/new_eufs_ws/install/eufs_msgs/lib:/home/alr/Desktop/new_perception/new_eufs_ws/install/cv_bridge/lib:/home/alr/Desktop/new_perception/new_eufs_ws/install/cone_msgs/lib:/usr/lib/x86_64-linux-gnu/gazebo-11/plugins:/opt/ros/humble/opt/rviz_ogre_vendor/lib:/opt/ros/humble/lib/x86_64-linux-gnu:/opt/ros/humble/lib:/usr/local/cuda-12.9/lib64 PYTHONPATH=/home/alr/Desktop/new_perception/new_eufs_ws/install/eufs_msgs/local/lib/python3.10/dist-packages:/home/alr/Desktop/new_perception/new_eufs_ws/install/cv_bridge/local/lib/python3.10/dist-packages:/home/alr/Desktop/new_perception/new_eufs_ws/install/cone_msgs/local/lib/python3.10/dist-packages:${PYTHONPATH} /usr/bin/cmake --install /home/alr/Desktop/new_perception/new_eufs_ws/build/perception_pkg
[5.447s] -- Install configuration: ""
[5.447s] -- Execute custom install script
[5.447s] -- Up-to-date symlink: /home/alr/Desktop/new_perception/new_eufs_ws/install/perception_pkg/lib/perception_pkg/perception_node
[5.448s] -- Up-to-date symlink: /home/alr/Desktop/new_perception/new_eufs_ws/install/perception_pkg/share/ament_index/resource_index/package_run_dependencies/perception_pkg
[5.448s] -- Up-to-date symlink: /home/alr/Desktop/new_perception/new_eufs_ws/install/perception_pkg/share/ament_index/resource_index/parent_prefix_path/perception_pkg
[5.448s] -- Up-to-date symlink: /home/alr/Desktop/new_perception/new_eufs_ws/install/perception_pkg/share/perception_pkg/environment/ament_prefix_path.sh
[5.448s] -- Up-to-date symlink: /home/alr/Desktop/new_perception/new_eufs_ws/install/perception_pkg/share/perception_pkg/environment/ament_prefix_path.dsv
[5.448s] -- Up-to-date symlink: /home/alr/Desktop/new_perception/new_eufs_ws/install/perception_pkg/share/perception_pkg/environment/path.sh
[5.448s] -- Up-to-date symlink: /home/alr/Desktop/new_perception/new_eufs_ws/install/perception_pkg/share/perception_pkg/environment/path.dsv
[5.448s] -- Up-to-date symlink: /home/alr/Desktop/new_perception/new_eufs_ws/install/perception_pkg/share/perception_pkg/local_setup.bash
[5.448s] -- Up-to-date symlink: /home/alr/Desktop/new_perception/new_eufs_ws/install/perception_pkg/share/perception_pkg/local_setup.sh
[5.449s] -- Up-to-date symlink: /home/alr/Desktop/new_perception/new_eufs_ws/install/perception_pkg/share/perception_pkg/local_setup.zsh
[5.449s] -- Up-to-date symlink: /home/alr/Desktop/new_perception/new_eufs_ws/install/perception_pkg/share/perception_pkg/local_setup.dsv
[5.449s] -- Symlinking: /home/alr/Desktop/new_perception/new_eufs_ws/install/perception_pkg/share/perception_pkg/package.dsv
[5.454s] -- Up-to-date symlink: /home/alr/Desktop/new_perception/new_eufs_ws/install/perception_pkg/share/ament_index/resource_index/packages/perception_pkg
[5.454s] -- Up-to-date symlink: /home/alr/Desktop/new_perception/new_eufs_ws/install/perception_pkg/share/perception_pkg/cmake/perception_pkgConfig.cmake
[5.455s] -- Up-to-date symlink: /home/alr/Desktop/new_perception/new_eufs_ws/install/perception_pkg/share/perception_pkg/cmake/perception_pkgConfig-version.cmake
[5.455s] -- Up-to-date symlink: /home/alr/Desktop/new_perception/new_eufs_ws/install/perception_pkg/share/perception_pkg/package.xml
[5.456s] Invoked command in '/home/alr/Desktop/new_perception/new_eufs_ws/build/perception_pkg' returned '0': AMENT_PREFIX_PATH=/home/alr/Desktop/new_perception/new_eufs_ws/install/eufs_msgs:/home/alr/Desktop/new_perception/new_eufs_ws/install/cv_bridge:/home/alr/Desktop/new_perception/new_eufs_ws/install/cone_msgs:${AMENT_PREFIX_PATH} CMAKE_PREFIX_PATH=/home/alr/Desktop/new_perception/new_eufs_ws/install/eufs_msgs:/home/alr/Desktop/new_perception/new_eufs_ws/install/cv_bridge:/home/alr/Desktop/new_perception/new_eufs_ws/install/cone_msgs:/opt/ros/humble LD_LIBRARY_PATH=/home/alr/Desktop/new_perception/new_eufs_ws/install/eufs_msgs/lib:/home/alr/Desktop/new_perception/new_eufs_ws/install/cv_bridge/lib:/home/alr/Desktop/new_perception/new_eufs_ws/install/cone_msgs/lib:/usr/lib/x86_64-linux-gnu/gazebo-11/plugins:/opt/ros/humble/opt/rviz_ogre_vendor/lib:/opt/ros/humble/lib/x86_64-linux-gnu:/opt/ros/humble/lib:/usr/local/cuda-12.9/lib64 PYTHONPATH=/home/alr/Desktop/new_perception/new_eufs_ws/install/eufs_msgs/local/lib/python3.10/dist-packages:/home/alr/Desktop/new_perception/new_eufs_ws/install/cv_bridge/local/lib/python3.10/dist-packages:/home/alr/Desktop/new_perception/new_eufs_ws/install/cone_msgs/local/lib/python3.10/dist-packages:${PYTHONPATH} /usr/bin/cmake --install /home/alr/Desktop/new_perception/new_eufs_ws/build/perception_pkg
