[0.726s] Invoking command in '/home/alr/Desktop/new_perception/new_eufs_ws/build/eufs_racecar': PYTHONPATH=/home/alr/Desktop/new_perception/new_eufs_ws/build/eufs_racecar/prefix_override:/usr/lib/python3/dist-packages/colcon_core/task/python/colcon_distutils_commands:/home/alr/Desktop/new_perception/new_eufs_ws/install/eufs_racecar/lib/python3.10/site-packages:${PYTHONPATH} /usr/bin/python3 -W ignore:setup.py install is deprecated -W ignore:easy_install command is deprecated setup.py develop --editable --build-directory /home/alr/Desktop/new_perception/new_eufs_ws/build/eufs_racecar/build --no-deps symlink_data
[0.919s] running develop
[1.121s] running egg_info
[1.121s] creating eufs_racecar.egg-info
[1.121s] writing eufs_racecar.egg-info/PKG-INFO
[1.121s] writing dependency_links to eufs_racecar.egg-info/dependency_links.txt
[1.121s] writing requirements to eufs_racecar.egg-info/requires.txt
[1.121s] writing top-level names to eufs_racecar.egg-info/top_level.txt
[1.121s] writing manifest file 'eufs_racecar.egg-info/SOURCES.txt'
[1.122s] reading manifest file 'eufs_racecar.egg-info/SOURCES.txt'
[1.122s] writing manifest file 'eufs_racecar.egg-info/SOURCES.txt'
[1.154s] running build_ext
[1.155s] Creating /home/alr/Desktop/new_perception/new_eufs_ws/install/eufs_racecar/lib/python3.10/site-packages/eufs-racecar.egg-link (link to .)
[1.155s] 
[1.155s] Installed /home/alr/Desktop/new_perception/new_eufs_ws/build/eufs_racecar
[1.155s] running symlink_data
[1.155s] creating /home/alr/Desktop/new_perception/new_eufs_ws/install/eufs_racecar/share/ament_index
[1.155s] creating /home/alr/Desktop/new_perception/new_eufs_ws/install/eufs_racecar/share/ament_index/resource_index
[1.155s] creating /home/alr/Desktop/new_perception/new_eufs_ws/install/eufs_racecar/share/ament_index/resource_index/packages
[1.156s] symbolically linking /home/alr/Desktop/new_perception/new_eufs_ws/build/eufs_racecar/resource/eufs_racecar -> /home/alr/Desktop/new_perception/new_eufs_ws/install/eufs_racecar/share/ament_index/resource_index/packages
[1.156s] symbolically linking /home/alr/Desktop/new_perception/new_eufs_ws/build/eufs_racecar/package.xml -> /home/alr/Desktop/new_perception/new_eufs_ws/install/eufs_racecar/share/eufs_racecar
[1.159s] creating /home/alr/Desktop/new_perception/new_eufs_ws/install/eufs_racecar/share/eufs_racecar/meshes
[1.159s] symbolically linking /home/alr/Desktop/new_perception/new_eufs_ws/build/eufs_racecar/meshes/ads_dv_chassis.dae -> /home/alr/Desktop/new_perception/new_eufs_ws/install/eufs_racecar/share/eufs_racecar/meshes
[1.159s] symbolically linking /home/alr/Desktop/new_perception/new_eufs_ws/build/eufs_racecar/meshes/ads_wheel_right.dae -> /home/alr/Desktop/new_perception/new_eufs_ws/install/eufs_racecar/share/eufs_racecar/meshes
[1.159s] symbolically linking /home/alr/Desktop/new_perception/new_eufs_ws/build/eufs_racecar/meshes/wheel_left.dae -> /home/alr/Desktop/new_perception/new_eufs_ws/install/eufs_racecar/share/eufs_racecar/meshes
[1.159s] symbolically linking /home/alr/Desktop/new_perception/new_eufs_ws/build/eufs_racecar/meshes/wheel_right.dae -> /home/alr/Desktop/new_perception/new_eufs_ws/install/eufs_racecar/share/eufs_racecar/meshes
[1.159s] symbolically linking /home/alr/Desktop/new_perception/new_eufs_ws/build/eufs_racecar/meshes/sisu-20d.dae -> /home/alr/Desktop/new_perception/new_eufs_ws/install/eufs_racecar/share/eufs_racecar/meshes
[1.159s] symbolically linking /home/alr/Desktop/new_perception/new_eufs_ws/build/eufs_racecar/meshes/ads_wheel_left.dae -> /home/alr/Desktop/new_perception/new_eufs_ws/install/eufs_racecar/share/eufs_racecar/meshes
[1.159s] creating /home/alr/Desktop/new_perception/new_eufs_ws/install/eufs_racecar/share/eufs_racecar/urdf
[1.159s] symbolically linking /home/alr/Desktop/new_perception/new_eufs_ws/build/eufs_racecar/urdf/wheels.urdf.xacro -> /home/alr/Desktop/new_perception/new_eufs_ws/install/eufs_racecar/share/eufs_racecar/urdf
[1.159s] symbolically linking /home/alr/Desktop/new_perception/new_eufs_ws/build/eufs_racecar/urdf/eufs_base.urdf.xacro -> /home/alr/Desktop/new_perception/new_eufs_ws/install/eufs_racecar/share/eufs_racecar/urdf
[1.159s] creating /home/alr/Desktop/new_perception/new_eufs_ws/install/eufs_racecar/share/eufs_racecar/launch
[1.159s] symbolically linking /home/alr/Desktop/new_perception/new_eufs_ws/build/eufs_racecar/launch/load_car.launch.py -> /home/alr/Desktop/new_perception/new_eufs_ws/install/eufs_racecar/share/eufs_racecar/launch
[1.159s] creating /home/alr/Desktop/new_perception/new_eufs_ws/install/eufs_racecar/share/eufs_racecar/robots
[1.159s] creating /home/alr/Desktop/new_perception/new_eufs_ws/install/eufs_racecar/share/eufs_racecar/robots/eufs
[1.159s] symbolically linking /home/alr/Desktop/new_perception/new_eufs_ws/build/eufs_racecar/robots/eufs/configWet.yaml -> /home/alr/Desktop/new_perception/new_eufs_ws/install/eufs_racecar/share/eufs_racecar/robots/eufs
[1.159s] symbolically linking /home/alr/Desktop/new_perception/new_eufs_ws/build/eufs_racecar/robots/eufs/robot.urdf.xacro -> /home/alr/Desktop/new_perception/new_eufs_ws/install/eufs_racecar/share/eufs_racecar/robots/eufs
[1.159s] symbolically linking /home/alr/Desktop/new_perception/new_eufs_ws/build/eufs_racecar/robots/eufs/configDry.yaml -> /home/alr/Desktop/new_perception/new_eufs_ws/install/eufs_racecar/share/eufs_racecar/robots/eufs
[1.159s] creating /home/alr/Desktop/new_perception/new_eufs_ws/install/eufs_racecar/share/eufs_racecar/robots/ads-dv
[1.159s] symbolically linking /home/alr/Desktop/new_perception/new_eufs_ws/build/eufs_racecar/robots/ads-dv/configWet.yaml -> /home/alr/Desktop/new_perception/new_eufs_ws/install/eufs_racecar/share/eufs_racecar/robots/ads-dv
[1.159s] symbolically linking /home/alr/Desktop/new_perception/new_eufs_ws/build/eufs_racecar/robots/ads-dv/ADS-DV Sensor Position.pdf -> /home/alr/Desktop/new_perception/new_eufs_ws/install/eufs_racecar/share/eufs_racecar/robots/ads-dv
[1.159s] symbolically linking /home/alr/Desktop/new_perception/new_eufs_ws/build/eufs_racecar/robots/ads-dv/robot.urdf.xacro -> /home/alr/Desktop/new_perception/new_eufs_ws/install/eufs_racecar/share/eufs_racecar/robots/ads-dv
[1.159s] symbolically linking /home/alr/Desktop/new_perception/new_eufs_ws/build/eufs_racecar/robots/ads-dv/configDry.yaml -> /home/alr/Desktop/new_perception/new_eufs_ws/install/eufs_racecar/share/eufs_racecar/robots/ads-dv
[1.240s] Invoked command in '/home/alr/Desktop/new_perception/new_eufs_ws/build/eufs_racecar' returned '0': PYTHONPATH=/home/alr/Desktop/new_perception/new_eufs_ws/build/eufs_racecar/prefix_override:/usr/lib/python3/dist-packages/colcon_core/task/python/colcon_distutils_commands:/home/alr/Desktop/new_perception/new_eufs_ws/install/eufs_racecar/lib/python3.10/site-packages:${PYTHONPATH} /usr/bin/python3 -W ignore:setup.py install is deprecated -W ignore:easy_install command is deprecated setup.py develop --editable --build-directory /home/alr/Desktop/new_perception/new_eufs_ws/build/eufs_racecar/build --no-deps symlink_data
