[0.020s] Invoking command in '/home/alr/Desktop/new_perception/new_eufs_ws/build/perception_pkg': CMAKE_PREFIX_PATH=/home/alr/Desktop/new_perception/new_eufs_ws/install/eufs_msgs:/home/alr/Desktop/new_perception/new_eufs_ws/install/cv_bridge:/home/alr/Desktop/new_perception/new_eufs_ws/install/cone_msgs:/home/alr/Desktop/new_perception/new_eufs_ws/install/vision_opencv:/home/alr/Desktop/new_perception/new_eufs_ws/install/perception_pkg:/home/alr/Desktop/new_perception/new_eufs_ws/install/my_state_estimator:/home/alr/Desktop/new_perception/new_eufs_ws/install/my_slam_pkg:/home/alr/Desktop/new_perception/new_eufs_ws/install/my_controller_pkg:/home/alr/Desktop/new_perception/new_eufs_ws/install/eufs_plugins:/home/alr/Desktop/new_perception/new_eufs_ws/install/image_geometry:/home/alr/Desktop/new_perception/new_eufs_ws/install/eufs_sensors:/home/alr/Desktop/new_perception/new_eufs_ws/install/eufs_models:/home/alr/Desktop/new_perception/new_eufs_ws/install/opencv_tests:/home/alr/Desktop/new_perception/new_eufs_ws/install/fsd_planner:/home/alr/Desktop/new_perception/new_eufs_ws/install/eufs_launcher:/home/alr/Desktop/new_perception/new_eufs_ws/install/eufs_tracks:/home/alr/Desktop/new_perception/new_eufs_ws/install/eufs_rqt:/home/alr/Desktop/new_perception/new_eufs_ws/install/eufs_racecar:/opt/ros/humble LD_LIBRARY_PATH=/home/alr/Desktop/new_perception/new_eufs_ws/install/eufs_msgs/lib:/home/alr/Desktop/new_perception/new_eufs_ws/install/cv_bridge/lib:/home/alr/Desktop/new_perception/new_eufs_ws/install/cone_msgs/lib:/home/alr/Desktop/new_perception/new_eufs_ws/install/eufs_plugins/lib:/home/alr/Desktop/new_perception/new_eufs_ws/install/image_geometry/lib:/home/alr/Desktop/new_perception/new_eufs_ws/install/eufs_models/lib:/usr/lib/x86_64-linux-gnu/gazebo-11/plugins:/opt/ros/humble/opt/rviz_ogre_vendor/lib:/opt/ros/humble/lib/x86_64-linux-gnu:/opt/ros/humble/lib:/usr/local/cuda-12.9/lib64 /usr/bin/cmake /home/alr/Desktop/new_perception/new_eufs_ws/src/perception_pkg -DAMENT_CMAKE_SYMLINK_INSTALL=1 -DCMAKE_INSTALL_PREFIX=/home/alr/Desktop/new_perception/new_eufs_ws/install/perception_pkg
[0.047s] -- Found ament_cmake: 1.3.14 (/opt/ros/humble/share/ament_cmake/cmake)
[0.138s] -- Override CMake install command with custom implementation using symlinks instead of copying resources
[0.151s] -- Found rclcpp: 16.0.19 (/opt/ros/humble/share/rclcpp/cmake)
[0.179s] -- Found rosidl_generator_c: 3.1.8 (/opt/ros/humble/share/rosidl_generator_c/cmake)
[0.182s] -- Found rosidl_adapter: 3.1.8 (/opt/ros/humble/share/rosidl_adapter/cmake)
[0.188s] -- Found rosidl_generator_cpp: 3.1.8 (/opt/ros/humble/share/rosidl_generator_cpp/cmake)
[0.197s] -- Using all available rosidl_typesupport_c: rosidl_typesupport_fastrtps_c;rosidl_typesupport_introspection_c
[0.207s] -- Using all available rosidl_typesupport_cpp: rosidl_typesupport_fastrtps_cpp;rosidl_typesupport_introspection_cpp
[0.235s] -- Found rmw_implementation_cmake: 6.1.2 (/opt/ros/humble/share/rmw_implementation_cmake/cmake)
[0.237s] -- Found rmw_fastrtps_cpp: 6.2.10 (/opt/ros/humble/share/rmw_fastrtps_cpp/cmake)
[0.314s] -- Using RMW implementation 'rmw_fastrtps_cpp' as default
[0.353s] -- Found sensor_msgs: 4.9.1 (/opt/ros/humble/share/sensor_msgs/cmake)
[0.372s] -- Found cone_msgs: 0.0.0 (/home/alr/Desktop/new_perception/new_eufs_ws/install/cone_msgs/share/cone_msgs/cmake)
[0.378s] -- Found eufs_msgs: 2.0.0 (/home/alr/Desktop/new_perception/new_eufs_ws/install/eufs_msgs/share/eufs_msgs/cmake)
[0.405s] -- Found cv_bridge: 3.2.1 (/home/alr/Desktop/new_perception/new_eufs_ws/install/cv_bridge/share/cv_bridge/cmake)
[0.423s] -- Found image_transport: 3.1.12 (/opt/ros/humble/share/image_transport/cmake)
[0.511s] -- Configuring done
[0.525s] -- Generating done
[0.528s] -- Build files have been written to: /home/alr/Desktop/new_perception/new_eufs_ws/build/perception_pkg
[0.534s] Invoked command in '/home/alr/Desktop/new_perception/new_eufs_ws/build/perception_pkg' returned '0': CMAKE_PREFIX_PATH=/home/alr/Desktop/new_perception/new_eufs_ws/install/eufs_msgs:/home/alr/Desktop/new_perception/new_eufs_ws/install/cv_bridge:/home/alr/Desktop/new_perception/new_eufs_ws/install/cone_msgs:/home/alr/Desktop/new_perception/new_eufs_ws/install/vision_opencv:/home/alr/Desktop/new_perception/new_eufs_ws/install/perception_pkg:/home/alr/Desktop/new_perception/new_eufs_ws/install/my_state_estimator:/home/alr/Desktop/new_perception/new_eufs_ws/install/my_slam_pkg:/home/alr/Desktop/new_perception/new_eufs_ws/install/my_controller_pkg:/home/alr/Desktop/new_perception/new_eufs_ws/install/eufs_plugins:/home/alr/Desktop/new_perception/new_eufs_ws/install/image_geometry:/home/alr/Desktop/new_perception/new_eufs_ws/install/eufs_sensors:/home/alr/Desktop/new_perception/new_eufs_ws/install/eufs_models:/home/alr/Desktop/new_perception/new_eufs_ws/install/opencv_tests:/home/alr/Desktop/new_perception/new_eufs_ws/install/fsd_planner:/home/alr/Desktop/new_perception/new_eufs_ws/install/eufs_launcher:/home/alr/Desktop/new_perception/new_eufs_ws/install/eufs_tracks:/home/alr/Desktop/new_perception/new_eufs_ws/install/eufs_rqt:/home/alr/Desktop/new_perception/new_eufs_ws/install/eufs_racecar:/opt/ros/humble LD_LIBRARY_PATH=/home/alr/Desktop/new_perception/new_eufs_ws/install/eufs_msgs/lib:/home/alr/Desktop/new_perception/new_eufs_ws/install/cv_bridge/lib:/home/alr/Desktop/new_perception/new_eufs_ws/install/cone_msgs/lib:/home/alr/Desktop/new_perception/new_eufs_ws/install/eufs_plugins/lib:/home/alr/Desktop/new_perception/new_eufs_ws/install/image_geometry/lib:/home/alr/Desktop/new_perception/new_eufs_ws/install/eufs_models/lib:/usr/lib/x86_64-linux-gnu/gazebo-11/plugins:/opt/ros/humble/opt/rviz_ogre_vendor/lib:/opt/ros/humble/lib/x86_64-linux-gnu:/opt/ros/humble/lib:/usr/local/cuda-12.9/lib64 /usr/bin/cmake /home/alr/Desktop/new_perception/new_eufs_ws/src/perception_pkg -DAMENT_CMAKE_SYMLINK_INSTALL=1 -DCMAKE_INSTALL_PREFIX=/home/alr/Desktop/new_perception/new_eufs_ws/install/perception_pkg
[0.536s] Invoking command in '/home/alr/Desktop/new_perception/new_eufs_ws/build/perception_pkg': CMAKE_PREFIX_PATH=/home/alr/Desktop/new_perception/new_eufs_ws/install/eufs_msgs:/home/alr/Desktop/new_perception/new_eufs_ws/install/cv_bridge:/home/alr/Desktop/new_perception/new_eufs_ws/install/cone_msgs:/home/alr/Desktop/new_perception/new_eufs_ws/install/vision_opencv:/home/alr/Desktop/new_perception/new_eufs_ws/install/perception_pkg:/home/alr/Desktop/new_perception/new_eufs_ws/install/my_state_estimator:/home/alr/Desktop/new_perception/new_eufs_ws/install/my_slam_pkg:/home/alr/Desktop/new_perception/new_eufs_ws/install/my_controller_pkg:/home/alr/Desktop/new_perception/new_eufs_ws/install/eufs_plugins:/home/alr/Desktop/new_perception/new_eufs_ws/install/image_geometry:/home/alr/Desktop/new_perception/new_eufs_ws/install/eufs_sensors:/home/alr/Desktop/new_perception/new_eufs_ws/install/eufs_models:/home/alr/Desktop/new_perception/new_eufs_ws/install/opencv_tests:/home/alr/Desktop/new_perception/new_eufs_ws/install/fsd_planner:/home/alr/Desktop/new_perception/new_eufs_ws/install/eufs_launcher:/home/alr/Desktop/new_perception/new_eufs_ws/install/eufs_tracks:/home/alr/Desktop/new_perception/new_eufs_ws/install/eufs_rqt:/home/alr/Desktop/new_perception/new_eufs_ws/install/eufs_racecar:/opt/ros/humble LD_LIBRARY_PATH=/home/alr/Desktop/new_perception/new_eufs_ws/install/eufs_msgs/lib:/home/alr/Desktop/new_perception/new_eufs_ws/install/cv_bridge/lib:/home/alr/Desktop/new_perception/new_eufs_ws/install/cone_msgs/lib:/home/alr/Desktop/new_perception/new_eufs_ws/install/eufs_plugins/lib:/home/alr/Desktop/new_perception/new_eufs_ws/install/image_geometry/lib:/home/alr/Desktop/new_perception/new_eufs_ws/install/eufs_models/lib:/usr/lib/x86_64-linux-gnu/gazebo-11/plugins:/opt/ros/humble/opt/rviz_ogre_vendor/lib:/opt/ros/humble/lib/x86_64-linux-gnu:/opt/ros/humble/lib:/usr/local/cuda-12.9/lib64 /usr/bin/cmake --build /home/alr/Desktop/new_perception/new_eufs_ws/build/perception_pkg -- -j20 -l20
[0.571s] [35m[1mConsolidate compiler generated dependencies of target perception_node[0m
[0.605s] [ 37%] [32mBuilding CXX object CMakeFiles/perception_node.dir/src/Calibration/calibration.cpp.o[0m
[0.606s] [ 37%] [32mBuilding CXX object CMakeFiles/perception_node.dir/src/Depth/depth.cpp.o[0m
[0.606s] [ 37%] [32mBuilding CXX object CMakeFiles/perception_node.dir/src/Keypoints/keypoints.cpp.o[0m
[0.606s] [ 50%] [32mBuilding CXX object CMakeFiles/perception_node.dir/src/Calibration/rectification.cpp.o[0m
[0.606s] [ 62%] [32mBuilding CXX object CMakeFiles/perception_node.dir/src/Main/main.cpp.o[0m
[0.606s] [ 75%] [32mBuilding CXX object CMakeFiles/perception_node.dir/src/Main/perception_node.cpp.o[0m
[0.607s] [ 87%] [32mBuilding CXX object CMakeFiles/perception_node.dir/src/Cone/cone.cpp.o[0m
[1.516s] [01m[K/home/alr/Desktop/new_perception/new_eufs_ws/src/perception_pkg/src/Depth/depth.cpp:[m[K In member function ‘[01m[Kbool ConeDepth::CameraConfig::load_from_file(const string&)[m[K’:
[1.516s] [01m[K/home/alr/Desktop/new_perception/new_eufs_ws/src/perception_pkg/src/Depth/depth.cpp:66:15:[m[K [01;31m[Kerror: [m[Kexpected primary-expression before ‘[01m[K<<[m[K’ token
[1.516s]    66 |               [01;31m[K<<[m[K " fx=" << fx << " fy=" << fy
[1.516s]       |               [01;31m[K^~[m[K
[1.517s] [01m[K/home/alr/Desktop/new_perception/new_eufs_ws/src/perception_pkg/src/Depth/depth.cpp:[m[K In function ‘[01m[KConeDepth::MatchResult ConeDepth::match_keypoint(const cv::Mat&, const cv::Mat&, const Point2f&, const ConeDepth::PipelineConfig&)[m[K’:
[1.517s] [01m[K/home/alr/Desktop/new_perception/new_eufs_ws/src/perception_pkg/src/Depth/depth.cpp:220:9:[m[K [01;31m[Kerror: [m[Kexpected primary-expression before ‘[01m[K<<[m[K’ token
[1.518s]   220 |         [01;31m[K<<[m[K "[MATCH FAIL] "
[1.518s]       |         [01;31m[K^~[m[K
[1.518s] [01m[K/home/alr/Desktop/new_perception/new_eufs_ws/src/perception_pkg/src/Depth/depth.cpp:234:9:[m[K [01;31m[Kerror: [m[Kexpected primary-expression before ‘[01m[K<<[m[K’ token
[1.518s]   234 |         [01;31m[K<<[m[K "[UNIQUE FAIL] "
[1.518s]       |         [01;31m[K^~[m[K
[1.621s] [01m[K/home/alr/Desktop/new_perception/new_eufs_ws/src/perception_pkg/src/Calibration/calibration.cpp:[m[K In function ‘[01m[Kbool collect_corners(const string&, std::vector<std::vector<cv::Point_<float> > >&, cv::Size&, const string&)[m[K’:
[1.621s] [01m[K/home/alr/Desktop/new_perception/new_eufs_ws/src/perception_pkg/src/Calibration/calibration.cpp:136:15:[m[K [01;31m[Kerror: [m[Kexpected primary-expression before ‘[01m[K<<[m[K’ token
[1.621s]   136 |               [01;31m[K<<[m[K "  Image size: " << img_size << "\n";
[1.621s]       |               [01;31m[K^~[m[K
[1.627s] [01m[K/home/alr/Desktop/new_perception/new_eufs_ws/src/perception_pkg/src/Calibration/calibration.cpp:[m[K In function ‘[01m[Kvoid compute_rectification_maps(cv::Mat&, cv::Mat&, cv::Mat&, cv::Mat&)[m[K’:
[1.627s] [01m[K/home/alr/Desktop/new_perception/new_eufs_ws/src/perception_pkg/src/Calibration/calibration.cpp:409:15:[m[K [01;31m[Kerror: [m[Kexpected primary-expression before ‘[01m[K<<[m[K’ token
[1.627s]   409 |               [01;31m[K<<[m[K calibration_img_size << " images.\n";
[1.627s]       |               [01;31m[K^~[m[K
[1.775s] [01m[K/home/alr/Desktop/new_perception/new_eufs_ws/src/perception_pkg/src/Cone/cone.cpp:[m[K In function ‘[01m[Kstd::vector<Detection> detect(const cv::Mat&, cv::dnn::dnn4_v20250619::Net&)[m[K’:
[1.775s] [01m[K/home/alr/Desktop/new_perception/new_eufs_ws/src/perception_pkg/src/Cone/cone.cpp:61:11:[m[K [01;31m[Kerror: [m[Kexpected primary-expression before ‘[01m[K<<[m[K’ token
[1.775s]    61 |           [01;31m[K<<[m[K img.cols << "x" << img.rows << std::endl;
[1.775s]       |           [01;31m[K^~[m[K
[1.775s] [01m[K/home/alr/Desktop/new_perception/new_eufs_ws/src/perception_pkg/src/Cone/cone.cpp:64:11:[m[K [01;31m[Kerror: [m[Kexpected primary-expression before ‘[01m[K<<[m[K’ token
[1.775s]    64 |           [01;31m[K<<[m[K blob.size[0] << " "
[1.775s]       |           [01;31m[K^~[m[K
[1.775s] [01m[K/home/alr/Desktop/new_perception/new_eufs_ws/src/perception_pkg/src/Cone/cone.cpp:83:18:[m[K [01;35m[Kwarning: [m[Kunused variable ‘[01m[Kn[m[K’ [[01;35m[K]8;;https://gcc.gnu.org/onlinedocs/gcc/Warning-Options.html#index-Wunused-variable-Wunused-variable]8;;[m[K]
[1.776s]    83 | for (const auto &[01;35m[Kn[m[K : out_names)
[1.776s]       |                  [01;35m[K^[m[K
[1.776s] [01m[K/home/alr/Desktop/new_perception/new_eufs_ws/src/perception_pkg/src/Cone/cone.cpp:98:15:[m[K [01;31m[Kerror: [m[Kexpected primary-expression before ‘[01m[K<<[m[K’ token
[1.776s]    98 |               [01;31m[K<<[m[K raw.size[i] << std::endl;
[1.776s]       |               [01;31m[K^~[m[K
[1.777s] [01m[K/home/alr/Desktop/new_perception/new_eufs_ws/src/perception_pkg/src/Cone/cone.cpp:148:15:[m[K [01;31m[Kerror: [m[Kexpected primary-expression before ‘[01m[K<<[m[K’ token
[1.777s]   148 |               [01;31m[K<<[m[K raw.size[i] << std::endl;
[1.777s]       |               [01;31m[K^~[m[K
[1.777s] [01m[K/home/alr/Desktop/new_perception/new_eufs_ws/src/perception_pkg/src/Cone/cone.cpp:159:9:[m[K [01;31m[Kerror: [m[Kexpected primary-expression before ‘[01m[K<<[m[K’ token
[1.777s]   159 |         [01;31m[K<<[m[K "[" << i << "] "
[1.777s]       |         [01;31m[K^~[m[K
[1.777s] [01m[K/home/alr/Desktop/new_perception/new_eufs_ws/src/perception_pkg/src/Cone/cone.cpp:199:13:[m[K [01;31m[Kerror: [m[Kexpected primary-expression before ‘[01m[K<<[m[K’ token
[1.777s]   199 |             [01;31m[K<<[m[K "  "
[1.777s]       |             [01;31m[K^~[m[K
[1.777s] [01m[K/home/alr/Desktop/new_perception/new_eufs_ws/src/perception_pkg/src/Cone/cone.cpp:207:12:[m[K [01;31m[Kerror: [m[Kexpected primary-expression before ‘[01m[K<<[m[K’ token
[1.777s]   207 |            [01;31m[K<<[m[K "Predicted class = "
[1.777s]       |            [01;31m[K^~[m[K
[1.777s] [01m[K/home/alr/Desktop/new_perception/new_eufs_ws/src/perception_pkg/src/Cone/cone.cpp:227:5:[m[K [01;31m[Kerror: [m[Kexpected primary-expression before ‘[01m[K<<[m[K’ token
[1.778s]   227 |     [01;31m[K<<[m[K "[BOX] "
[1.778s]       |     [01;31m[K^~[m[K
[1.778s] [01m[K/home/alr/Desktop/new_perception/new_eufs_ws/src/perception_pkg/src/Cone/cone.cpp:248:5:[m[K [01;31m[Kerror: [m[Kexpected primary-expression before ‘[01m[K<<[m[K’ token
[1.778s]   248 |     [01;31m[K<<[m[K "[PRE NMS] "
[1.778s]       |     [01;31m[K^~[m[K
[1.787s] [01m[K/home/alr/Desktop/new_perception/new_eufs_ws/src/perception_pkg/src/Cone/cone.cpp:288:9:[m[K [01;31m[Kerror: [m[Kexpected primary-expression before ‘[01m[K<<[m[K’ token
[1.787s]   288 |         [01;31m[K<<[m[K "\n========== FINAL DETECTION ==========\n"
[1.787s]       |         [01;31m[K^~[m[K
[1.787s] [01m[K/home/alr/Desktop/new_perception/new_eufs_ws/src/perception_pkg/src/Cone/cone.cpp:275:10:[m[K [01;35m[Kwarning: [m[Kunused variable ‘[01m[Kidx[m[K’ [[01;35m[K]8;;https://gcc.gnu.org/onlinedocs/gcc/Warning-Options.html#index-Wunused-variable-Wunused-variable]8;;[m[K]
[1.787s]   275 | for (int [01;35m[Kidx[m[K : nms_idx)
[1.787s]       |          [01;35m[K^~~[m[K
[1.787s] [01m[K/home/alr/Desktop/new_perception/new_eufs_ws/src/perception_pkg/src/Cone/cone.cpp:303:11:[m[K [01;31m[Kerror: [m[Kexpected primary-expression before ‘[01m[K<<[m[K’ token
[1.787s]   303 |           [01;31m[K<<[m[K detections.size()
[1.787s]       |           [01;31m[K^~[m[K
[1.788s] [01m[K/home/alr/Desktop/new_perception/new_eufs_ws/src/perception_pkg/src/Cone/cone.cpp:[m[K In function ‘[01m[Kvoid draw_detections(cv::Mat&, const std::vector<Detection>&)[m[K’:
[1.788s] [01m[K/home/alr/Desktop/new_perception/new_eufs_ws/src/perception_pkg/src/Cone/cone.cpp:324:13:[m[K [01;31m[Kerror: [m[Kexpected primary-expression before ‘[01m[K<<[m[K’ token
[1.788s]   324 |             [01;31m[K<<[m[K "\n========== DRAW ==========\n"
[1.788s]       |             [01;31m[K^~[m[K
[1.788s] [01m[K/home/alr/Desktop/new_perception/new_eufs_ws/src/perception_pkg/src/Cone/cone.cpp:337:13:[m[K [01;31m[Kerror: [m[Kexpected primary-expression before ‘[01m[K<<[m[K’ token
[1.788s]   337 |             [01;31m[K<<[m[K "BGR = ("
[1.788s]       |             [01;31m[K^~[m[K
[1.788s] [01m[K/home/alr/Desktop/new_perception/new_eufs_ws/src/perception_pkg/src/Keypoints/keypoints.cpp:[m[K In function ‘[01m[Kstd::vector<Keypoints> detect_keypoints(std::vector<Detection>&, cv::Mat&, cv::dnn::dnn4_v20250619::Net&)[m[K’:
[1.789s] [01m[K/home/alr/Desktop/new_perception/new_eufs_ws/src/perception_pkg/src/Keypoints/keypoints.cpp:71:15:[m[K [01;31m[Kerror: [m[Kexpected primary-expression before ‘[01m[K<<[m[K’ token
[1.789s]    71 |               [01;31m[K<<[m[K detections.size() << std::endl;
[1.789s]       |               [01;31m[K^~[m[K
[1.793s] [01m[K/home/alr/Desktop/new_perception/new_eufs_ws/src/perception_pkg/src/Keypoints/keypoints.cpp:75:9:[m[K [01;31m[Kerror: [m[Kexpected primary-expression before ‘[01m[K<<[m[K’ token
[1.793s]    75 |         [01;31m[K<<[m[K "[INPUT BOX] "
[1.793s]       |         [01;31m[K^~[m[K
[1.793s] [01m[K/home/alr/Desktop/new_perception/new_eufs_ws/src/perception_pkg/src/Keypoints/keypoints.cpp:85:5:[m[K [01;31m[Kerror: [m[Kexpected primary-expression before ‘[01m[K<<[m[K’ token
[1.793s]    85 |     [01;31m[K<<[m[K "img = "
[1.793s]       |     [01;31m[K^~[m[K
[1.793s] [01m[K/home/alr/Desktop/new_perception/new_eufs_ws/src/perception_pkg/src/Keypoints/keypoints.cpp:90:5:[m[K [01;31m[Kerror: [m[Kexpected primary-expression before ‘[01m[K<<[m[K’ token
[1.793s]    90 |     [01;31m[K<<[m[K "det = "
[1.793s]       |     [01;31m[K^~[m[K
[1.793s] [01m[K/home/alr/Desktop/new_perception/new_eufs_ws/src/perception_pkg/src/Keypoints/keypoints.cpp:102:5:[m[K [01;31m[Kerror: [m[Kexpected primary-expression before ‘[01m[K<<[m[K’ token
[1.793s]   102 |     [01;31m[K<<[m[K "roi = "
[1.793s]       |     [01;31m[K^~[m[K
[1.793s] [01m[K/home/alr/Desktop/new_perception/new_eufs_ws/src/perception_pkg/src/Keypoints/keypoints.cpp:112:11:[m[K [01;31m[Kerror: [m[Kexpected primary-expression before ‘[01m[K<<[m[K’ token
[1.793s]   112 |           [01;31m[K<<[m[K roi_rect.x << " "
[1.794s]       |           [01;31m[K^~[m[K
[1.794s] [01m[K/home/alr/Desktop/new_perception/new_eufs_ws/src/perception_pkg/src/Keypoints/keypoints.cpp:159:5:[m[K [01;31m[Kerror: [m[Kexpected primary-expression before ‘[01m[K<<[m[K’ token
[1.794s]   159 |     [01;31m[K<<[m[K "[BOX] "
[1.794s]       |     [01;31m[K^~[m[K
[1.794s] [01m[K/home/alr/Desktop/new_perception/new_eufs_ws/src/perception_pkg/src/Keypoints/keypoints.cpp:208:11:[m[K [01;31m[Kerror: [m[Kexpected primary-expression before ‘[01m[K<<[m[K’ token
[1.794s]   208 |           [01;31m[K<<[m[K best.confidence << std::endl;
[1.794s]       |           [01;31m[K^~[m[K
[1.795s] [01m[K/home/alr/Desktop/new_perception/new_eufs_ws/src/perception_pkg/src/Keypoints/keypoints.cpp:214:11:[m[K [01;31m[Kerror: [m[Kexpected primary-expression before ‘[01m[K<<[m[K’ token
[1.795s]   214 |           [01;31m[K<<[m[K results.size() << std::endl;
[1.795s]       |           [01;31m[K^~[m[K
[1.934s] gmake[2]: *** [CMakeFiles/perception_node.dir/build.make:146: CMakeFiles/perception_node.dir/src/Calibration/calibration.cpp.o] Error 1
[1.934s] gmake[2]: *** Waiting for unfinished jobs....
[1.937s] gmake[2]: *** [CMakeFiles/perception_node.dir/build.make:132: CMakeFiles/perception_node.dir/src/Depth/depth.cpp.o] Error 1
[2.080s] gmake[2]: *** [CMakeFiles/perception_node.dir/build.make:104: CMakeFiles/perception_node.dir/src/Cone/cone.cpp.o] Error 1
[2.137s] gmake[2]: *** [CMakeFiles/perception_node.dir/build.make:118: CMakeFiles/perception_node.dir/src/Keypoints/keypoints.cpp.o] Error 1
[2.761s] [01m[K/home/alr/Desktop/new_perception/new_eufs_ws/src/perception_pkg/src/Main/perception_node.cpp:[m[K In member function ‘[01m[Kvoid PerceptionNode::processFrame()[m[K’:
[2.761s] [01m[K/home/alr/Desktop/new_perception/new_eufs_ws/src/perception_pkg/src/Main/perception_node.cpp:167:9:[m[K [01;31m[Kerror: [m[Kexpected primary-expression before ‘[01m[K<<[m[K’ token
[2.761s]   167 |         [01;31m[K<<[m[K "class_id=" << d.class_id
[2.761s]       |         [01;31m[K^~[m[K
[2.764s] [01m[K/home/alr/Desktop/new_perception/new_eufs_ws/src/perception_pkg/src/Main/perception_node.cpp:227:8:[m[K [01;31m[Kerror: [m[Kexpected primary-expression before ‘[01m[K<<[m[K’ token
[2.764s]   227 |        [01;31m[K<<[m[K "\n========== PUBLISH ==========\n"
[2.764s]       |        [01;31m[K^~[m[K
[4.447s] gmake[2]: *** [CMakeFiles/perception_node.dir/build.make:90: CMakeFiles/perception_node.dir/src/Main/perception_node.cpp.o] Error 1
[4.447s] gmake[1]: *** [CMakeFiles/Makefile2:137: CMakeFiles/perception_node.dir/all] Error 2
[4.448s] gmake: *** [Makefile:146: all] Error 2
[4.449s] Invoked command in '/home/alr/Desktop/new_perception/new_eufs_ws/build/perception_pkg' returned '2': CMAKE_PREFIX_PATH=/home/alr/Desktop/new_perception/new_eufs_ws/install/eufs_msgs:/home/alr/Desktop/new_perception/new_eufs_ws/install/cv_bridge:/home/alr/Desktop/new_perception/new_eufs_ws/install/cone_msgs:/home/alr/Desktop/new_perception/new_eufs_ws/install/vision_opencv:/home/alr/Desktop/new_perception/new_eufs_ws/install/perception_pkg:/home/alr/Desktop/new_perception/new_eufs_ws/install/my_state_estimator:/home/alr/Desktop/new_perception/new_eufs_ws/install/my_slam_pkg:/home/alr/Desktop/new_perception/new_eufs_ws/install/my_controller_pkg:/home/alr/Desktop/new_perception/new_eufs_ws/install/eufs_plugins:/home/alr/Desktop/new_perception/new_eufs_ws/install/image_geometry:/home/alr/Desktop/new_perception/new_eufs_ws/install/eufs_sensors:/home/alr/Desktop/new_perception/new_eufs_ws/install/eufs_models:/home/alr/Desktop/new_perception/new_eufs_ws/install/opencv_tests:/home/alr/Desktop/new_perception/new_eufs_ws/install/fsd_planner:/home/alr/Desktop/new_perception/new_eufs_ws/install/eufs_launcher:/home/alr/Desktop/new_perception/new_eufs_ws/install/eufs_tracks:/home/alr/Desktop/new_perception/new_eufs_ws/install/eufs_rqt:/home/alr/Desktop/new_perception/new_eufs_ws/install/eufs_racecar:/opt/ros/humble LD_LIBRARY_PATH=/home/alr/Desktop/new_perception/new_eufs_ws/install/eufs_msgs/lib:/home/alr/Desktop/new_perception/new_eufs_ws/install/cv_bridge/lib:/home/alr/Desktop/new_perception/new_eufs_ws/install/cone_msgs/lib:/home/alr/Desktop/new_perception/new_eufs_ws/install/eufs_plugins/lib:/home/alr/Desktop/new_perception/new_eufs_ws/install/image_geometry/lib:/home/alr/Desktop/new_perception/new_eufs_ws/install/eufs_models/lib:/usr/lib/x86_64-linux-gnu/gazebo-11/plugins:/opt/ros/humble/opt/rviz_ogre_vendor/lib:/opt/ros/humble/lib/x86_64-linux-gnu:/opt/ros/humble/lib:/usr/local/cuda-12.9/lib64 /usr/bin/cmake --build /home/alr/Desktop/new_perception/new_eufs_ws/build/perception_pkg -- -j20 -l20
