[0.027s] Invoking command in '/home/alr/Desktop/new_perception/new_eufs_ws/build/eufs_models': CMAKE_PREFIX_PATH=/home/alr/Desktop/new_perception/new_eufs_ws/install/eufs_msgs:/home/alr/Desktop/new_perception/new_eufs_ws/install/vision_opencv:/home/alr/Desktop/new_perception/new_eufs_ws/install/perception_pkg:/home/alr/Desktop/new_perception/new_eufs_ws/install/my_state_estimator:/home/alr/Desktop/new_perception/new_eufs_ws/install/my_slam_pkg:/home/alr/Desktop/new_perception/new_eufs_ws/install/my_controller_pkg:/home/alr/Desktop/new_perception/new_eufs_ws/install/eufs_plugins:/home/alr/Desktop/new_perception/new_eufs_ws/install/image_geometry:/home/alr/Desktop/new_perception/new_eufs_ws/install/eufs_sensors:/home/alr/Desktop/new_perception/new_eufs_ws/install/eufs_models:/home/alr/Desktop/new_perception/new_eufs_ws/install/cv_bridge:/home/alr/Desktop/new_perception/new_eufs_ws/install/cone_msgs:/home/alr/Desktop/new_perception/new_eufs_ws/install/opencv_tests:/home/alr/Desktop/new_perception/new_eufs_ws/install/fsd_planner:/home/alr/Desktop/new_perception/new_eufs_ws/install/eufs_launcher:/home/alr/Desktop/new_perception/new_eufs_ws/install/eufs_tracks:/home/alr/Desktop/new_perception/new_eufs_ws/install/eufs_rqt:/home/alr/Desktop/new_perception/new_eufs_ws/install/eufs_racecar:/opt/ros/humble LD_LIBRARY_PATH=/home/alr/Desktop/new_perception/new_eufs_ws/install/eufs_msgs/lib:/opt/opencv-4.12/lib:/home/alr/Desktop/new_perception/new_eufs_ws/install/eufs_plugins/lib:/home/alr/Desktop/new_perception/new_eufs_ws/install/image_geometry/lib:/home/alr/Desktop/new_perception/new_eufs_ws/install/eufs_models/lib:/home/alr/Desktop/new_perception/new_eufs_ws/install/cv_bridge/lib:/home/alr/Desktop/new_perception/new_eufs_ws/install/cone_msgs/lib:/usr/lib/x86_64-linux-gnu/gazebo-11/plugins:/opt/ros/humble/opt/rviz_ogre_vendor/lib:/opt/ros/humble/lib/x86_64-linux-gnu:/opt/ros/humble/lib:/usr/local/cuda-12.9/lib64 /usr/bin/cmake /home/alr/Desktop/new_perception/new_eufs_ws/src/eufs_sim/eufs_models -DAMENT_CMAKE_SYMLINK_INSTALL=1 -DCMAKE_INSTALL_PREFIX=/home/alr/Desktop/new_perception/new_eufs_ws/install/eufs_models
[0.322s] -- The C compiler identification is GNU 11.4.0
[0.323s] -- The CXX compiler identification is GNU 11.4.0
[0.323s] -- Detecting C compiler ABI info
[0.323s] -- Detecting C compiler ABI info - done
[0.323s] -- Check for working C compiler: /usr/bin/cc - skipped
[0.323s] -- Detecting C compile features
[0.323s] -- Detecting C compile features - done
[0.323s] -- Detecting CXX compiler ABI info
[0.323s] -- Detecting CXX compiler ABI info - done
[0.323s] -- Check for working CXX compiler: /usr/bin/c++ - skipped
[0.323s] -- Detecting CXX compile features
[0.323s] -- Detecting CXX compile features - done
[0.323s] -- Found ament_cmake: 1.3.14 (/opt/ros/humble/share/ament_cmake/cmake)
[0.709s] -- Found Python3: /usr/bin/python3 (found version "3.10.12") found components: Interpreter 
[0.787s] -- Override CMake install command with custom implementation using symlinks instead of copying resources
[0.826s] -- Found eufs_msgs: 2.0.0 (/home/alr/Desktop/new_perception/new_eufs_ws/install/eufs_msgs/share/eufs_msgs/cmake)
[0.854s] -- Found rosidl_generator_c: 3.1.8 (/opt/ros/humble/share/rosidl_generator_c/cmake)
[0.858s] -- Found rosidl_adapter: 3.1.8 (/opt/ros/humble/share/rosidl_adapter/cmake)
[0.864s] -- Found rosidl_generator_cpp: 3.1.8 (/opt/ros/humble/share/rosidl_generator_cpp/cmake)
[0.873s] -- Using all available rosidl_typesupport_c: rosidl_typesupport_fastrtps_c;rosidl_typesupport_introspection_c
[0.885s] -- Using all available rosidl_typesupport_cpp: rosidl_typesupport_fastrtps_cpp;rosidl_typesupport_introspection_cpp
[1.036s] -- Configuring done
[1.040s] -- Generating done
[1.042s] -- Build files have been written to: /home/alr/Desktop/new_perception/new_eufs_ws/build/eufs_models
[1.047s] Invoked command in '/home/alr/Desktop/new_perception/new_eufs_ws/build/eufs_models' returned '0': CMAKE_PREFIX_PATH=/home/alr/Desktop/new_perception/new_eufs_ws/install/eufs_msgs:/home/alr/Desktop/new_perception/new_eufs_ws/install/vision_opencv:/home/alr/Desktop/new_perception/new_eufs_ws/install/perception_pkg:/home/alr/Desktop/new_perception/new_eufs_ws/install/my_state_estimator:/home/alr/Desktop/new_perception/new_eufs_ws/install/my_slam_pkg:/home/alr/Desktop/new_perception/new_eufs_ws/install/my_controller_pkg:/home/alr/Desktop/new_perception/new_eufs_ws/install/eufs_plugins:/home/alr/Desktop/new_perception/new_eufs_ws/install/image_geometry:/home/alr/Desktop/new_perception/new_eufs_ws/install/eufs_sensors:/home/alr/Desktop/new_perception/new_eufs_ws/install/eufs_models:/home/alr/Desktop/new_perception/new_eufs_ws/install/cv_bridge:/home/alr/Desktop/new_perception/new_eufs_ws/install/cone_msgs:/home/alr/Desktop/new_perception/new_eufs_ws/install/opencv_tests:/home/alr/Desktop/new_perception/new_eufs_ws/install/fsd_planner:/home/alr/Desktop/new_perception/new_eufs_ws/install/eufs_launcher:/home/alr/Desktop/new_perception/new_eufs_ws/install/eufs_tracks:/home/alr/Desktop/new_perception/new_eufs_ws/install/eufs_rqt:/home/alr/Desktop/new_perception/new_eufs_ws/install/eufs_racecar:/opt/ros/humble LD_LIBRARY_PATH=/home/alr/Desktop/new_perception/new_eufs_ws/install/eufs_msgs/lib:/opt/opencv-4.12/lib:/home/alr/Desktop/new_perception/new_eufs_ws/install/eufs_plugins/lib:/home/alr/Desktop/new_perception/new_eufs_ws/install/image_geometry/lib:/home/alr/Desktop/new_perception/new_eufs_ws/install/eufs_models/lib:/home/alr/Desktop/new_perception/new_eufs_ws/install/cv_bridge/lib:/home/alr/Desktop/new_perception/new_eufs_ws/install/cone_msgs/lib:/usr/lib/x86_64-linux-gnu/gazebo-11/plugins:/opt/ros/humble/opt/rviz_ogre_vendor/lib:/opt/ros/humble/lib/x86_64-linux-gnu:/opt/ros/humble/lib:/usr/local/cuda-12.9/lib64 /usr/bin/cmake /home/alr/Desktop/new_perception/new_eufs_ws/src/eufs_sim/eufs_models -DAMENT_CMAKE_SYMLINK_INSTALL=1 -DCMAKE_INSTALL_PREFIX=/home/alr/Desktop/new_perception/new_eufs_ws/install/eufs_models
[1.048s] Invoking command in '/home/alr/Desktop/new_perception/new_eufs_ws/build/eufs_models': CMAKE_PREFIX_PATH=/home/alr/Desktop/new_perception/new_eufs_ws/install/eufs_msgs:/home/alr/Desktop/new_perception/new_eufs_ws/install/vision_opencv:/home/alr/Desktop/new_perception/new_eufs_ws/install/perception_pkg:/home/alr/Desktop/new_perception/new_eufs_ws/install/my_state_estimator:/home/alr/Desktop/new_perception/new_eufs_ws/install/my_slam_pkg:/home/alr/Desktop/new_perception/new_eufs_ws/install/my_controller_pkg:/home/alr/Desktop/new_perception/new_eufs_ws/install/eufs_plugins:/home/alr/Desktop/new_perception/new_eufs_ws/install/image_geometry:/home/alr/Desktop/new_perception/new_eufs_ws/install/eufs_sensors:/home/alr/Desktop/new_perception/new_eufs_ws/install/eufs_models:/home/alr/Desktop/new_perception/new_eufs_ws/install/cv_bridge:/home/alr/Desktop/new_perception/new_eufs_ws/install/cone_msgs:/home/alr/Desktop/new_perception/new_eufs_ws/install/opencv_tests:/home/alr/Desktop/new_perception/new_eufs_ws/install/fsd_planner:/home/alr/Desktop/new_perception/new_eufs_ws/install/eufs_launcher:/home/alr/Desktop/new_perception/new_eufs_ws/install/eufs_tracks:/home/alr/Desktop/new_perception/new_eufs_ws/install/eufs_rqt:/home/alr/Desktop/new_perception/new_eufs_ws/install/eufs_racecar:/opt/ros/humble LD_LIBRARY_PATH=/home/alr/Desktop/new_perception/new_eufs_ws/install/eufs_msgs/lib:/opt/opencv-4.12/lib:/home/alr/Desktop/new_perception/new_eufs_ws/install/eufs_plugins/lib:/home/alr/Desktop/new_perception/new_eufs_ws/install/image_geometry/lib:/home/alr/Desktop/new_perception/new_eufs_ws/install/eufs_models/lib:/home/alr/Desktop/new_perception/new_eufs_ws/install/cv_bridge/lib:/home/alr/Desktop/new_perception/new_eufs_ws/install/cone_msgs/lib:/usr/lib/x86_64-linux-gnu/gazebo-11/plugins:/opt/ros/humble/opt/rviz_ogre_vendor/lib:/opt/ros/humble/lib/x86_64-linux-gnu:/opt/ros/humble/lib:/usr/local/cuda-12.9/lib64 /usr/bin/cmake --build /home/alr/Desktop/new_perception/new_eufs_ws/build/eufs_models -- -j20 -l20
[1.089s] [ 75%] [32mBuilding CXX object CMakeFiles/eufs_models.dir/src/point_mass.cpp.o[0m
[1.089s] [ 75%] [32mBuilding CXX object CMakeFiles/eufs_models.dir/src/vehicle_model.cpp.o[0m
[1.089s] [ 75%] [32mBuilding CXX object CMakeFiles/eufs_models.dir/src/dynamic_bicycle.cpp.o[0m
[1.837s] [100%] [32m[1mLinking CXX static library libeufs_models.a[0m
[1.868s] [100%] Built target eufs_models
[1.876s] Invoked command in '/home/alr/Desktop/new_perception/new_eufs_ws/build/eufs_models' returned '0': CMAKE_PREFIX_PATH=/home/alr/Desktop/new_perception/new_eufs_ws/install/eufs_msgs:/home/alr/Desktop/new_perception/new_eufs_ws/install/vision_opencv:/home/alr/Desktop/new_perception/new_eufs_ws/install/perception_pkg:/home/alr/Desktop/new_perception/new_eufs_ws/install/my_state_estimator:/home/alr/Desktop/new_perception/new_eufs_ws/install/my_slam_pkg:/home/alr/Desktop/new_perception/new_eufs_ws/install/my_controller_pkg:/home/alr/Desktop/new_perception/new_eufs_ws/install/eufs_plugins:/home/alr/Desktop/new_perception/new_eufs_ws/install/image_geometry:/home/alr/Desktop/new_perception/new_eufs_ws/install/eufs_sensors:/home/alr/Desktop/new_perception/new_eufs_ws/install/eufs_models:/home/alr/Desktop/new_perception/new_eufs_ws/install/cv_bridge:/home/alr/Desktop/new_perception/new_eufs_ws/install/cone_msgs:/home/alr/Desktop/new_perception/new_eufs_ws/install/opencv_tests:/home/alr/Desktop/new_perception/new_eufs_ws/install/fsd_planner:/home/alr/Desktop/new_perception/new_eufs_ws/install/eufs_launcher:/home/alr/Desktop/new_perception/new_eufs_ws/install/eufs_tracks:/home/alr/Desktop/new_perception/new_eufs_ws/install/eufs_rqt:/home/alr/Desktop/new_perception/new_eufs_ws/install/eufs_racecar:/opt/ros/humble LD_LIBRARY_PATH=/home/alr/Desktop/new_perception/new_eufs_ws/install/eufs_msgs/lib:/opt/opencv-4.12/lib:/home/alr/Desktop/new_perception/new_eufs_ws/install/eufs_plugins/lib:/home/alr/Desktop/new_perception/new_eufs_ws/install/image_geometry/lib:/home/alr/Desktop/new_perception/new_eufs_ws/install/eufs_models/lib:/home/alr/Desktop/new_perception/new_eufs_ws/install/cv_bridge/lib:/home/alr/Desktop/new_perception/new_eufs_ws/install/cone_msgs/lib:/usr/lib/x86_64-linux-gnu/gazebo-11/plugins:/opt/ros/humble/opt/rviz_ogre_vendor/lib:/opt/ros/humble/lib/x86_64-linux-gnu:/opt/ros/humble/lib:/usr/local/cuda-12.9/lib64 /usr/bin/cmake --build /home/alr/Desktop/new_perception/new_eufs_ws/build/eufs_models -- -j20 -l20
[1.878s] Invoking command in '/home/alr/Desktop/new_perception/new_eufs_ws/build/eufs_models': CMAKE_PREFIX_PATH=/home/alr/Desktop/new_perception/new_eufs_ws/install/eufs_msgs:/home/alr/Desktop/new_perception/new_eufs_ws/install/vision_opencv:/home/alr/Desktop/new_perception/new_eufs_ws/install/perception_pkg:/home/alr/Desktop/new_perception/new_eufs_ws/install/my_state_estimator:/home/alr/Desktop/new_perception/new_eufs_ws/install/my_slam_pkg:/home/alr/Desktop/new_perception/new_eufs_ws/install/my_controller_pkg:/home/alr/Desktop/new_perception/new_eufs_ws/install/eufs_plugins:/home/alr/Desktop/new_perception/new_eufs_ws/install/image_geometry:/home/alr/Desktop/new_perception/new_eufs_ws/install/eufs_sensors:/home/alr/Desktop/new_perception/new_eufs_ws/install/eufs_models:/home/alr/Desktop/new_perception/new_eufs_ws/install/cv_bridge:/home/alr/Desktop/new_perception/new_eufs_ws/install/cone_msgs:/home/alr/Desktop/new_perception/new_eufs_ws/install/opencv_tests:/home/alr/Desktop/new_perception/new_eufs_ws/install/fsd_planner:/home/alr/Desktop/new_perception/new_eufs_ws/install/eufs_launcher:/home/alr/Desktop/new_perception/new_eufs_ws/install/eufs_tracks:/home/alr/Desktop/new_perception/new_eufs_ws/install/eufs_rqt:/home/alr/Desktop/new_perception/new_eufs_ws/install/eufs_racecar:/opt/ros/humble LD_LIBRARY_PATH=/home/alr/Desktop/new_perception/new_eufs_ws/install/eufs_msgs/lib:/opt/opencv-4.12/lib:/home/alr/Desktop/new_perception/new_eufs_ws/install/eufs_plugins/lib:/home/alr/Desktop/new_perception/new_eufs_ws/install/image_geometry/lib:/home/alr/Desktop/new_perception/new_eufs_ws/install/eufs_models/lib:/home/alr/Desktop/new_perception/new_eufs_ws/install/cv_bridge/lib:/home/alr/Desktop/new_perception/new_eufs_ws/install/cone_msgs/lib:/usr/lib/x86_64-linux-gnu/gazebo-11/plugins:/opt/ros/humble/opt/rviz_ogre_vendor/lib:/opt/ros/humble/lib/x86_64-linux-gnu:/opt/ros/humble/lib:/usr/local/cuda-12.9/lib64 /usr/bin/cmake --install /home/alr/Desktop/new_perception/new_eufs_ws/build/eufs_models
[1.886s] -- Install configuration: ""
[1.886s] -- Execute custom install script
[1.887s] -- Symlinking: /home/alr/Desktop/new_perception/new_eufs_ws/install/eufs_models/share/eufs_models/environment/library_path.sh
[1.894s] -- Symlinking: /home/alr/Desktop/new_perception/new_eufs_ws/install/eufs_models/share/eufs_models/environment/library_path.dsv
[1.901s] -- Symlinking: /home/alr/Desktop/new_perception/new_eufs_ws/install/eufs_models/include/eufs_models/dynamic_bicycle.hpp
[1.908s] -- Symlinking: /home/alr/Desktop/new_perception/new_eufs_ws/install/eufs_models/include/eufs_models/eufs_models.hpp
[1.915s] -- Symlinking: /home/alr/Desktop/new_perception/new_eufs_ws/install/eufs_models/include/eufs_models/noise.hpp
[1.922s] -- Symlinking: /home/alr/Desktop/new_perception/new_eufs_ws/install/eufs_models/include/eufs_models/point_mass.hpp
[1.929s] -- Symlinking: /home/alr/Desktop/new_perception/new_eufs_ws/install/eufs_models/include/eufs_models/vehicle_input.hpp
[1.935s] -- Symlinking: /home/alr/Desktop/new_perception/new_eufs_ws/install/eufs_models/include/eufs_models/vehicle_model.hpp
[1.942s] -- Symlinking: /home/alr/Desktop/new_perception/new_eufs_ws/install/eufs_models/include/eufs_models/vehicle_param.hpp
[1.949s] -- Symlinking: /home/alr/Desktop/new_perception/new_eufs_ws/install/eufs_models/include/eufs_models/vehicle_state.hpp
[1.956s] -- Symlinking: /home/alr/Desktop/new_perception/new_eufs_ws/install/eufs_models/share/ament_index/resource_index/package_run_dependencies/eufs_models
[1.962s] -- Symlinking: /home/alr/Desktop/new_perception/new_eufs_ws/install/eufs_models/share/ament_index/resource_index/parent_prefix_path/eufs_models
[1.969s] -- Symlinking: /home/alr/Desktop/new_perception/new_eufs_ws/install/eufs_models/share/eufs_models/environment/ament_prefix_path.sh
[1.977s] -- Symlinking: /home/alr/Desktop/new_perception/new_eufs_ws/install/eufs_models/share/eufs_models/environment/ament_prefix_path.dsv
[1.987s] -- Symlinking: /home/alr/Desktop/new_perception/new_eufs_ws/install/eufs_models/share/eufs_models/environment/path.sh
[1.998s] -- Symlinking: /home/alr/Desktop/new_perception/new_eufs_ws/install/eufs_models/share/eufs_models/environment/path.dsv
[2.010s] -- Symlinking: /home/alr/Desktop/new_perception/new_eufs_ws/install/eufs_models/share/eufs_models/local_setup.bash
[2.020s] -- Symlinking: /home/alr/Desktop/new_perception/new_eufs_ws/install/eufs_models/share/eufs_models/local_setup.sh
[2.032s] -- Symlinking: /home/alr/Desktop/new_perception/new_eufs_ws/install/eufs_models/share/eufs_models/local_setup.zsh
[2.038s] -- Symlinking: /home/alr/Desktop/new_perception/new_eufs_ws/install/eufs_models/share/eufs_models/local_setup.dsv
[2.045s] -- Symlinking: /home/alr/Desktop/new_perception/new_eufs_ws/install/eufs_models/share/eufs_models/package.dsv
[2.053s] -- Symlinking: /home/alr/Desktop/new_perception/new_eufs_ws/install/eufs_models/share/ament_index/resource_index/packages/eufs_models
[2.060s] -- Symlinking: /home/alr/Desktop/new_perception/new_eufs_ws/install/eufs_models/share/eufs_models/cmake/ament_cmake_export_include_directories-extras.cmake
[2.067s] -- Symlinking: /home/alr/Desktop/new_perception/new_eufs_ws/install/eufs_models/share/eufs_models/cmake/ament_cmake_export_libraries-extras.cmake
[2.074s] -- Symlinking: /home/alr/Desktop/new_perception/new_eufs_ws/install/eufs_models/share/eufs_models/cmake/ament_cmake_export_targets-extras.cmake
[2.081s] -- Symlinking: /home/alr/Desktop/new_perception/new_eufs_ws/install/eufs_models/share/eufs_models/cmake/ament_cmake_export_dependencies-extras.cmake
[2.088s] -- Symlinking: /home/alr/Desktop/new_perception/new_eufs_ws/install/eufs_models/share/eufs_models/cmake/eufs_modelsConfig.cmake
[2.095s] -- Symlinking: /home/alr/Desktop/new_perception/new_eufs_ws/install/eufs_models/share/eufs_models/cmake/eufs_modelsConfig-version.cmake
[2.102s] -- Symlinking: /home/alr/Desktop/new_perception/new_eufs_ws/install/eufs_models/share/eufs_models/package.xml
[2.109s] -- Symlinking: /home/alr/Desktop/new_perception/new_eufs_ws/install/eufs_models/share/eufs_models/models/models.txt
[2.116s] -- Symlinking: /home/alr/Desktop/new_perception/new_eufs_ws/install/eufs_models/share/eufs_models/config/noise.yaml
[2.124s] -- Installing: /home/alr/Desktop/new_perception/new_eufs_ws/install/eufs_models/lib/libeufs_models.a
[2.125s] -- Installing: /home/alr/Desktop/new_perception/new_eufs_ws/install/eufs_models/share/eufs_models/cmake/export_eufs_modelsExport.cmake
[2.125s] -- Installing: /home/alr/Desktop/new_perception/new_eufs_ws/install/eufs_models/share/eufs_models/cmake/export_eufs_modelsExport-noconfig.cmake
[2.128s] Invoked command in '/home/alr/Desktop/new_perception/new_eufs_ws/build/eufs_models' returned '0': CMAKE_PREFIX_PATH=/home/alr/Desktop/new_perception/new_eufs_ws/install/eufs_msgs:/home/alr/Desktop/new_perception/new_eufs_ws/install/vision_opencv:/home/alr/Desktop/new_perception/new_eufs_ws/install/perception_pkg:/home/alr/Desktop/new_perception/new_eufs_ws/install/my_state_estimator:/home/alr/Desktop/new_perception/new_eufs_ws/install/my_slam_pkg:/home/alr/Desktop/new_perception/new_eufs_ws/install/my_controller_pkg:/home/alr/Desktop/new_perception/new_eufs_ws/install/eufs_plugins:/home/alr/Desktop/new_perception/new_eufs_ws/install/image_geometry:/home/alr/Desktop/new_perception/new_eufs_ws/install/eufs_sensors:/home/alr/Desktop/new_perception/new_eufs_ws/install/eufs_models:/home/alr/Desktop/new_perception/new_eufs_ws/install/cv_bridge:/home/alr/Desktop/new_perception/new_eufs_ws/install/cone_msgs:/home/alr/Desktop/new_perception/new_eufs_ws/install/opencv_tests:/home/alr/Desktop/new_perception/new_eufs_ws/install/fsd_planner:/home/alr/Desktop/new_perception/new_eufs_ws/install/eufs_launcher:/home/alr/Desktop/new_perception/new_eufs_ws/install/eufs_tracks:/home/alr/Desktop/new_perception/new_eufs_ws/install/eufs_rqt:/home/alr/Desktop/new_perception/new_eufs_ws/install/eufs_racecar:/opt/ros/humble LD_LIBRARY_PATH=/home/alr/Desktop/new_perception/new_eufs_ws/install/eufs_msgs/lib:/opt/opencv-4.12/lib:/home/alr/Desktop/new_perception/new_eufs_ws/install/eufs_plugins/lib:/home/alr/Desktop/new_perception/new_eufs_ws/install/image_geometry/lib:/home/alr/Desktop/new_perception/new_eufs_ws/install/eufs_models/lib:/home/alr/Desktop/new_perception/new_eufs_ws/install/cv_bridge/lib:/home/alr/Desktop/new_perception/new_eufs_ws/install/cone_msgs/lib:/usr/lib/x86_64-linux-gnu/gazebo-11/plugins:/opt/ros/humble/opt/rviz_ogre_vendor/lib:/opt/ros/humble/lib/x86_64-linux-gnu:/opt/ros/humble/lib:/usr/local/cuda-12.9/lib64 /usr/bin/cmake --install /home/alr/Desktop/new_perception/new_eufs_ws/build/eufs_models
