[0.311s] Invoking command in '/home/alr/Desktop/new_perception/new_eufs_ws/build/my_controller_pkg': CMAKE_PREFIX_PATH=/home/alr/Desktop/new_perception/new_eufs_ws/install/eufs_msgs:/home/alr/Desktop/new_perception/new_eufs_ws/install/vision_opencv:/home/alr/Desktop/new_perception/new_eufs_ws/install/perception_pkg:/home/alr/Desktop/new_perception/new_eufs_ws/install/my_state_estimator:/home/alr/Desktop/new_perception/new_eufs_ws/install/my_slam_pkg:/home/alr/Desktop/new_perception/new_eufs_ws/install/my_controller_pkg:/home/alr/Desktop/new_perception/new_eufs_ws/install/eufs_plugins:/home/alr/Desktop/new_perception/new_eufs_ws/install/image_geometry:/home/alr/Desktop/new_perception/new_eufs_ws/install/eufs_sensors:/home/alr/Desktop/new_perception/new_eufs_ws/install/eufs_models:/home/alr/Desktop/new_perception/new_eufs_ws/install/cv_bridge:/home/alr/Desktop/new_perception/new_eufs_ws/install/cone_msgs:/home/alr/Desktop/new_perception/new_eufs_ws/install/opencv_tests:/home/alr/Desktop/new_perception/new_eufs_ws/install/fsd_planner:/home/alr/Desktop/new_perception/new_eufs_ws/install/eufs_launcher:/home/alr/Desktop/new_perception/new_eufs_ws/install/eufs_tracks:/home/alr/Desktop/new_perception/new_eufs_ws/install/eufs_rqt:/home/alr/Desktop/new_perception/new_eufs_ws/install/eufs_racecar:/opt/ros/humble LD_LIBRARY_PATH=/home/alr/Desktop/new_perception/new_eufs_ws/install/eufs_msgs/lib:/opt/opencv-4.12/lib:/home/alr/Desktop/new_perception/new_eufs_ws/install/eufs_plugins/lib:/home/alr/Desktop/new_perception/new_eufs_ws/install/image_geometry/lib:/home/alr/Desktop/new_perception/new_eufs_ws/install/eufs_models/lib:/home/alr/Desktop/new_perception/new_eufs_ws/install/cv_bridge/lib:/home/alr/Desktop/new_perception/new_eufs_ws/install/cone_msgs/lib:/usr/lib/x86_64-linux-gnu/gazebo-11/plugins:/opt/ros/humble/opt/rviz_ogre_vendor/lib:/opt/ros/humble/lib/x86_64-linux-gnu:/opt/ros/humble/lib:/usr/local/cuda-12.9/lib64 /usr/bin/cmake /home/alr/Desktop/new_perception/new_eufs_ws/src/my_controller_pkg -DAMENT_CMAKE_SYMLINK_INSTALL=1 -DCMAKE_INSTALL_PREFIX=/home/alr/Desktop/new_perception/new_eufs_ws/install/my_controller_pkg
[0.362s] -- The C compiler identification is GNU 11.4.0
[0.412s] -- The CXX compiler identification is GNU 11.4.0
[0.419s] -- Detecting C compiler ABI info
[0.480s] -- Detecting C compiler ABI info - done
[0.487s] -- Check for working C compiler: /usr/bin/cc - skipped
[0.487s] -- Detecting C compile features
[0.488s] -- Detecting C compile features - done
[0.491s] -- Detecting CXX compiler ABI info
[0.555s] -- Detecting CXX compiler ABI info - done
[0.562s] -- Check for working CXX compiler: /usr/bin/c++ - skipped
[0.562s] -- Detecting CXX compile features
[0.562s] -- Detecting CXX compile features - done
[0.564s] -- Found ament_cmake: 1.3.14 (/opt/ros/humble/share/ament_cmake/cmake)
[1.043s] -- Found Python3: /usr/bin/python3 (found version "3.10.12") found components: Interpreter 
[1.112s] -- Override CMake install command with custom implementation using symlinks instead of copying resources
[1.146s] -- Found rclcpp: 16.0.19 (/opt/ros/humble/share/rclcpp/cmake)
[1.175s] -- Found rosidl_generator_c: 3.1.8 (/opt/ros/humble/share/rosidl_generator_c/cmake)
[1.178s] -- Found rosidl_adapter: 3.1.8 (/opt/ros/humble/share/rosidl_adapter/cmake)
[1.184s] -- Found rosidl_generator_cpp: 3.1.8 (/opt/ros/humble/share/rosidl_generator_cpp/cmake)
[1.192s] -- Using all available rosidl_typesupport_c: rosidl_typesupport_fastrtps_c;rosidl_typesupport_introspection_c
[1.203s] -- Using all available rosidl_typesupport_cpp: rosidl_typesupport_fastrtps_cpp;rosidl_typesupport_introspection_cpp
[1.233s] -- Found rmw_implementation_cmake: 6.1.2 (/opt/ros/humble/share/rmw_implementation_cmake/cmake)
[1.235s] -- Found rmw_fastrtps_cpp: 6.2.10 (/opt/ros/humble/share/rmw_fastrtps_cpp/cmake)
[1.305s] -- Found OpenSSL: /usr/lib/x86_64-linux-gnu/libcrypto.so (found version "3.0.2")  
[1.334s] -- Found FastRTPS: /opt/ros/humble/include  
[1.367s] -- Using RMW implementation 'rmw_fastrtps_cpp' as default
[1.377s] -- Looking for pthread.h
[1.435s] -- Looking for pthread.h - found
[1.435s] -- Performing Test CMAKE_HAVE_LIBC_PTHREAD
[1.494s] -- Performing Test CMAKE_HAVE_LIBC_PTHREAD - Success
[1.495s] -- Found Threads: TRUE  
[1.529s] -- Found nav_msgs: 4.9.1 (/opt/ros/humble/share/nav_msgs/cmake)
[1.549s] -- Found ackermann_msgs: 2.0.2 (/opt/ros/humble/share/ackermann_msgs/cmake)
[1.566s] -- Found visualization_msgs: 4.9.1 (/opt/ros/humble/share/visualization_msgs/cmake)
[1.591s] -- Found tf2: 0.25.20 (/opt/ros/humble/share/tf2/cmake)
[1.598s] -- Found tf2_geometry_msgs: 0.25.20 (/opt/ros/humble/share/tf2_geometry_msgs/cmake)
[1.609s] -- Found eigen3_cmake_module: 0.1.1 (/opt/ros/humble/share/eigen3_cmake_module/cmake)
[1.610s] -- Found Eigen3: TRUE (found version "3.4.0") 
[1.611s] -- Ensuring Eigen3 include directory is part of orocos-kdl CMake target
[1.667s] -- Found eufs_msgs: 2.0.0 (/home/alr/Desktop/new_perception/new_eufs_ws/install/eufs_msgs/share/eufs_msgs/cmake)
[1.683s] -- Found std_srvs: 4.9.1 (/opt/ros/humble/share/std_srvs/cmake)
[1.774s] -- Configuring done
[1.786s] -- Generating done
[1.791s] -- Build files have been written to: /home/alr/Desktop/new_perception/new_eufs_ws/build/my_controller_pkg
[1.799s] Invoked command in '/home/alr/Desktop/new_perception/new_eufs_ws/build/my_controller_pkg' returned '0': CMAKE_PREFIX_PATH=/home/alr/Desktop/new_perception/new_eufs_ws/install/eufs_msgs:/home/alr/Desktop/new_perception/new_eufs_ws/install/vision_opencv:/home/alr/Desktop/new_perception/new_eufs_ws/install/perception_pkg:/home/alr/Desktop/new_perception/new_eufs_ws/install/my_state_estimator:/home/alr/Desktop/new_perception/new_eufs_ws/install/my_slam_pkg:/home/alr/Desktop/new_perception/new_eufs_ws/install/my_controller_pkg:/home/alr/Desktop/new_perception/new_eufs_ws/install/eufs_plugins:/home/alr/Desktop/new_perception/new_eufs_ws/install/image_geometry:/home/alr/Desktop/new_perception/new_eufs_ws/install/eufs_sensors:/home/alr/Desktop/new_perception/new_eufs_ws/install/eufs_models:/home/alr/Desktop/new_perception/new_eufs_ws/install/cv_bridge:/home/alr/Desktop/new_perception/new_eufs_ws/install/cone_msgs:/home/alr/Desktop/new_perception/new_eufs_ws/install/opencv_tests:/home/alr/Desktop/new_perception/new_eufs_ws/install/fsd_planner:/home/alr/Desktop/new_perception/new_eufs_ws/install/eufs_launcher:/home/alr/Desktop/new_perception/new_eufs_ws/install/eufs_tracks:/home/alr/Desktop/new_perception/new_eufs_ws/install/eufs_rqt:/home/alr/Desktop/new_perception/new_eufs_ws/install/eufs_racecar:/opt/ros/humble LD_LIBRARY_PATH=/home/alr/Desktop/new_perception/new_eufs_ws/install/eufs_msgs/lib:/opt/opencv-4.12/lib:/home/alr/Desktop/new_perception/new_eufs_ws/install/eufs_plugins/lib:/home/alr/Desktop/new_perception/new_eufs_ws/install/image_geometry/lib:/home/alr/Desktop/new_perception/new_eufs_ws/install/eufs_models/lib:/home/alr/Desktop/new_perception/new_eufs_ws/install/cv_bridge/lib:/home/alr/Desktop/new_perception/new_eufs_ws/install/cone_msgs/lib:/usr/lib/x86_64-linux-gnu/gazebo-11/plugins:/opt/ros/humble/opt/rviz_ogre_vendor/lib:/opt/ros/humble/lib/x86_64-linux-gnu:/opt/ros/humble/lib:/usr/local/cuda-12.9/lib64 /usr/bin/cmake /home/alr/Desktop/new_perception/new_eufs_ws/src/my_controller_pkg -DAMENT_CMAKE_SYMLINK_INSTALL=1 -DCMAKE_INSTALL_PREFIX=/home/alr/Desktop/new_perception/new_eufs_ws/install/my_controller_pkg
[1.800s] Invoking command in '/home/alr/Desktop/new_perception/new_eufs_ws/build/my_controller_pkg': CMAKE_PREFIX_PATH=/home/alr/Desktop/new_perception/new_eufs_ws/install/eufs_msgs:/home/alr/Desktop/new_perception/new_eufs_ws/install/vision_opencv:/home/alr/Desktop/new_perception/new_eufs_ws/install/perception_pkg:/home/alr/Desktop/new_perception/new_eufs_ws/install/my_state_estimator:/home/alr/Desktop/new_perception/new_eufs_ws/install/my_slam_pkg:/home/alr/Desktop/new_perception/new_eufs_ws/install/my_controller_pkg:/home/alr/Desktop/new_perception/new_eufs_ws/install/eufs_plugins:/home/alr/Desktop/new_perception/new_eufs_ws/install/image_geometry:/home/alr/Desktop/new_perception/new_eufs_ws/install/eufs_sensors:/home/alr/Desktop/new_perception/new_eufs_ws/install/eufs_models:/home/alr/Desktop/new_perception/new_eufs_ws/install/cv_bridge:/home/alr/Desktop/new_perception/new_eufs_ws/install/cone_msgs:/home/alr/Desktop/new_perception/new_eufs_ws/install/opencv_tests:/home/alr/Desktop/new_perception/new_eufs_ws/install/fsd_planner:/home/alr/Desktop/new_perception/new_eufs_ws/install/eufs_launcher:/home/alr/Desktop/new_perception/new_eufs_ws/install/eufs_tracks:/home/alr/Desktop/new_perception/new_eufs_ws/install/eufs_rqt:/home/alr/Desktop/new_perception/new_eufs_ws/install/eufs_racecar:/opt/ros/humble LD_LIBRARY_PATH=/home/alr/Desktop/new_perception/new_eufs_ws/install/eufs_msgs/lib:/opt/opencv-4.12/lib:/home/alr/Desktop/new_perception/new_eufs_ws/install/eufs_plugins/lib:/home/alr/Desktop/new_perception/new_eufs_ws/install/image_geometry/lib:/home/alr/Desktop/new_perception/new_eufs_ws/install/eufs_models/lib:/home/alr/Desktop/new_perception/new_eufs_ws/install/cv_bridge/lib:/home/alr/Desktop/new_perception/new_eufs_ws/install/cone_msgs/lib:/usr/lib/x86_64-linux-gnu/gazebo-11/plugins:/opt/ros/humble/opt/rviz_ogre_vendor/lib:/opt/ros/humble/lib/x86_64-linux-gnu:/opt/ros/humble/lib:/usr/local/cuda-12.9/lib64 /usr/bin/cmake --build /home/alr/Desktop/new_perception/new_eufs_ws/build/my_controller_pkg -- -j20 -l20
[1.836s] [ 25%] [32mBuilding CXX object CMakeFiles/mission_manager.dir/src/mission_manager.cpp.o[0m
[1.842s] [ 50%] [32mBuilding CXX object CMakeFiles/pure_pursuit_node.dir/src/pure_pursuit_controller.cpp.o[0m
[9.237s] [ 75%] [32m[1mLinking CXX executable mission_manager[0m
[9.617s] [ 75%] Built target mission_manager
[12.722s] [100%] [32m[1mLinking CXX executable pure_pursuit_node[0m
[13.620s] [100%] Built target pure_pursuit_node
[13.632s] Invoked command in '/home/alr/Desktop/new_perception/new_eufs_ws/build/my_controller_pkg' returned '0': CMAKE_PREFIX_PATH=/home/alr/Desktop/new_perception/new_eufs_ws/install/eufs_msgs:/home/alr/Desktop/new_perception/new_eufs_ws/install/vision_opencv:/home/alr/Desktop/new_perception/new_eufs_ws/install/perception_pkg:/home/alr/Desktop/new_perception/new_eufs_ws/install/my_state_estimator:/home/alr/Desktop/new_perception/new_eufs_ws/install/my_slam_pkg:/home/alr/Desktop/new_perception/new_eufs_ws/install/my_controller_pkg:/home/alr/Desktop/new_perception/new_eufs_ws/install/eufs_plugins:/home/alr/Desktop/new_perception/new_eufs_ws/install/image_geometry:/home/alr/Desktop/new_perception/new_eufs_ws/install/eufs_sensors:/home/alr/Desktop/new_perception/new_eufs_ws/install/eufs_models:/home/alr/Desktop/new_perception/new_eufs_ws/install/cv_bridge:/home/alr/Desktop/new_perception/new_eufs_ws/install/cone_msgs:/home/alr/Desktop/new_perception/new_eufs_ws/install/opencv_tests:/home/alr/Desktop/new_perception/new_eufs_ws/install/fsd_planner:/home/alr/Desktop/new_perception/new_eufs_ws/install/eufs_launcher:/home/alr/Desktop/new_perception/new_eufs_ws/install/eufs_tracks:/home/alr/Desktop/new_perception/new_eufs_ws/install/eufs_rqt:/home/alr/Desktop/new_perception/new_eufs_ws/install/eufs_racecar:/opt/ros/humble LD_LIBRARY_PATH=/home/alr/Desktop/new_perception/new_eufs_ws/install/eufs_msgs/lib:/opt/opencv-4.12/lib:/home/alr/Desktop/new_perception/new_eufs_ws/install/eufs_plugins/lib:/home/alr/Desktop/new_perception/new_eufs_ws/install/image_geometry/lib:/home/alr/Desktop/new_perception/new_eufs_ws/install/eufs_models/lib:/home/alr/Desktop/new_perception/new_eufs_ws/install/cv_bridge/lib:/home/alr/Desktop/new_perception/new_eufs_ws/install/cone_msgs/lib:/usr/lib/x86_64-linux-gnu/gazebo-11/plugins:/opt/ros/humble/opt/rviz_ogre_vendor/lib:/opt/ros/humble/lib/x86_64-linux-gnu:/opt/ros/humble/lib:/usr/local/cuda-12.9/lib64 /usr/bin/cmake --build /home/alr/Desktop/new_perception/new_eufs_ws/build/my_controller_pkg -- -j20 -l20
[13.633s] Invoking command in '/home/alr/Desktop/new_perception/new_eufs_ws/build/my_controller_pkg': CMAKE_PREFIX_PATH=/home/alr/Desktop/new_perception/new_eufs_ws/install/eufs_msgs:/home/alr/Desktop/new_perception/new_eufs_ws/install/vision_opencv:/home/alr/Desktop/new_perception/new_eufs_ws/install/perception_pkg:/home/alr/Desktop/new_perception/new_eufs_ws/install/my_state_estimator:/home/alr/Desktop/new_perception/new_eufs_ws/install/my_slam_pkg:/home/alr/Desktop/new_perception/new_eufs_ws/install/my_controller_pkg:/home/alr/Desktop/new_perception/new_eufs_ws/install/eufs_plugins:/home/alr/Desktop/new_perception/new_eufs_ws/install/image_geometry:/home/alr/Desktop/new_perception/new_eufs_ws/install/eufs_sensors:/home/alr/Desktop/new_perception/new_eufs_ws/install/eufs_models:/home/alr/Desktop/new_perception/new_eufs_ws/install/cv_bridge:/home/alr/Desktop/new_perception/new_eufs_ws/install/cone_msgs:/home/alr/Desktop/new_perception/new_eufs_ws/install/opencv_tests:/home/alr/Desktop/new_perception/new_eufs_ws/install/fsd_planner:/home/alr/Desktop/new_perception/new_eufs_ws/install/eufs_launcher:/home/alr/Desktop/new_perception/new_eufs_ws/install/eufs_tracks:/home/alr/Desktop/new_perception/new_eufs_ws/install/eufs_rqt:/home/alr/Desktop/new_perception/new_eufs_ws/install/eufs_racecar:/opt/ros/humble LD_LIBRARY_PATH=/home/alr/Desktop/new_perception/new_eufs_ws/install/eufs_msgs/lib:/opt/opencv-4.12/lib:/home/alr/Desktop/new_perception/new_eufs_ws/install/eufs_plugins/lib:/home/alr/Desktop/new_perception/new_eufs_ws/install/image_geometry/lib:/home/alr/Desktop/new_perception/new_eufs_ws/install/eufs_models/lib:/home/alr/Desktop/new_perception/new_eufs_ws/install/cv_bridge/lib:/home/alr/Desktop/new_perception/new_eufs_ws/install/cone_msgs/lib:/usr/lib/x86_64-linux-gnu/gazebo-11/plugins:/opt/ros/humble/opt/rviz_ogre_vendor/lib:/opt/ros/humble/lib/x86_64-linux-gnu:/opt/ros/humble/lib:/usr/local/cuda-12.9/lib64 /usr/bin/cmake --install /home/alr/Desktop/new_perception/new_eufs_ws/build/my_controller_pkg
[13.640s] -- Install configuration: ""
[13.640s] -- Execute custom install script
[13.640s] -- Symlinking: /home/alr/Desktop/new_perception/new_eufs_ws/install/my_controller_pkg/lib/my_controller_pkg/pure_pursuit_node
[13.649s] -- Symlinking: /home/alr/Desktop/new_perception/new_eufs_ws/install/my_controller_pkg/lib/my_controller_pkg/mission_manager
[13.657s] -- Symlinking: /home/alr/Desktop/new_perception/new_eufs_ws/install/my_controller_pkg/share/my_controller_pkg/launch/bringup.launch.py
[13.667s] -- Symlinking: /home/alr/Desktop/new_perception/new_eufs_ws/install/my_controller_pkg/share/ament_index/resource_index/package_run_dependencies/my_controller_pkg
[13.675s] -- Symlinking: /home/alr/Desktop/new_perception/new_eufs_ws/install/my_controller_pkg/share/ament_index/resource_index/parent_prefix_path/my_controller_pkg
[13.683s] -- Symlinking: /home/alr/Desktop/new_perception/new_eufs_ws/install/my_controller_pkg/share/my_controller_pkg/environment/ament_prefix_path.sh
[13.692s] -- Symlinking: /home/alr/Desktop/new_perception/new_eufs_ws/install/my_controller_pkg/share/my_controller_pkg/environment/ament_prefix_path.dsv
[13.701s] -- Symlinking: /home/alr/Desktop/new_perception/new_eufs_ws/install/my_controller_pkg/share/my_controller_pkg/environment/path.sh
[13.710s] -- Symlinking: /home/alr/Desktop/new_perception/new_eufs_ws/install/my_controller_pkg/share/my_controller_pkg/environment/path.dsv
[13.721s] -- Symlinking: /home/alr/Desktop/new_perception/new_eufs_ws/install/my_controller_pkg/share/my_controller_pkg/local_setup.bash
[13.729s] -- Symlinking: /home/alr/Desktop/new_perception/new_eufs_ws/install/my_controller_pkg/share/my_controller_pkg/local_setup.sh
[13.738s] -- Symlinking: /home/alr/Desktop/new_perception/new_eufs_ws/install/my_controller_pkg/share/my_controller_pkg/local_setup.zsh
[13.747s] -- Symlinking: /home/alr/Desktop/new_perception/new_eufs_ws/install/my_controller_pkg/share/my_controller_pkg/local_setup.dsv
[13.755s] -- Symlinking: /home/alr/Desktop/new_perception/new_eufs_ws/install/my_controller_pkg/share/my_controller_pkg/package.dsv
[13.764s] -- Symlinking: /home/alr/Desktop/new_perception/new_eufs_ws/install/my_controller_pkg/share/ament_index/resource_index/packages/my_controller_pkg
[13.773s] -- Symlinking: /home/alr/Desktop/new_perception/new_eufs_ws/install/my_controller_pkg/share/my_controller_pkg/cmake/my_controller_pkgConfig.cmake
[13.781s] -- Symlinking: /home/alr/Desktop/new_perception/new_eufs_ws/install/my_controller_pkg/share/my_controller_pkg/cmake/my_controller_pkgConfig-version.cmake
[13.790s] -- Symlinking: /home/alr/Desktop/new_perception/new_eufs_ws/install/my_controller_pkg/share/my_controller_pkg/package.xml
[13.798s] Invoked command in '/home/alr/Desktop/new_perception/new_eufs_ws/build/my_controller_pkg' returned '0': CMAKE_PREFIX_PATH=/home/alr/Desktop/new_perception/new_eufs_ws/install/eufs_msgs:/home/alr/Desktop/new_perception/new_eufs_ws/install/vision_opencv:/home/alr/Desktop/new_perception/new_eufs_ws/install/perception_pkg:/home/alr/Desktop/new_perception/new_eufs_ws/install/my_state_estimator:/home/alr/Desktop/new_perception/new_eufs_ws/install/my_slam_pkg:/home/alr/Desktop/new_perception/new_eufs_ws/install/my_controller_pkg:/home/alr/Desktop/new_perception/new_eufs_ws/install/eufs_plugins:/home/alr/Desktop/new_perception/new_eufs_ws/install/image_geometry:/home/alr/Desktop/new_perception/new_eufs_ws/install/eufs_sensors:/home/alr/Desktop/new_perception/new_eufs_ws/install/eufs_models:/home/alr/Desktop/new_perception/new_eufs_ws/install/cv_bridge:/home/alr/Desktop/new_perception/new_eufs_ws/install/cone_msgs:/home/alr/Desktop/new_perception/new_eufs_ws/install/opencv_tests:/home/alr/Desktop/new_perception/new_eufs_ws/install/fsd_planner:/home/alr/Desktop/new_perception/new_eufs_ws/install/eufs_launcher:/home/alr/Desktop/new_perception/new_eufs_ws/install/eufs_tracks:/home/alr/Desktop/new_perception/new_eufs_ws/install/eufs_rqt:/home/alr/Desktop/new_perception/new_eufs_ws/install/eufs_racecar:/opt/ros/humble LD_LIBRARY_PATH=/home/alr/Desktop/new_perception/new_eufs_ws/install/eufs_msgs/lib:/opt/opencv-4.12/lib:/home/alr/Desktop/new_perception/new_eufs_ws/install/eufs_plugins/lib:/home/alr/Desktop/new_perception/new_eufs_ws/install/image_geometry/lib:/home/alr/Desktop/new_perception/new_eufs_ws/install/eufs_models/lib:/home/alr/Desktop/new_perception/new_eufs_ws/install/cv_bridge/lib:/home/alr/Desktop/new_perception/new_eufs_ws/install/cone_msgs/lib:/usr/lib/x86_64-linux-gnu/gazebo-11/plugins:/opt/ros/humble/opt/rviz_ogre_vendor/lib:/opt/ros/humble/lib/x86_64-linux-gnu:/opt/ros/humble/lib:/usr/local/cuda-12.9/lib64 /usr/bin/cmake --install /home/alr/Desktop/new_perception/new_eufs_ws/build/my_controller_pkg
