[0.018s] Invoking command in '/home/alr/Desktop/new_perception/new_eufs_ws/build/eufs_plugins': CMAKE_PREFIX_PATH=/home/alr/Desktop/new_perception/new_eufs_ws/install/eufs_models:/home/alr/Desktop/new_perception/new_eufs_ws/install/image_geometry:/home/alr/Desktop/new_perception/new_eufs_ws/install/eufs_msgs:/home/alr/Desktop/new_perception/new_eufs_ws/install/vision_opencv:/home/alr/Desktop/new_perception/new_eufs_ws/install/perception_pkg:/home/alr/Desktop/new_perception/new_eufs_ws/install/my_state_estimator:/home/alr/Desktop/new_perception/new_eufs_ws/install/my_slam_pkg:/home/alr/Desktop/new_perception/new_eufs_ws/install/my_controller_pkg:/home/alr/Desktop/new_perception/new_eufs_ws/install/eufs_plugins:/home/alr/Desktop/new_perception/new_eufs_ws/install/eufs_sensors:/home/alr/Desktop/new_perception/new_eufs_ws/install/cv_bridge:/home/alr/Desktop/new_perception/new_eufs_ws/install/cone_msgs:/home/alr/Desktop/new_perception/new_eufs_ws/install/opencv_tests:/home/alr/Desktop/new_perception/new_eufs_ws/install/fsd_planner:/home/alr/Desktop/new_perception/new_eufs_ws/install/eufs_launcher:/home/alr/Desktop/new_perception/new_eufs_ws/install/eufs_tracks:/home/alr/Desktop/new_perception/new_eufs_ws/install/eufs_rqt:/home/alr/Desktop/new_perception/new_eufs_ws/install/eufs_racecar:/opt/ros/humble LD_LIBRARY_PATH=/home/alr/Desktop/new_perception/new_eufs_ws/install/image_geometry/lib:/home/alr/Desktop/new_perception/new_eufs_ws/install/eufs_msgs/lib:/opt/opencv-4.12/lib:/home/alr/Desktop/new_perception/new_eufs_ws/install/eufs_plugins/lib:/home/alr/Desktop/new_perception/new_eufs_ws/install/eufs_models/lib:/home/alr/Desktop/new_perception/new_eufs_ws/install/cv_bridge/lib:/home/alr/Desktop/new_perception/new_eufs_ws/install/cone_msgs/lib:/usr/lib/x86_64-linux-gnu/gazebo-11/plugins:/opt/ros/humble/opt/rviz_ogre_vendor/lib:/opt/ros/humble/lib/x86_64-linux-gnu:/opt/ros/humble/lib:/usr/local/cuda-12.9/lib64 /usr/bin/cmake /home/alr/Desktop/new_perception/new_eufs_ws/src/eufs_sim/eufs_plugins -DAMENT_CMAKE_SYMLINK_INSTALL=1 -DCMAKE_INSTALL_PREFIX=/home/alr/Desktop/new_perception/new_eufs_ws/install/eufs_plugins
[0.064s] -- The C compiler identification is GNU 11.4.0
[0.112s] -- The CXX compiler identification is GNU 11.4.0
[0.120s] -- Detecting C compiler ABI info
[0.191s] -- Detecting C compiler ABI info - done
[0.196s] -- Check for working C compiler: /usr/bin/cc - skipped
[0.196s] -- Detecting C compile features
[0.196s] -- Detecting C compile features - done
[0.199s] -- Detecting CXX compiler ABI info
[0.264s] -- Detecting CXX compiler ABI info - done
[0.272s] -- Check for working CXX compiler: /usr/bin/c++ - skipped
[0.272s] -- Detecting CXX compile features
[0.272s] -- Detecting CXX compile features - done
[0.274s] -- Found ament_cmake: 1.3.14 (/opt/ros/humble/share/ament_cmake/cmake)
[1.027s] -- Found Python3: /usr/bin/python3 (found version "3.10.12") found components: Interpreter 
[1.083s] -- Override CMake install command with custom implementation using symlinks instead of copying resources
[1.123s] -- Found gazebo_dev: 3.9.0 (/opt/ros/humble/share/gazebo_dev/cmake)
[1.133s] -- Found PkgConfig: /usr/bin/pkg-config (found version "0.29.2") 
[1.137s] -- Checking for module 'bullet>=2.82'
[1.151s] --   Found bullet, version 3.05
[1.248s] -- Found fcl: /usr/include (found suitable version "0.7.0", minimum required is "0.5.0") 
[1.296s] -- Found assimp: /usr/include (found version "5.2.0") 
[1.324s] -- Found DART: /usr/include (Required is at least version "6.6") found components: dart 
[1.529s] -- Found Boost: /usr/lib/x86_64-linux-gnu/cmake/Boost-1.74.0/BoostConfig.cmake (found suitable version "1.74.0", minimum required is "1.40.0") found components: thread system filesystem program_options regex iostreams date_time 
[1.556s] -- Found Protobuf: /usr/lib/x86_64-linux-gnu/libprotobuf.so (found version "3.12.4") 
[1.564s] -- Looking for ignition-math6 -- found version 6.15.1
[1.575s] -- Searching for dependencies of ignition-math6
[1.577s] -- Looking for OGRE...
[1.578s] -- OGRE_PREFIX_WATCH changed.
[1.584s] -- Checking for module 'OGRE'
[1.599s] --   Found OGRE, version 1.9.0
[1.632s] -- Found Ogre Ghadamon (1.9.0)
[1.648s] -- Found OGRE: optimized;/usr/lib/x86_64-linux-gnu/libOgreMain.so;debug;/usr/lib/x86_64-linux-gnu/libOgreMain.so
[1.659s] -- Looking for OGRE_Paging...
[1.669s] -- Found OGRE_Paging: optimized;/usr/lib/x86_64-linux-gnu/libOgrePaging.so;debug;/usr/lib/x86_64-linux-gnu/libOgrePaging.so
[1.669s] -- Looking for OGRE_Terrain...
[1.677s] -- Found OGRE_Terrain: optimized;/usr/lib/x86_64-linux-gnu/libOgreTerrain.so;debug;/usr/lib/x86_64-linux-gnu/libOgreTerrain.so
[1.677s] -- Looking for OGRE_Property...
[1.684s] -- Found OGRE_Property: optimized;/usr/lib/x86_64-linux-gnu/libOgreProperty.so;debug;/usr/lib/x86_64-linux-gnu/libOgreProperty.so
[1.685s] -- Looking for OGRE_RTShaderSystem...
[1.692s] -- Found OGRE_RTShaderSystem: optimized;/usr/lib/x86_64-linux-gnu/libOgreRTShaderSystem.so;debug;/usr/lib/x86_64-linux-gnu/libOgreRTShaderSystem.so
[1.692s] -- Looking for OGRE_Volume...
[1.699s] -- Found OGRE_Volume: optimized;/usr/lib/x86_64-linux-gnu/libOgreVolume.so;debug;/usr/lib/x86_64-linux-gnu/libOgreVolume.so
[1.699s] -- Looking for OGRE_Overlay...
[1.706s] -- Found OGRE_Overlay: optimized;/usr/lib/x86_64-linux-gnu/libOgreOverlay.so;debug;/usr/lib/x86_64-linux-gnu/libOgreOverlay.so
[1.893s] -- Looking for ignition-math6 -- found version 6.15.1
[1.898s] -- Looking for ignition-transport8 -- found version 8.2.1
[1.898s] -- Searching for dependencies of ignition-transport8
[1.918s] -- Found Protobuf: /usr/lib/x86_64-linux-gnu/libprotobuf.so (found suitable version "3.12.4", minimum required is "3") 
[1.930s] -- Config-file not installed for ZeroMQ -- checking for pkg-config
[1.935s] -- Checking for module 'libzmq >= 4'
[1.951s] --   Found libzmq , version 4.3.4
[1.986s] -- Found ZeroMQ: TRUE (Required is at least version "4") 
[1.993s] -- Checking for module 'uuid'
[2.007s] --   Found uuid, version 2.37.2
[2.037s] -- Found UUID: TRUE  
[2.041s] -- Looking for ignition-msgs5 -- found version 5.8.1
[2.041s] -- Searching for dependencies of ignition-msgs5
[2.060s] -- Looking for ignition-math6 -- found version 6.15.1
[2.066s] -- Checking for module 'tinyxml2'
[2.080s] --   Found tinyxml2, version 9.0.0
[2.110s] -- Looking for ignition-msgs5 -- found version 5.8.1
[2.114s] -- Looking for ignition-common3 -- found version 3.14.0
[2.115s] -- Searching for dependencies of ignition-common3
[2.115s] -- Looking for dlfcn.h - found
[2.117s] -- Looking for libdl - found
[2.118s] -- Found DL: TRUE  
[2.133s] -- Found tinyobjloader: /usr/lib/x86_64-linux-gnu/cmake/tinyobjloader/tinyobjloader-config.cmake (found version "2.0.0") 
[2.134s] -- Searching for <ignition-common3> component [graphics]
[2.137s] -- Looking for ignition-common3-graphics -- found version 3.14.0
[2.138s] -- Searching for dependencies of ignition-common3-graphics
[2.138s] -- Looking for ignition-math6 -- found version 6.15.1
[2.142s] -- Looking for ignition-fuel_tools4 -- found version 4.4.0
[2.143s] -- Searching for dependencies of ignition-fuel_tools4
[2.223s] -- Found CURL: /usr/lib/x86_64-linux-gnu/libcurl.so (found version "7.81.0")  
[2.234s] -- Checking for module 'jsoncpp'
[2.247s] --   Found jsoncpp, version 1.9.5
[2.277s] -- Found JSONCPP: TRUE  
[2.285s] -- Checking for module 'libzip'
[2.299s] --   Found libzip, version 1.7.3
[2.329s] -- Found ZIP: TRUE  
[2.330s] -- Looking for ignition-common3 -- found version 3.14.0
[2.330s] -- Looking for ignition-math6 -- found version 6.15.1
[2.330s] -- Looking for ignition-msgs5 -- found version 5.8.1
[2.335s] -- Gazebo version: 11.10
[2.336s] -- Checking for module 'tbb'
[2.349s] --   Found tbb, version 2021.5.0
[2.381s] -- Found gazebo_ros: 3.9.0 (/opt/ros/humble/share/gazebo_ros/cmake)
[2.429s] -- Found rosidl_generator_c: 3.1.8 (/opt/ros/humble/share/rosidl_generator_c/cmake)
[2.436s] -- Found rosidl_adapter: 3.1.8 (/opt/ros/humble/share/rosidl_adapter/cmake)
[2.447s] -- Found rosidl_generator_cpp: 3.1.8 (/opt/ros/humble/share/rosidl_generator_cpp/cmake)
[2.461s] -- Using all available rosidl_typesupport_c: rosidl_typesupport_fastrtps_c;rosidl_typesupport_introspection_c
[2.482s] -- Using all available rosidl_typesupport_cpp: rosidl_typesupport_fastrtps_cpp;rosidl_typesupport_introspection_cpp
[2.535s] -- Found rmw_implementation_cmake: 6.1.2 (/opt/ros/humble/share/rmw_implementation_cmake/cmake)
[2.539s] -- Found rmw_fastrtps_cpp: 6.2.10 (/opt/ros/humble/share/rmw_fastrtps_cpp/cmake)
[2.631s] -- Found OpenSSL: /usr/lib/x86_64-linux-gnu/libcrypto.so (found version "3.0.2")  
[2.658s] -- Found FastRTPS: /opt/ros/humble/include  
[2.703s] -- Using RMW implementation 'rmw_fastrtps_cpp' as default
[2.714s] -- Found Threads: TRUE  
[2.748s] -- Found geometry_msgs: 4.9.1 (/opt/ros/humble/share/geometry_msgs/cmake)
[2.757s] -- Found nav_msgs: 4.9.1 (/opt/ros/humble/share/nav_msgs/cmake)
[2.768s] -- Found std_srvs: 4.9.1 (/opt/ros/humble/share/std_srvs/cmake)
[2.775s] -- Found tf2: 0.25.20 (/opt/ros/humble/share/tf2/cmake)
[2.783s] -- Found tf2_ros: 0.25.20 (/opt/ros/humble/share/tf2_ros/cmake)
[2.845s] -- Found eufs_msgs: 2.0.0 (/home/alr/Desktop/new_perception/new_eufs_ws/install/eufs_msgs/share/eufs_msgs/cmake)
[2.872s] -- Found eufs_models: 2.0.0 (/home/alr/Desktop/new_perception/new_eufs_ws/install/eufs_models/share/eufs_models/cmake)
[2.877s] -- Found ackermann_msgs: 2.0.2 (/opt/ros/humble/share/ackermann_msgs/cmake)
[2.885s] -- Found image_geometry: 3.2.1 (/home/alr/Desktop/new_perception/new_eufs_ws/install/image_geometry/share/image_geometry/cmake)
[2.913s] -- Found CUDA: /usr/local/cuda-12.9 (found suitable exact version "12.9") 
[2.927s] -- Found yaml_cpp_vendor: 8.0.2 (/opt/ros/humble/share/yaml_cpp_vendor/cmake)
[2.951s] -- Found tf2_geometry_msgs: 0.25.20 (/opt/ros/humble/share/tf2_geometry_msgs/cmake)
[2.958s] -- Found eigen3_cmake_module: 0.1.1 (/opt/ros/humble/share/eigen3_cmake_module/cmake)
[2.959s] -- Found Eigen3: TRUE (found version "3.4.0") 
[2.959s] -- Ensuring Eigen3 include directory is part of orocos-kdl CMake target
[3.061s] -- Configuring done
[3.137s] -- Generating done
[3.146s] -- Build files have been written to: /home/alr/Desktop/new_perception/new_eufs_ws/build/eufs_plugins
[3.160s] Invoked command in '/home/alr/Desktop/new_perception/new_eufs_ws/build/eufs_plugins' returned '0': CMAKE_PREFIX_PATH=/home/alr/Desktop/new_perception/new_eufs_ws/install/eufs_models:/home/alr/Desktop/new_perception/new_eufs_ws/install/image_geometry:/home/alr/Desktop/new_perception/new_eufs_ws/install/eufs_msgs:/home/alr/Desktop/new_perception/new_eufs_ws/install/vision_opencv:/home/alr/Desktop/new_perception/new_eufs_ws/install/perception_pkg:/home/alr/Desktop/new_perception/new_eufs_ws/install/my_state_estimator:/home/alr/Desktop/new_perception/new_eufs_ws/install/my_slam_pkg:/home/alr/Desktop/new_perception/new_eufs_ws/install/my_controller_pkg:/home/alr/Desktop/new_perception/new_eufs_ws/install/eufs_plugins:/home/alr/Desktop/new_perception/new_eufs_ws/install/eufs_sensors:/home/alr/Desktop/new_perception/new_eufs_ws/install/cv_bridge:/home/alr/Desktop/new_perception/new_eufs_ws/install/cone_msgs:/home/alr/Desktop/new_perception/new_eufs_ws/install/opencv_tests:/home/alr/Desktop/new_perception/new_eufs_ws/install/fsd_planner:/home/alr/Desktop/new_perception/new_eufs_ws/install/eufs_launcher:/home/alr/Desktop/new_perception/new_eufs_ws/install/eufs_tracks:/home/alr/Desktop/new_perception/new_eufs_ws/install/eufs_rqt:/home/alr/Desktop/new_perception/new_eufs_ws/install/eufs_racecar:/opt/ros/humble LD_LIBRARY_PATH=/home/alr/Desktop/new_perception/new_eufs_ws/install/image_geometry/lib:/home/alr/Desktop/new_perception/new_eufs_ws/install/eufs_msgs/lib:/opt/opencv-4.12/lib:/home/alr/Desktop/new_perception/new_eufs_ws/install/eufs_plugins/lib:/home/alr/Desktop/new_perception/new_eufs_ws/install/eufs_models/lib:/home/alr/Desktop/new_perception/new_eufs_ws/install/cv_bridge/lib:/home/alr/Desktop/new_perception/new_eufs_ws/install/cone_msgs/lib:/usr/lib/x86_64-linux-gnu/gazebo-11/plugins:/opt/ros/humble/opt/rviz_ogre_vendor/lib:/opt/ros/humble/lib/x86_64-linux-gnu:/opt/ros/humble/lib:/usr/local/cuda-12.9/lib64 /usr/bin/cmake /home/alr/Desktop/new_perception/new_eufs_ws/src/eufs_sim/eufs_plugins -DAMENT_CMAKE_SYMLINK_INSTALL=1 -DCMAKE_INSTALL_PREFIX=/home/alr/Desktop/new_perception/new_eufs_ws/install/eufs_plugins
[3.161s] Invoking command in '/home/alr/Desktop/new_perception/new_eufs_ws/build/eufs_plugins': CMAKE_PREFIX_PATH=/home/alr/Desktop/new_perception/new_eufs_ws/install/eufs_models:/home/alr/Desktop/new_perception/new_eufs_ws/install/image_geometry:/home/alr/Desktop/new_perception/new_eufs_ws/install/eufs_msgs:/home/alr/Desktop/new_perception/new_eufs_ws/install/vision_opencv:/home/alr/Desktop/new_perception/new_eufs_ws/install/perception_pkg:/home/alr/Desktop/new_perception/new_eufs_ws/install/my_state_estimator:/home/alr/Desktop/new_perception/new_eufs_ws/install/my_slam_pkg:/home/alr/Desktop/new_perception/new_eufs_ws/install/my_controller_pkg:/home/alr/Desktop/new_perception/new_eufs_ws/install/eufs_plugins:/home/alr/Desktop/new_perception/new_eufs_ws/install/eufs_sensors:/home/alr/Desktop/new_perception/new_eufs_ws/install/cv_bridge:/home/alr/Desktop/new_perception/new_eufs_ws/install/cone_msgs:/home/alr/Desktop/new_perception/new_eufs_ws/install/opencv_tests:/home/alr/Desktop/new_perception/new_eufs_ws/install/fsd_planner:/home/alr/Desktop/new_perception/new_eufs_ws/install/eufs_launcher:/home/alr/Desktop/new_perception/new_eufs_ws/install/eufs_tracks:/home/alr/Desktop/new_perception/new_eufs_ws/install/eufs_rqt:/home/alr/Desktop/new_perception/new_eufs_ws/install/eufs_racecar:/opt/ros/humble LD_LIBRARY_PATH=/home/alr/Desktop/new_perception/new_eufs_ws/install/image_geometry/lib:/home/alr/Desktop/new_perception/new_eufs_ws/install/eufs_msgs/lib:/opt/opencv-4.12/lib:/home/alr/Desktop/new_perception/new_eufs_ws/install/eufs_plugins/lib:/home/alr/Desktop/new_perception/new_eufs_ws/install/eufs_models/lib:/home/alr/Desktop/new_perception/new_eufs_ws/install/cv_bridge/lib:/home/alr/Desktop/new_perception/new_eufs_ws/install/cone_msgs/lib:/usr/lib/x86_64-linux-gnu/gazebo-11/plugins:/opt/ros/humble/opt/rviz_ogre_vendor/lib:/opt/ros/humble/lib/x86_64-linux-gnu:/opt/ros/humble/lib:/usr/local/cuda-12.9/lib64 /usr/bin/cmake --build /home/alr/Desktop/new_perception/new_eufs_ws/build/eufs_plugins -- -j20 -l20
[3.210s] [ 11%] [32mBuilding CXX object gazebo_cone_plugins/CMakeFiles/gazebo_ground_truth_cones.dir/src/gazebo_ground_truth_cones.cpp.o[0m
[3.212s] [ 55%] [32mBuilding CXX object gazebo_race_car_model/CMakeFiles/gazebo_race_car_model.dir/src/gazebo_ros_race_car_model.cpp.o[0m
[3.212s] [ 55%] [32mBuilding CXX object gazebo_race_car_model/CMakeFiles/gazebo_race_car_model.dir/src/state_machine.cpp.o[0m
[3.212s] [ 55%] [32mBuilding CXX object gazebo_cone_plugins/CMakeFiles/gazebo_camera_cones.dir/src/gazebo_camera_cones.cpp.o[0m
[3.212s] [ 55%] [32mBuilding CXX object gazebo_simulate_bounding_boxes/CMakeFiles/gazebo_simulate_bounding_boxes.dir/src/gazebo_simulate_bounding_boxes.cpp.o[0m
[14.501s] [ 66%] [32m[1mLinking CXX shared library libgazebo_camera_cones.so[0m
[14.835s] [ 66%] Built target gazebo_camera_cones
[16.648s] [ 77%] [32m[1mLinking CXX shared library libgazebo_ground_truth_cones.so[0m
[17.040s] [ 77%] Built target gazebo_ground_truth_cones
[17.922s] [ 88%] [32m[1mLinking CXX shared library libgazebo_simulate_bounding_boxes.so[0m
[18.465s] [ 88%] Built target gazebo_simulate_bounding_boxes
[20.224s] [100%] [32m[1mLinking CXX shared library libgazebo_race_car_model.so[0m
[21.041s] [100%] Built target gazebo_race_car_model
[21.050s] Invoked command in '/home/alr/Desktop/new_perception/new_eufs_ws/build/eufs_plugins' returned '0': CMAKE_PREFIX_PATH=/home/alr/Desktop/new_perception/new_eufs_ws/install/eufs_models:/home/alr/Desktop/new_perception/new_eufs_ws/install/image_geometry:/home/alr/Desktop/new_perception/new_eufs_ws/install/eufs_msgs:/home/alr/Desktop/new_perception/new_eufs_ws/install/vision_opencv:/home/alr/Desktop/new_perception/new_eufs_ws/install/perception_pkg:/home/alr/Desktop/new_perception/new_eufs_ws/install/my_state_estimator:/home/alr/Desktop/new_perception/new_eufs_ws/install/my_slam_pkg:/home/alr/Desktop/new_perception/new_eufs_ws/install/my_controller_pkg:/home/alr/Desktop/new_perception/new_eufs_ws/install/eufs_plugins:/home/alr/Desktop/new_perception/new_eufs_ws/install/eufs_sensors:/home/alr/Desktop/new_perception/new_eufs_ws/install/cv_bridge:/home/alr/Desktop/new_perception/new_eufs_ws/install/cone_msgs:/home/alr/Desktop/new_perception/new_eufs_ws/install/opencv_tests:/home/alr/Desktop/new_perception/new_eufs_ws/install/fsd_planner:/home/alr/Desktop/new_perception/new_eufs_ws/install/eufs_launcher:/home/alr/Desktop/new_perception/new_eufs_ws/install/eufs_tracks:/home/alr/Desktop/new_perception/new_eufs_ws/install/eufs_rqt:/home/alr/Desktop/new_perception/new_eufs_ws/install/eufs_racecar:/opt/ros/humble LD_LIBRARY_PATH=/home/alr/Desktop/new_perception/new_eufs_ws/install/image_geometry/lib:/home/alr/Desktop/new_perception/new_eufs_ws/install/eufs_msgs/lib:/opt/opencv-4.12/lib:/home/alr/Desktop/new_perception/new_eufs_ws/install/eufs_plugins/lib:/home/alr/Desktop/new_perception/new_eufs_ws/install/eufs_models/lib:/home/alr/Desktop/new_perception/new_eufs_ws/install/cv_bridge/lib:/home/alr/Desktop/new_perception/new_eufs_ws/install/cone_msgs/lib:/usr/lib/x86_64-linux-gnu/gazebo-11/plugins:/opt/ros/humble/opt/rviz_ogre_vendor/lib:/opt/ros/humble/lib/x86_64-linux-gnu:/opt/ros/humble/lib:/usr/local/cuda-12.9/lib64 /usr/bin/cmake --build /home/alr/Desktop/new_perception/new_eufs_ws/build/eufs_plugins -- -j20 -l20
[21.051s] Invoking command in '/home/alr/Desktop/new_perception/new_eufs_ws/build/eufs_plugins': CMAKE_PREFIX_PATH=/home/alr/Desktop/new_perception/new_eufs_ws/install/eufs_models:/home/alr/Desktop/new_perception/new_eufs_ws/install/image_geometry:/home/alr/Desktop/new_perception/new_eufs_ws/install/eufs_msgs:/home/alr/Desktop/new_perception/new_eufs_ws/install/vision_opencv:/home/alr/Desktop/new_perception/new_eufs_ws/install/perception_pkg:/home/alr/Desktop/new_perception/new_eufs_ws/install/my_state_estimator:/home/alr/Desktop/new_perception/new_eufs_ws/install/my_slam_pkg:/home/alr/Desktop/new_perception/new_eufs_ws/install/my_controller_pkg:/home/alr/Desktop/new_perception/new_eufs_ws/install/eufs_plugins:/home/alr/Desktop/new_perception/new_eufs_ws/install/eufs_sensors:/home/alr/Desktop/new_perception/new_eufs_ws/install/cv_bridge:/home/alr/Desktop/new_perception/new_eufs_ws/install/cone_msgs:/home/alr/Desktop/new_perception/new_eufs_ws/install/opencv_tests:/home/alr/Desktop/new_perception/new_eufs_ws/install/fsd_planner:/home/alr/Desktop/new_perception/new_eufs_ws/install/eufs_launcher:/home/alr/Desktop/new_perception/new_eufs_ws/install/eufs_tracks:/home/alr/Desktop/new_perception/new_eufs_ws/install/eufs_rqt:/home/alr/Desktop/new_perception/new_eufs_ws/install/eufs_racecar:/opt/ros/humble LD_LIBRARY_PATH=/home/alr/Desktop/new_perception/new_eufs_ws/install/image_geometry/lib:/home/alr/Desktop/new_perception/new_eufs_ws/install/eufs_msgs/lib:/opt/opencv-4.12/lib:/home/alr/Desktop/new_perception/new_eufs_ws/install/eufs_plugins/lib:/home/alr/Desktop/new_perception/new_eufs_ws/install/eufs_models/lib:/home/alr/Desktop/new_perception/new_eufs_ws/install/cv_bridge/lib:/home/alr/Desktop/new_perception/new_eufs_ws/install/cone_msgs/lib:/usr/lib/x86_64-linux-gnu/gazebo-11/plugins:/opt/ros/humble/opt/rviz_ogre_vendor/lib:/opt/ros/humble/lib/x86_64-linux-gnu:/opt/ros/humble/lib:/usr/local/cuda-12.9/lib64 /usr/bin/cmake --install /home/alr/Desktop/new_perception/new_eufs_ws/build/eufs_plugins
[21.060s] -- Install configuration: ""
[21.061s] -- Execute custom install script
[21.062s] -- Symlinking: /home/alr/Desktop/new_perception/new_eufs_ws/install/eufs_plugins/share/eufs_plugins/urdf/eufs_plugins.gazebo.xacro
[21.070s] -- Symlinking: /home/alr/Desktop/new_perception/new_eufs_ws/install/eufs_plugins/share/eufs_plugins/environment/library_path.sh
[21.080s] -- Symlinking: /home/alr/Desktop/new_perception/new_eufs_ws/install/eufs_plugins/share/eufs_plugins/environment/library_path.dsv
[21.090s] -- Symlinking: /home/alr/Desktop/new_perception/new_eufs_ws/install/eufs_plugins/lib/libgazebo_ground_truth_cones.so
[21.101s] -- Symlinking: /home/alr/Desktop/new_perception/new_eufs_ws/install/eufs_plugins/lib/libgazebo_camera_cones.so
[21.111s] -- Up-to-date symlink: /home/alr/Desktop/new_perception/new_eufs_ws/install/eufs_plugins/share/eufs_plugins/environment/library_path.sh
[21.111s] -- Up-to-date symlink: /home/alr/Desktop/new_perception/new_eufs_ws/install/eufs_plugins/share/eufs_plugins/environment/library_path.dsv
[21.112s] -- Symlinking: /home/alr/Desktop/new_perception/new_eufs_ws/install/eufs_plugins/lib/libgazebo_race_car_model.so
[21.121s] -- Up-to-date symlink: /home/alr/Desktop/new_perception/new_eufs_ws/install/eufs_plugins/share/eufs_plugins/environment/library_path.sh
[21.121s] -- Up-to-date symlink: /home/alr/Desktop/new_perception/new_eufs_ws/install/eufs_plugins/share/eufs_plugins/environment/library_path.dsv
[21.121s] -- Symlinking: /home/alr/Desktop/new_perception/new_eufs_ws/install/eufs_plugins/lib/libgazebo_simulate_bounding_boxes.so
[21.131s] -- Up-to-date symlink: /home/alr/Desktop/new_perception/new_eufs_ws/install/eufs_plugins/share/eufs_plugins/environment/library_path.sh
[21.131s] -- Up-to-date symlink: /home/alr/Desktop/new_perception/new_eufs_ws/install/eufs_plugins/share/eufs_plugins/environment/library_path.dsv
[21.131s] -- Symlinking: /home/alr/Desktop/new_perception/new_eufs_ws/install/eufs_plugins/share/ament_index/resource_index/package_run_dependencies/eufs_plugins
[21.141s] -- Symlinking: /home/alr/Desktop/new_perception/new_eufs_ws/install/eufs_plugins/share/ament_index/resource_index/parent_prefix_path/eufs_plugins
[21.151s] -- Symlinking: /home/alr/Desktop/new_perception/new_eufs_ws/install/eufs_plugins/share/eufs_plugins/environment/ament_prefix_path.sh
[21.161s] -- Symlinking: /home/alr/Desktop/new_perception/new_eufs_ws/install/eufs_plugins/share/eufs_plugins/environment/ament_prefix_path.dsv
[21.170s] -- Symlinking: /home/alr/Desktop/new_perception/new_eufs_ws/install/eufs_plugins/share/eufs_plugins/environment/path.sh
[21.181s] -- Symlinking: /home/alr/Desktop/new_perception/new_eufs_ws/install/eufs_plugins/share/eufs_plugins/environment/path.dsv
[21.191s] -- Symlinking: /home/alr/Desktop/new_perception/new_eufs_ws/install/eufs_plugins/share/eufs_plugins/local_setup.bash
[21.201s] -- Symlinking: /home/alr/Desktop/new_perception/new_eufs_ws/install/eufs_plugins/share/eufs_plugins/local_setup.sh
[21.211s] -- Symlinking: /home/alr/Desktop/new_perception/new_eufs_ws/install/eufs_plugins/share/eufs_plugins/local_setup.zsh
[21.220s] -- Symlinking: /home/alr/Desktop/new_perception/new_eufs_ws/install/eufs_plugins/share/eufs_plugins/local_setup.dsv
[21.230s] -- Symlinking: /home/alr/Desktop/new_perception/new_eufs_ws/install/eufs_plugins/share/eufs_plugins/package.dsv
[21.240s] -- Symlinking: /home/alr/Desktop/new_perception/new_eufs_ws/install/eufs_plugins/share/ament_index/resource_index/packages/eufs_plugins
[21.250s] -- Symlinking: /home/alr/Desktop/new_perception/new_eufs_ws/install/eufs_plugins/share/eufs_plugins/cmake/ament_cmake_export_libraries-extras.cmake
[21.260s] -- Symlinking: /home/alr/Desktop/new_perception/new_eufs_ws/install/eufs_plugins/share/eufs_plugins/cmake/ament_cmake_export_include_directories-extras.cmake
[21.270s] -- Symlinking: /home/alr/Desktop/new_perception/new_eufs_ws/install/eufs_plugins/share/eufs_plugins/cmake/ament_cmake_export_dependencies-extras.cmake
[21.281s] -- Symlinking: /home/alr/Desktop/new_perception/new_eufs_ws/install/eufs_plugins/share/eufs_plugins/cmake/eufs_pluginsConfig.cmake
[21.292s] -- Symlinking: /home/alr/Desktop/new_perception/new_eufs_ws/install/eufs_plugins/share/eufs_plugins/cmake/eufs_pluginsConfig-version.cmake
[21.299s] -- Symlinking: /home/alr/Desktop/new_perception/new_eufs_ws/install/eufs_plugins/share/eufs_plugins/package.xml
[21.305s] -- Installing: /home/alr/Desktop/new_perception/new_eufs_ws/install/eufs_plugins/share/eufs_plugins/config
[21.305s] -- Installing: /home/alr/Desktop/new_perception/new_eufs_ws/install/eufs_plugins/share/eufs_plugins/config/cone_recolor.yaml
[21.307s] -- Up-to-date: /home/alr/Desktop/new_perception/new_eufs_ws/install/eufs_plugins/share/eufs_plugins/config
[21.307s] -- Installing: /home/alr/Desktop/new_perception/new_eufs_ws/install/eufs_plugins/share/eufs_plugins/config/boundingBoxes.yaml
[21.309s] Invoked command in '/home/alr/Desktop/new_perception/new_eufs_ws/build/eufs_plugins' returned '0': CMAKE_PREFIX_PATH=/home/alr/Desktop/new_perception/new_eufs_ws/install/eufs_models:/home/alr/Desktop/new_perception/new_eufs_ws/install/image_geometry:/home/alr/Desktop/new_perception/new_eufs_ws/install/eufs_msgs:/home/alr/Desktop/new_perception/new_eufs_ws/install/vision_opencv:/home/alr/Desktop/new_perception/new_eufs_ws/install/perception_pkg:/home/alr/Desktop/new_perception/new_eufs_ws/install/my_state_estimator:/home/alr/Desktop/new_perception/new_eufs_ws/install/my_slam_pkg:/home/alr/Desktop/new_perception/new_eufs_ws/install/my_controller_pkg:/home/alr/Desktop/new_perception/new_eufs_ws/install/eufs_plugins:/home/alr/Desktop/new_perception/new_eufs_ws/install/eufs_sensors:/home/alr/Desktop/new_perception/new_eufs_ws/install/cv_bridge:/home/alr/Desktop/new_perception/new_eufs_ws/install/cone_msgs:/home/alr/Desktop/new_perception/new_eufs_ws/install/opencv_tests:/home/alr/Desktop/new_perception/new_eufs_ws/install/fsd_planner:/home/alr/Desktop/new_perception/new_eufs_ws/install/eufs_launcher:/home/alr/Desktop/new_perception/new_eufs_ws/install/eufs_tracks:/home/alr/Desktop/new_perception/new_eufs_ws/install/eufs_rqt:/home/alr/Desktop/new_perception/new_eufs_ws/install/eufs_racecar:/opt/ros/humble LD_LIBRARY_PATH=/home/alr/Desktop/new_perception/new_eufs_ws/install/image_geometry/lib:/home/alr/Desktop/new_perception/new_eufs_ws/install/eufs_msgs/lib:/opt/opencv-4.12/lib:/home/alr/Desktop/new_perception/new_eufs_ws/install/eufs_plugins/lib:/home/alr/Desktop/new_perception/new_eufs_ws/install/eufs_models/lib:/home/alr/Desktop/new_perception/new_eufs_ws/install/cv_bridge/lib:/home/alr/Desktop/new_perception/new_eufs_ws/install/cone_msgs/lib:/usr/lib/x86_64-linux-gnu/gazebo-11/plugins:/opt/ros/humble/opt/rviz_ogre_vendor/lib:/opt/ros/humble/lib/x86_64-linux-gnu:/opt/ros/humble/lib:/usr/local/cuda-12.9/lib64 /usr/bin/cmake --install /home/alr/Desktop/new_perception/new_eufs_ws/build/eufs_plugins
