[01m[K/home/alr/Desktop/new_perception/new_eufs_ws/src/my_slam_pkg/src/Slam.cpp:129:70:[m[K [01;31m[Kerror: [m[Kexpected ‘[01m[K;[m[K’ at end of member declaration
  129 |     void conesCallback(const eufs_msgs::msg::ConeArray::SharedPtr msg[01;31m[K)[m[K
      |                                                                      [01;31m[K^[m[K
      |                                                                       [32m[K;[m[K
[01m[K/home/alr/Desktop/new_perception/new_eufs_ws/src/my_slam_pkg/src/Slam.cpp:130:42:[m[K [01;31m[Kerror: [m[K‘[01m[Kslam_mutex_[m[K’ is not a type
  130 |         std::lock_guard<std::mutex> lock([01;31m[Kslam_mutex_[m[K);
      |                                          [01;31m[K^~~~~~~~~~~[m[K
[01m[K/home/alr/Desktop/new_perception/new_eufs_ws/src/my_slam_pkg/src/Slam.cpp:131:9:[m[K [01;31m[Kerror: [m[K‘[01m[Kz_buffer_[m[K’ does not name a type
  131 |         [01;31m[Kz_buffer_[m[K.clear();
      |         [01;31m[K^~~~~~~~~[m[K
[01m[K/home/alr/Desktop/new_perception/new_eufs_ws/src/my_slam_pkg/src/Slam.cpp:132:9:[m[K [01;31m[Kerror: [m[Kexpected unqualified-id before ‘[01m[Kfor[m[K’
  132 |         [01;31m[Kfor[m[K (const auto &c : msg->blue_cones) addConeToBuffer(c, 0);
      |         [01;31m[K^~~[m[K
[01m[K/home/alr/Desktop/new_perception/new_eufs_ws/src/my_slam_pkg/src/Slam.cpp:133:9:[m[K [01;31m[Kerror: [m[Kexpected unqualified-id before ‘[01m[Kfor[m[K’
  133 |         [01;31m[Kfor[m[K (const auto &c : msg->yellow_cones) addConeToBuffer(c, 1);
      |         [01;31m[K^~~[m[K
[01m[K/home/alr/Desktop/new_perception/new_eufs_ws/src/my_slam_pkg/src/Slam.cpp:134:9:[m[K [01;31m[Kerror: [m[Kexpected unqualified-id before ‘[01m[Kfor[m[K’
  134 |         [01;31m[Kfor[m[K (const auto &c : msg->orange_cones) addConeToBuffer(c, 2);
      |         [01;31m[K^~~[m[K
[01m[K/home/alr/Desktop/new_perception/new_eufs_ws/src/my_slam_pkg/src/Slam.cpp:135:9:[m[K [01;31m[Kerror: [m[Kexpected unqualified-id before ‘[01m[Kfor[m[K’
  135 |         [01;31m[Kfor[m[K (const auto &c : msg->big_orange_cones) addConeToBuffer(c, 2) ;
      |         [01;31m[K^~~[m[K
[01m[K/home/alr/Desktop/new_perception/new_eufs_ws/src/my_slam_pkg/src/Slam.cpp:136:9:[m[K [01;31m[Kerror: [m[Kexpected unqualified-id before ‘[01m[Kfor[m[K’
  136 |         [01;31m[Kfor[m[K (const auto &c : msg->unknown_color_cones) addConeToBuffer(c, 3);
      |         [01;31m[K^~~[m[K
[01m[K/home/alr/Desktop/new_perception/new_eufs_ws/src/my_slam_pkg/src/Slam.cpp:138:6:[m[K [01;31m[Kerror: [m[Kexpected ‘[01m[K;[m[K’ after class definition
  138 |     }
      |      [01;31m[K^[m[K
      |      [32m[K;[m[K
[01m[K/home/alr/Desktop/new_perception/new_eufs_ws/src/my_slam_pkg/src/Slam.cpp:[m[K In constructor ‘[01m[KFastSLAM2::FastSLAM2()[m[K’:
[01m[K/home/alr/Desktop/new_perception/new_eufs_ws/src/my_slam_pkg/src/Slam.cpp:85:89:[m[K [01;31m[Kerror: [m[K‘[01m[KrunSLAM[m[K’ is not a member of ‘[01m[KFastSLAM2[m[K’
   85 |  timer_ = create_wall_timer(std::chrono::milliseconds(50), std::bind(&FastSLAM2::[01;31m[KrunSLAM[m[K, this));
      |                                                                                  [01;31m[K^~~~~~~[m[K

[01m[K/home/alr/Desktop/new_perception/new_eufs_ws/src/my_slam_pkg/src/Slam.cpp:[m[K In function ‘[01m[Kvoid addConeToBuffer(const Point&, int)[m[K’:
[01m[K/home/alr/Desktop/new_perception/new_eufs_ws/src/my_slam_pkg/src/Slam.cpp:145:44:[m[K [01;31m[Kerror: [m[K‘[01m[Kz_buffer_[m[K’ was not declared in this scope
  145 |         if (z.range > 0.1 && z.range < 15) [01;31m[Kz_buffer_[m[K.push_back(z);
      |                                            [01;31m[K^~~~~~~~~[m[K
[01m[K/home/alr/Desktop/new_perception/new_eufs_ws/src/my_slam_pkg/src/Slam.cpp:[m[K In function ‘[01m[Kvoid predictParticles(double, double, double)[m[K’:
[01m[K/home/alr/Desktop/new_perception/new_eufs_ws/src/my_slam_pkg/src/Slam.cpp:149:50:[m[K [01;31m[Kerror: [m[K‘[01m[KQ_control_[m[K’ was not declared in this scope
  149 |         double dyn_vx_noise = std::max(std::sqrt([01;31m[KQ_control_[m[K(0,0)), std::abs(vx) * 0.1);
      |                                                  [01;31m[K^~~~~~~~~~[m[K
[01m[K/home/alr/Desktop/new_perception/new_eufs_ws/src/my_slam_pkg/src/Slam.cpp:157:24:[m[K [01;31m[Kerror: [m[K‘[01m[Kparticles_[m[K’ was not declared in this scope; did you mean ‘[01m[KParticle[m[K’?
  157 |         for (auto &p : [01;31m[Kparticles_[m[K) {
      |                        [01;31m[K^~~~~~~~~~[m[K
      |                        [32m[KParticle[m[K
[01m[K/home/alr/Desktop/new_perception/new_eufs_ws/src/my_slam_pkg/src/Slam.cpp:158:45:[m[K [01;31m[Kerror: [m[K‘[01m[Kgen_[m[K’ was not declared in this scope
  158 |             double noisy_vx = vx + noise_vx([01;31m[Kgen_[m[K);
      |                                             [01;31m[K^~~~[m[K
[01m[K/home/alr/Desktop/new_perception/new_eufs_ws/src/my_slam_pkg/src/Slam.cpp:[m[K In function ‘[01m[Kvoid updateParticles(const std::vector<ConeDetection>&)[m[K’:
[01m[K/home/alr/Desktop/new_perception/new_eufs_ws/src/my_slam_pkg/src/Slam.cpp:177:24:[m[K [01;31m[Kerror: [m[K‘[01m[Kparticles_[m[K’ was not declared in this scope; did you mean ‘[01m[KParticle[m[K’?
  177 |         for (auto &p : [01;31m[Kparticles_[m[K) {
      |                        [01;31m[K^~~~~~~~~~[m[K
      |                        [32m[KParticle[m[K
[01m[K/home/alr/Desktop/new_perception/new_eufs_ws/src/my_slam_pkg/src/Slam.cpp:203:80:[m[K [01;31m[Kerror: [m[K‘[01m[KR_obs_[m[K’ was not declared in this scope
  203 |                     Eigen::Matrix2d S = Hf * p.map[i].sigma * Hf.transpose() + [01;31m[KR_obs_[m[K;
      |                                                                                [01;31m[K^~~~~~[m[K
In file included from [01m[K/opt/ros/humble/include/rclcpp/rclcpp/client.hpp:40[m[K,
                 from [01m[K/opt/ros/humble/include/rclcpp/rclcpp/callback_group.hpp:24[m[K,
                 from [01m[K/opt/ros/humble/include/rclcpp/rclcpp/any_executable.hpp:20[m[K,
                 from [01m[K/opt/ros/humble/include/rclcpp/rclcpp/memory_strategy.hpp:25[m[K,
                 from [01m[K/opt/ros/humble/include/rclcpp/rclcpp/memory_strategies.hpp:18[m[K,
                 from [01m[K/opt/ros/humble/include/rclcpp/rclcpp/executor_options.hpp:20[m[K,
                 from [01m[K/opt/ros/humble/include/rclcpp/rclcpp/executor.hpp:37[m[K,
                 from [01m[K/opt/ros/humble/include/rclcpp/rclcpp/executors/multi_threaded_executor.hpp:25[m[K,
                 from [01m[K/opt/ros/humble/include/rclcpp/rclcpp/executors.hpp:21[m[K,
                 from [01m[K/opt/ros/humble/include/rclcpp/rclcpp/rclcpp.hpp:155[m[K,
                 from [01m[K/home/alr/Desktop/new_perception/new_eufs_ws/src/my_slam_pkg/src/Slam.cpp:8[m[K:
[01m[K/home/alr/Desktop/new_perception/new_eufs_ws/src/my_slam_pkg/src/Slam.cpp:206:25:[m[K [01;31m[Kerror: [m[Kinvalid use of ‘[01m[Kthis[m[K’ in non-member function
  206 |                         [01;31m[Kthis[m[K->get_logger(),
      |                         [01;31m[K^~~~[m[K
[01m[K/home/alr/Desktop/new_perception/new_eufs_ws/src/my_slam_pkg/src/Slam.cpp:206:25:[m[K [01;31m[Kerror: [m[Kinvalid use of ‘[01m[Kthis[m[K’ in non-member function
[01m[K/home/alr/Desktop/new_perception/new_eufs_ws/src/my_slam_pkg/src/Slam.cpp:205:21:[m[K [01;31m[Kerror: [m[Ktemplate argument 1 is invalid
  205 |                     [01;31m[KRCLCPP_INFO[m[K(
      |                     [01;31m[K^~~~~~~~~~~[m[K
In file included from [01m[K/opt/ros/humble/include/rclcpp/rclcpp/logging.hpp:24[m[K,
                 from [01m[K/opt/ros/humble/include/rclcpp/rclcpp/client.hpp:40[m[K,
                 from [01m[K/opt/ros/humble/include/rclcpp/rclcpp/callback_group.hpp:24[m[K,
                 from [01m[K/opt/ros/humble/include/rclcpp/rclcpp/any_executable.hpp:20[m[K,
                 from [01m[K/opt/ros/humble/include/rclcpp/rclcpp/memory_strategy.hpp:25[m[K,
                 from [01m[K/opt/ros/humble/include/rclcpp/rclcpp/memory_strategies.hpp:18[m[K,
                 from [01m[K/opt/ros/humble/include/rclcpp/rclcpp/executor_options.hpp:20[m[K,
                 from [01m[K/opt/ros/humble/include/rclcpp/rclcpp/executor.hpp:37[m[K,
                 from [01m[K/opt/ros/humble/include/rclcpp/rclcpp/executors/multi_threaded_executor.hpp:25[m[K,
                 from [01m[K/opt/ros/humble/include/rclcpp/rclcpp/executors.hpp:21[m[K,
                 from [01m[K/opt/ros/humble/include/rclcpp/rclcpp/rclcpp.hpp:155[m[K,
                 from [01m[K/home/alr/Desktop/new_perception/new_eufs_ws/src/my_slam_pkg/src/Slam.cpp:8[m[K:
[01m[K/home/alr/Desktop/new_perception/new_eufs_ws/src/my_slam_pkg/src/Slam.cpp:206:25:[m[K [01;31m[Kerror: [m[Kinvalid use of ‘[01m[Kthis[m[K’ in non-member function
  206 |                         [01;31m[Kthis[m[K->get_logger(),
      |                         [01;31m[K^~~~[m[K
[01m[K/home/alr/Desktop/new_perception/new_eufs_ws/src/my_slam_pkg/src/Slam.cpp:206:25:[m[K [01;31m[Kerror: [m[Kinvalid use of ‘[01m[Kthis[m[K’ in non-member function
  206 |                         [01;31m[Kthis[m[K->get_logger(),
      |                         [01;31m[K^~~~[m[K
In file included from [01m[K/opt/ros/humble/include/rclcpp/rclcpp/client.hpp:40[m[K,
                 from [01m[K/opt/ros/humble/include/rclcpp/rclcpp/callback_group.hpp:24[m[K,
                 from [01m[K/opt/ros/humble/include/rclcpp/rclcpp/any_executable.hpp:20[m[K,
                 from [01m[K/opt/ros/humble/include/rclcpp/rclcpp/memory_strategy.hpp:25[m[K,
                 from [01m[K/opt/ros/humble/include/rclcpp/rclcpp/memory_strategies.hpp:18[m[K,
                 from [01m[K/opt/ros/humble/include/rclcpp/rclcpp/executor_options.hpp:20[m[K,
                 from [01m[K/opt/ros/humble/include/rclcpp/rclcpp/executor.hpp:37[m[K,
                 from [01m[K/opt/ros/humble/include/rclcpp/rclcpp/executors/multi_threaded_executor.hpp:25[m[K,
                 from [01m[K/opt/ros/humble/include/rclcpp/rclcpp/executors.hpp:21[m[K,
                 from [01m[K/opt/ros/humble/include/rclcpp/rclcpp/rclcpp.hpp:155[m[K,
                 from [01m[K/home/alr/Desktop/new_perception/new_eufs_ws/src/my_slam_pkg/src/Slam.cpp:8[m[K:
[01m[K/home/alr/Desktop/new_perception/new_eufs_ws/src/my_slam_pkg/src/Slam.cpp:213:25:[m[K [01;31m[Kerror: [m[Kinvalid use of ‘[01m[Kthis[m[K’ in non-member function
  213 |                         [01;31m[Kthis[m[K->get_logger(),
      |                         [01;31m[K^~~~[m[K
[01m[K/home/alr/Desktop/new_perception/new_eufs_ws/src/my_slam_pkg/src/Slam.cpp:213:25:[m[K [01;31m[Kerror: [m[Kinvalid use of ‘[01m[Kthis[m[K’ in non-member function
[01m[K/home/alr/Desktop/new_perception/new_eufs_ws/src/my_slam_pkg/src/Slam.cpp:212:21:[m[K [01;31m[Kerror: [m[Ktemplate argument 1 is invalid
  212 |                     [01;31m[KRCLCPP_INFO[m[K(
      |                     [01;31m[K^~~~~~~~~~~[m[K
In file included from [01m[K/opt/ros/humble/include/rclcpp/rclcpp/logging.hpp:24[m[K,
                 from [01m[K/opt/ros/humble/include/rclcpp/rclcpp/client.hpp:40[m[K,
                 from [01m[K/opt/ros/humble/include/rclcpp/rclcpp/callback_group.hpp:24[m[K,
                 from [01m[K/opt/ros/humble/include/rclcpp/rclcpp/any_executable.hpp:20[m[K,
                 from [01m[K/opt/ros/humble/include/rclcpp/rclcpp/memory_strategy.hpp:25[m[K,
                 from [01m[K/opt/ros/humble/include/rclcpp/rclcpp/memory_strategies.hpp:18[m[K,
                 from [01m[K/opt/ros/humble/include/rclcpp/rclcpp/executor_options.hpp:20[m[K,
                 from [01m[K/opt/ros/humble/include/rclcpp/rclcpp/executor.hpp:37[m[K,
                 from [01m[K/opt/ros/humble/include/rclcpp/rclcpp/executors/multi_threaded_executor.hpp:25[m[K,
                 from [01m[K/opt/ros/humble/include/rclcpp/rclcpp/executors.hpp:21[m[K,
                 from [01m[K/opt/ros/humble/include/rclcpp/rclcpp/rclcpp.hpp:155[m[K,
                 from [01m[K/home/alr/Desktop/new_perception/new_eufs_ws/src/my_slam_pkg/src/Slam.cpp:8[m[K:
[01m[K/home/alr/Desktop/new_perception/new_eufs_ws/src/my_slam_pkg/src/Slam.cpp:213:25:[m[K [01;31m[Kerror: [m[Kinvalid use of ‘[01m[Kthis[m[K’ in non-member function
  213 |                         [01;31m[Kthis[m[K->get_logger(),
      |                         [01;31m[K^~~~[m[K
[01m[K/home/alr/Desktop/new_perception/new_eufs_ws/src/my_slam_pkg/src/Slam.cpp:213:25:[m[K [01;31m[Kerror: [m[Kinvalid use of ‘[01m[Kthis[m[K’ in non-member function
  213 |                         [01;31m[Kthis[m[K->get_logger(),
      |                         [01;31m[K^~~~[m[K
In file included from [01m[K/opt/ros/humble/include/rclcpp/rclcpp/client.hpp:40[m[K,
                 from [01m[K/opt/ros/humble/include/rclcpp/rclcpp/callback_group.hpp:24[m[K,
                 from [01m[K/opt/ros/humble/include/rclcpp/rclcpp/any_executable.hpp:20[m[K,
                 from [01m[K/opt/ros/humble/include/rclcpp/rclcpp/memory_strategy.hpp:25[m[K,
                 from [01m[K/opt/ros/humble/include/rclcpp/rclcpp/memory_strategies.hpp:18[m[K,
                 from [01m[K/opt/ros/humble/include/rclcpp/rclcpp/executor_options.hpp:20[m[K,
                 from [01m[K/opt/ros/humble/include/rclcpp/rclcpp/executor.hpp:37[m[K,
                 from [01m[K/opt/ros/humble/include/rclcpp/rclcpp/executors/multi_threaded_executor.hpp:25[m[K,
                 from [01m[K/opt/ros/humble/include/rclcpp/rclcpp/executors.hpp:21[m[K,
                 from [01m[K/opt/ros/humble/include/rclcpp/rclcpp/rclcpp.hpp:155[m[K,
                 from [01m[K/home/alr/Desktop/new_perception/new_eufs_ws/src/my_slam_pkg/src/Slam.cpp:8[m[K:
[01m[K/home/alr/Desktop/new_perception/new_eufs_ws/src/my_slam_pkg/src/Slam.cpp:224:25:[m[K [01;31m[Kerror: [m[Kinvalid use of ‘[01m[Kthis[m[K’ in non-member function
  224 |                         [01;31m[Kthis[m[K->get_logger(),
      |                         [01;31m[K^~~~[m[K
[01m[K/home/alr/Desktop/new_perception/new_eufs_ws/src/my_slam_pkg/src/Slam.cpp:224:25:[m[K [01;31m[Kerror: [m[Kinvalid use of ‘[01m[Kthis[m[K’ in non-member function
[01m[K/home/alr/Desktop/new_perception/new_eufs_ws/src/my_slam_pkg/src/Slam.cpp:223:21:[m[K [01;31m[Kerror: [m[Ktemplate argument 1 is invalid
  223 |                     [01;31m[KRCLCPP_INFO[m[K(
      |                     [01;31m[K^~~~~~~~~~~[m[K
In file included from [01m[K/opt/ros/humble/include/rclcpp/rclcpp/logging.hpp:24[m[K,
                 from [01m[K/opt/ros/humble/include/rclcpp/rclcpp/client.hpp:40[m[K,
                 from [01m[K/opt/ros/humble/include/rclcpp/rclcpp/callback_group.hpp:24[m[K,
                 from [01m[K/opt/ros/humble/include/rclcpp/rclcpp/any_executable.hpp:20[m[K,
                 from [01m[K/opt/ros/humble/include/rclcpp/rclcpp/memory_strategy.hpp:25[m[K,
                 from [01m[K/opt/ros/humble/include/rclcpp/rclcpp/memory_strategies.hpp:18[m[K,
                 from [01m[K/opt/ros/humble/include/rclcpp/rclcpp/executor_options.hpp:20[m[K,
                 from [01m[K/opt/ros/humble/include/rclcpp/rclcpp/executor.hpp:37[m[K,
                 from [01m[K/opt/ros/humble/include/rclcpp/rclcpp/executors/multi_threaded_executor.hpp:25[m[K,
                 from [01m[K/opt/ros/humble/include/rclcpp/rclcpp/executors.hpp:21[m[K,
                 from [01m[K/opt/ros/humble/include/rclcpp/rclcpp/rclcpp.hpp:155[m[K,
                 from [01m[K/home/alr/Desktop/new_perception/new_eufs_ws/src/my_slam_pkg/src/Slam.cpp:8[m[K:
[01m[K/home/alr/Desktop/new_perception/new_eufs_ws/src/my_slam_pkg/src/Slam.cpp:224:25:[m[K [01;31m[Kerror: [m[Kinvalid use of ‘[01m[Kthis[m[K’ in non-member function
  224 |                         [01;31m[Kthis[m[K->get_logger(),
      |                         [01;31m[K^~~~[m[K
[01m[K/home/alr/Desktop/new_perception/new_eufs_ws/src/my_slam_pkg/src/Slam.cpp:224:25:[m[K [01;31m[Kerror: [m[Kinvalid use of ‘[01m[Kthis[m[K’ in non-member function
  224 |                         [01;31m[Kthis[m[K->get_logger(),
      |                         [01;31m[K^~~~[m[K
In file included from [01m[K/opt/ros/humble/include/rclcpp/rclcpp/client.hpp:40[m[K,
                 from [01m[K/opt/ros/humble/include/rclcpp/rclcpp/callback_group.hpp:24[m[K,
                 from [01m[K/opt/ros/humble/include/rclcpp/rclcpp/any_executable.hpp:20[m[K,
                 from [01m[K/opt/ros/humble/include/rclcpp/rclcpp/memory_strategy.hpp:25[m[K,
                 from [01m[K/opt/ros/humble/include/rclcpp/rclcpp/memory_strategies.hpp:18[m[K,
                 from [01m[K/opt/ros/humble/include/rclcpp/rclcpp/executor_options.hpp:20[m[K,
                 from [01m[K/opt/ros/humble/include/rclcpp/rclcpp/executor.hpp:37[m[K,
                 from [01m[K/opt/ros/humble/include/rclcpp/rclcpp/executors/multi_threaded_executor.hpp:25[m[K,
                 from [01m[K/opt/ros/humble/include/rclcpp/rclcpp/executors.hpp:21[m[K,
                 from [01m[K/opt/ros/humble/include/rclcpp/rclcpp/rclcpp.hpp:155[m[K,
                 from [01m[K/home/alr/Desktop/new_perception/new_eufs_ws/src/my_slam_pkg/src/Slam.cpp:8[m[K:
[01m[K/home/alr/Desktop/new_perception/new_eufs_ws/src/my_slam_pkg/src/Slam.cpp:237:24:[m[K [01;31m[Kerror: [m[Kinvalid use of ‘[01m[Kthis[m[K’ in non-member function
  237 |                        [01;31m[Kthis[m[K->get_logger(),
      |                        [01;31m[K^~~~[m[K
[01m[K/home/alr/Desktop/new_perception/new_eufs_ws/src/my_slam_pkg/src/Slam.cpp:237:24:[m[K [01;31m[Kerror: [m[Kinvalid use of ‘[01m[Kthis[m[K’ in non-member function
[01m[K/home/alr/Desktop/new_perception/new_eufs_ws/src/my_slam_pkg/src/Slam.cpp:236:21:[m[K [01;31m[Kerror: [m[Ktemplate argument 1 is invalid
  236 |                     [01;31m[KRCLCPP_INFO[m[K(
      |                     [01;31m[K^~~~~~~~~~~[m[K
In file included from [01m[K/opt/ros/humble/include/rclcpp/rclcpp/logging.hpp:24[m[K,
                 from [01m[K/opt/ros/humble/include/rclcpp/rclcpp/client.hpp:40[m[K,
                 from [01m[K/opt/ros/humble/include/rclcpp/rclcpp/callback_group.hpp:24[m[K,
                 from [01m[K/opt/ros/humble/include/rclcpp/rclcpp/any_executable.hpp:20[m[K,
                 from [01m[K/opt/ros/humble/include/rclcpp/rclcpp/memory_strategy.hpp:25[m[K,
                 from [01m[K/opt/ros/humble/include/rclcpp/rclcpp/memory_strategies.hpp:18[m[K,
                 from [01m[K/opt/ros/humble/include/rclcpp/rclcpp/executor_options.hpp:20[m[K,
                 from [01m[K/opt/ros/humble/include/rclcpp/rclcpp/executor.hpp:37[m[K,
                 from [01m[K/opt/ros/humble/include/rclcpp/rclcpp/executors/multi_threaded_executor.hpp:25[m[K,
                 from [01m[K/opt/ros/humble/include/rclcpp/rclcpp/executors.hpp:21[m[K,
                 from [01m[K/opt/ros/humble/include/rclcpp/rclcpp/rclcpp.hpp:155[m[K,
                 from [01m[K/home/alr/Desktop/new_perception/new_eufs_ws/src/my_slam_pkg/src/Slam.cpp:8[m[K:
[01m[K/home/alr/Desktop/new_perception/new_eufs_ws/src/my_slam_pkg/src/Slam.cpp:237:24:[m[K [01;31m[Kerror: [m[Kinvalid use of ‘[01m[Kthis[m[K’ in non-member function
  237 |                        [01;31m[Kthis[m[K->get_logger(),
      |                        [01;31m[K^~~~[m[K
[01m[K/home/alr/Desktop/new_perception/new_eufs_ws/src/my_slam_pkg/src/Slam.cpp:237:24:[m[K [01;31m[Kerror: [m[Kinvalid use of ‘[01m[Kthis[m[K’ in non-member function
  237 |                        [01;31m[Kthis[m[K->get_logger(),
      |                        [01;31m[K^~~~[m[K
In file included from [01m[K/opt/ros/humble/include/rclcpp/rclcpp/client.hpp:40[m[K,
                 from [01m[K/opt/ros/humble/include/rclcpp/rclcpp/callback_group.hpp:24[m[K,
                 from [01m[K/opt/ros/humble/include/rclcpp/rclcpp/any_executable.hpp:20[m[K,
                 from [01m[K/opt/ros/humble/include/rclcpp/rclcpp/memory_strategy.hpp:25[m[K,
                 from [01m[K/opt/ros/humble/include/rclcpp/rclcpp/memory_strategies.hpp:18[m[K,
                 from [01m[K/opt/ros/humble/include/rclcpp/rclcpp/executor_options.hpp:20[m[K,
                 from [01m[K/opt/ros/humble/include/rclcpp/rclcpp/executor.hpp:37[m[K,
                 from [01m[K/opt/ros/humble/include/rclcpp/rclcpp/executors/multi_threaded_executor.hpp:25[m[K,
                 from [01m[K/opt/ros/humble/include/rclcpp/rclcpp/executors.hpp:21[m[K,
                 from [01m[K/opt/ros/humble/include/rclcpp/rclcpp/rclcpp.hpp:155[m[K,
                 from [01m[K/home/alr/Desktop/new_perception/new_eufs_ws/src/my_slam_pkg/src/Slam.cpp:8[m[K:
[01m[K/home/alr/Desktop/new_perception/new_eufs_ws/src/my_slam_pkg/src/Slam.cpp:251:24:[m[K [01;31m[Kerror: [m[Kinvalid use of ‘[01m[Kthis[m[K’ in non-member function
  251 |                        [01;31m[Kthis[m[K->get_logger(),
      |                        [01;31m[K^~~~[m[K
[01m[K/home/alr/Desktop/new_perception/new_eufs_ws/src/my_slam_pkg/src/Slam.cpp:251:24:[m[K [01;31m[Kerror: [m[Kinvalid use of ‘[01m[Kthis[m[K’ in non-member function
[01m[K/home/alr/Desktop/new_perception/new_eufs_ws/src/my_slam_pkg/src/Slam.cpp:250:21:[m[K [01;31m[Kerror: [m[Ktemplate argument 1 is invalid
  250 |                     [01;31m[KRCLCPP_INFO[m[K(
      |                     [01;31m[K^~~~~~~~~~~[m[K
In file included from [01m[K/opt/ros/humble/include/rclcpp/rclcpp/logging.hpp:24[m[K,
                 from [01m[K/opt/ros/humble/include/rclcpp/rclcpp/client.hpp:40[m[K,
                 from [01m[K/opt/ros/humble/include/rclcpp/rclcpp/callback_group.hpp:24[m[K,
                 from [01m[K/opt/ros/humble/include/rclcpp/rclcpp/any_executable.hpp:20[m[K,
                 from [01m[K/opt/ros/humble/include/rclcpp/rclcpp/memory_strategy.hpp:25[m[K,
                 from [01m[K/opt/ros/humble/include/rclcpp/rclcpp/memory_strategies.hpp:18[m[K,
                 from [01m[K/opt/ros/humble/include/rclcpp/rclcpp/executor_options.hpp:20[m[K,
                 from [01m[K/opt/ros/humble/include/rclcpp/rclcpp/executor.hpp:37[m[K,
                 from [01m[K/opt/ros/humble/include/rclcpp/rclcpp/executors/multi_threaded_executor.hpp:25[m[K,
                 from [01m[K/opt/ros/humble/include/rclcpp/rclcpp/executors.hpp:21[m[K,
                 from [01m[K/opt/ros/humble/include/rclcpp/rclcpp/rclcpp.hpp:155[m[K,
                 from [01m[K/home/alr/Desktop/new_perception/new_eufs_ws/src/my_slam_pkg/src/Slam.cpp:8[m[K:
[01m[K/home/alr/Desktop/new_perception/new_eufs_ws/src/my_slam_pkg/src/Slam.cpp:251:24:[m[K [01;31m[Kerror: [m[Kinvalid use of ‘[01m[Kthis[m[K’ in non-member function
  251 |                        [01;31m[Kthis[m[K->get_logger(),
      |                        [01;31m[K^~~~[m[K
[01m[K/home/alr/Desktop/new_perception/new_eufs_ws/src/my_slam_pkg/src/Slam.cpp:251:24:[m[K [01;31m[Kerror: [m[Kinvalid use of ‘[01m[Kthis[m[K’ in non-member function
  251 |                        [01;31m[Kthis[m[K->get_logger(),
      |                        [01;31m[K^~~~[m[K
[01m[K/home/alr/Desktop/new_perception/new_eufs_ws/src/my_slam_pkg/src/Slam.cpp:277:74:[m[K [01;31m[Kerror: [m[K‘[01m[KR_obs_[m[K’ was not declared in this scope
  277 |                     Eigen::Matrix2d S = Hf * lm.sigma * Hf.transpose() + [01;31m[KR_obs_[m[K;
      |                                                                          [01;31m[K^~~~~~[m[K
[01m[K/home/alr/Desktop/new_perception/new_eufs_ws/src/my_slam_pkg/src/Slam.cpp:282:26:[m[K [01;31m[Kerror: [m[K‘[01m[Klap_closed_[m[K’ was not declared in this scope
  282 |                     if (![01;31m[Klap_closed_[m[K) {
      |                          [01;31m[K^~~~~~~~~~~[m[K
[01m[K/home/alr/Desktop/new_perception/new_eufs_ws/src/my_slam_pkg/src/Slam.cpp:307:11:[m[K [01;31m[Kerror: [m[K‘[01m[Klap_closed_[m[K’ was not declared in this scope
  307 | else if (![01;31m[Klap_closed_[m[K)
      |           [01;31m[K^~~~~~~~~~~[m[K
[01m[K/home/alr/Desktop/new_perception/new_eufs_ws/src/my_slam_pkg/src/Slam.cpp:311:10:[m[K [01;31m[Kerror: [m[K‘[01m[Ktotal_dist_[m[K’ was not declared in this scope
  311 |         ([01;31m[Ktotal_dist_[m[K > 30.0 && dist_to_origin < 15.0);
      |          [01;31m[K^~~~~~~~~~~[m[K
[01m[K/home/alr/Desktop/new_perception/new_eufs_ws/src/my_slam_pkg/src/Slam.cpp:344:33:[m[K [01;31m[Kerror: [m[K‘[01m[KR_obs_[m[K’ was not declared in this scope
  344 |             new_lm.sigma = Gz * [01;31m[KR_obs_[m[K * Gz.transpose();
      |                                 [01;31m[K^~~~~~[m[K
[01m[K/home/alr/Desktop/new_perception/new_eufs_ws/src/my_slam_pkg/src/Slam.cpp:[m[K In function ‘[01m[Kvoid resampleParticles()[m[K’:
[01m[K/home/alr/Desktop/new_perception/new_eufs_ws/src/my_slam_pkg/src/Slam.cpp:359:30:[m[K [01;31m[Kerror: [m[K‘[01m[Kparticles_[m[K’ was not declared in this scope; did you mean ‘[01m[KParticle[m[K’?
  359 |         for (const auto &p : [01;31m[Kparticles_[m[K) sum_w += p.weight;
      |                              [01;31m[K^~~~~~~~~~[m[K
      |                              [32m[KParticle[m[K
[01m[K/home/alr/Desktop/new_perception/new_eufs_ws/src/my_slam_pkg/src/Slam.cpp:362:28:[m[K [01;31m[Kerror: [m[K‘[01m[Kparticles_[m[K’ was not declared in this scope; did you mean ‘[01m[KParticle[m[K’?
  362 |             for (auto &p : [01;31m[Kparticles_[m[K) p.weight = 1.0 / num_particles_;
      |                            [01;31m[K^~~~~~~~~~[m[K
      |                            [32m[KParticle[m[K
[01m[K/home/alr/Desktop/new_perception/new_eufs_ws/src/my_slam_pkg/src/Slam.cpp:362:57:[m[K [01;31m[Kerror: [m[K‘[01m[Knum_particles_[m[K’ was not declared in this scope
  362 |             for (auto &p : particles_) p.weight = 1.0 / [01;31m[Knum_particles_[m[K;
      |                                                         [01;31m[K^~~~~~~~~~~~~~[m[K
[01m[K/home/alr/Desktop/new_perception/new_eufs_ws/src/my_slam_pkg/src/Slam.cpp:367:24:[m[K [01;31m[Kerror: [m[K‘[01m[Kparticles_[m[K’ was not declared in this scope; did you mean ‘[01m[KParticle[m[K’?
  367 |         for (auto &p : [01;31m[Kparticles_[m[K) {
      |                        [01;31m[K^~~~~~~~~~[m[K
      |                        [32m[KParticle[m[K
[01m[K/home/alr/Desktop/new_perception/new_eufs_ws/src/my_slam_pkg/src/Slam.cpp:373:22:[m[K [01;31m[Kerror: [m[K‘[01m[Knum_particles_[m[K’ was not declared in this scope
  373 |         if (n_eff >= [01;31m[Knum_particles_[m[K / 2.0) return;
      |                      [01;31m[K^~~~~~~~~~~~~~[m[K
[01m[K/home/alr/Desktop/new_perception/new_eufs_ws/src/my_slam_pkg/src/Slam.cpp:376:64:[m[K [01;31m[Kerror: [m[K‘[01m[Knum_particles_[m[K’ was not declared in this scope; did you mean ‘[01m[Knew_particles[m[K’?
  376 |         std::uniform_real_distribution<double> dist(0.0, 1.0 / [01;31m[Knum_particles_[m[K);
      |                                                                [01;31m[K^~~~~~~~~~~~~~[m[K
      |                                                                [32m[Knew_particles[m[K
[01m[K/home/alr/Desktop/new_perception/new_eufs_ws/src/my_slam_pkg/src/Slam.cpp:377:25:[m[K [01;31m[Kerror: [m[K‘[01m[Kgen_[m[K’ was not declared in this scope
  377 |         double r = dist([01;31m[Kgen_[m[K);
      |                         [01;31m[K^~~~[m[K
[01m[K/home/alr/Desktop/new_perception/new_eufs_ws/src/my_slam_pkg/src/Slam.cpp:378:20:[m[K [01;31m[Kerror: [m[K‘[01m[Kparticles_[m[K’ was not declared in this scope; did you mean ‘[01m[KParticle[m[K’?
  378 |         double c = [01;31m[Kparticles_[m[K[0].weight;
      |                    [01;31m[K^~~~~~~~~~[m[K
      |                    [32m[KParticle[m[K
[01m[K/home/alr/Desktop/new_perception/new_eufs_ws/src/my_slam_pkg/src/Slam.cpp:[m[K In function ‘[01m[KParticle getBestParticle()[m[K’:
[01m[K/home/alr/Desktop/new_perception/new_eufs_ws/src/my_slam_pkg/src/Slam.cpp:405:25:[m[K [01;31m[Kerror: [m[K‘[01m[Kparticles_[m[K’ was not declared in this scope; did you mean ‘[01m[KParticle[m[K’?
  405 |         Particle best = [01;31m[Kparticles_[m[K[0];
      |                         [01;31m[K^~~~~~~~~~[m[K
      |                         [32m[KParticle[m[K
[01m[K/home/alr/Desktop/new_perception/new_eufs_ws/src/my_slam_pkg/src/Slam.cpp:[m[K In function ‘[01m[Kvoid runSLAM()[m[K’:
[01m[K/home/alr/Desktop/new_perception/new_eufs_ws/src/my_slam_pkg/src/Slam.cpp:417:46:[m[K [01;31m[Kerror: [m[K‘[01m[Kslam_mutex_[m[K’ was not declared in this scope
  417 |             std::lock_guard<std::mutex> lock([01;31m[Kslam_mutex_[m[K);
      |                                              [01;31m[K^~~~~~~~~~~[m[K
[01m[K/home/alr/Desktop/new_perception/new_eufs_ws/src/my_slam_pkg/src/Slam.cpp:419:17:[m[K [01;31m[Kerror: [m[K‘[01m[Kdt_[m[K’ was not declared in this scope
  419 |             if ([01;31m[Kdt_[m[K <= 0.0 || dt_ > 0.2) {
      |                 [01;31m[K^~~[m[K
[01m[K/home/alr/Desktop/new_perception/new_eufs_ws/src/my_slam_pkg/src/Slam.cpp:422:34:[m[K [01;31m[Kerror: [m[Kinvalid use of ‘[01m[Kthis[m[K’ in non-member function
  422 |                 t.header.stamp = [01;31m[Kthis[m[K->now(); t.header.frame_id = "map";
      |                                  [01;31m[K^~~~[m[K
[01m[K/home/alr/Desktop/new_perception/new_eufs_ws/src/my_slam_pkg/src/Slam.cpp:426:17:[m[K [01;31m[Kerror: [m[K‘[01m[Ktf_broadcaster_[m[K’ was not declared in this scope
  426 |                 [01;31m[Ktf_broadcaster_[m[K->sendTransform(t);
      |                 [01;31m[K^~~~~~~~~~~~~~~[m[K
[01m[K/home/alr/Desktop/new_perception/new_eufs_ws/src/my_slam_pkg/src/Slam.cpp:429:23:[m[K [01;31m[Kerror: [m[K‘[01m[Kz_buffer_[m[K’ was not declared in this scope
  429 |             local_z = [01;31m[Kz_buffer_[m[K; z_buffer_.clear();
      |                       [01;31m[K^~~~~~~~~[m[K
[01m[K/home/alr/Desktop/new_perception/new_eufs_ws/src/my_slam_pkg/src/Slam.cpp:430:24:[m[K [01;31m[Kerror: [m[K‘[01m[Kdt_[m[K’ was not declared in this scope
  430 |             local_dt = [01;31m[Kdt_[m[K; dt_ = 0.0;
      |                        [01;31m[K^~~[m[K
[01m[K/home/alr/Desktop/new_perception/new_eufs_ws/src/my_slam_pkg/src/Slam.cpp:431:24:[m[K [01;31m[Kerror: [m[K‘[01m[Kvx_[m[K’ was not declared in this scope
  431 |             local_vx = [01;31m[Kvx_[m[K; local_yaw_rate = yaw_rate_;
      |                        [01;31m[K^~~[m[K
[01m[K/home/alr/Desktop/new_perception/new_eufs_ws/src/my_slam_pkg/src/Slam.cpp:431:46:[m[K [01;31m[Kerror: [m[K‘[01m[Kyaw_rate_[m[K’ was not declared in this scope
  431 |             local_vx = vx_; local_yaw_rate = [01;31m[Kyaw_rate_[m[K;
      |                                              [01;31m[K^~~~~~~~~[m[K
[01m[K/home/alr/Desktop/new_perception/new_eufs_ws/src/my_slam_pkg/src/Slam.cpp:436:9:[m[K [01;31m[Kerror: [m[K‘[01m[Ktotal_dist_[m[K’ was not declared in this scope
  436 |         [01;31m[Ktotal_dist_[m[K += std::abs(local_vx) * local_dt;
      |         [01;31m[K^~~~~~~~~~~[m[K
[01m[K/home/alr/Desktop/new_perception/new_eufs_ws/src/my_slam_pkg/src/Slam.cpp:449:28:[m[K [01;31m[Kerror: [m[K‘[01m[Klast_lap_dist_[m[K’ was not declared in this scope
  449 |         if ((total_dist_ - [01;31m[Klast_lap_dist_[m[K) >30.0 && orange_cones_seen >= 2 && dist_to_origin <1.0 && facing_forward) {
      |                            [01;31m[K^~~~~~~~~~~~~~[m[K
[01m[K/home/alr/Desktop/new_perception/new_eufs_ws/src/my_slam_pkg/src/Slam.cpp:450:13:[m[K [01;31m[Kerror: [m[K‘[01m[Klap_count_[m[K’ was not declared in this scope
  450 |             [01;31m[Klap_count_[m[K++;
      |             [01;31m[K^~~~~~~~~~[m[K
[01m[K/home/alr/Desktop/new_perception/new_eufs_ws/src/my_slam_pkg/src/Slam.cpp:452:18:[m[K [01;31m[Kerror: [m[K‘[01m[Klap_closed_[m[K’ was not declared in this scope
  452 |             if (![01;31m[Klap_closed_[m[K) {
      |                  [01;31m[K^~~~~~~~~~~[m[K
In file included from [01m[K/opt/ros/humble/include/rclcpp/rclcpp/client.hpp:40[m[K,
                 from [01m[K/opt/ros/humble/include/rclcpp/rclcpp/callback_group.hpp:24[m[K,
                 from [01m[K/opt/ros/humble/include/rclcpp/rclcpp/any_executable.hpp:20[m[K,
                 from [01m[K/opt/ros/humble/include/rclcpp/rclcpp/memory_strategy.hpp:25[m[K,
                 from [01m[K/opt/ros/humble/include/rclcpp/rclcpp/memory_strategies.hpp:18[m[K,
                 from [01m[K/opt/ros/humble/include/rclcpp/rclcpp/executor_options.hpp:20[m[K,
                 from [01m[K/opt/ros/humble/include/rclcpp/rclcpp/executor.hpp:37[m[K,
                 from [01m[K/opt/ros/humble/include/rclcpp/rclcpp/executors/multi_threaded_executor.hpp:25[m[K,
                 from [01m[K/opt/ros/humble/include/rclcpp/rclcpp/executors.hpp:21[m[K,
                 from [01m[K/opt/ros/humble/include/rclcpp/rclcpp/rclcpp.hpp:155[m[K,
                 from [01m[K/home/alr/Desktop/new_perception/new_eufs_ws/src/my_slam_pkg/src/Slam.cpp:8[m[K:
[01m[K/home/alr/Desktop/new_perception/new_eufs_ws/src/my_slam_pkg/src/Slam.cpp:454:29:[m[K [01;31m[Kerror: [m[Kinvalid use of ‘[01m[Kthis[m[K’ in non-member function
  454 |                 RCLCPP_WARN([01;31m[Kthis[m[K->get_logger(), "🏁 LAP 1 COMPLETE! Map Locked.");
      |                             [01;31m[K^~~~[m[K
[01m[K/home/alr/Desktop/new_perception/new_eufs_ws/src/my_slam_pkg/src/Slam.cpp:454:29:[m[K [01;31m[Kerror: [m[Kinvalid use of ‘[01m[Kthis[m[K’ in non-member function
[01m[K/home/alr/Desktop/new_perception/new_eufs_ws/src/my_slam_pkg/src/Slam.cpp:454:17:[m[K [01;31m[Kerror: [m[Ktemplate argument 1 is invalid
  454 |                 [01;31m[KRCLCPP_WARN[m[K(this->get_logger(), "🏁 LAP 1 COMPLETE! Map Locked.");
      |                 [01;31m[K^~~~~~~~~~~[m[K
In file included from [01m[K/opt/ros/humble/include/rclcpp/rclcpp/logging.hpp:24[m[K,
                 from [01m[K/opt/ros/humble/include/rclcpp/rclcpp/client.hpp:40[m[K,
                 from [01m[K/opt/ros/humble/include/rclcpp/rclcpp/callback_group.hpp:24[m[K,
                 from [01m[K/opt/ros/humble/include/rclcpp/rclcpp/any_executable.hpp:20[m[K,
                 from [01m[K/opt/ros/humble/include/rclcpp/rclcpp/memory_strategy.hpp:25[m[K,
                 from [01m[K/opt/ros/humble/include/rclcpp/rclcpp/memory_strategies.hpp:18[m[K,
                 from [01m[K/opt/ros/humble/include/rclcpp/rclcpp/executor_options.hpp:20[m[K,
                 from [01m[K/opt/ros/humble/include/rclcpp/rclcpp/executor.hpp:37[m[K,
                 from [01m[K/opt/ros/humble/include/rclcpp/rclcpp/executors/multi_threaded_executor.hpp:25[m[K,
                 from [01m[K/opt/ros/humble/include/rclcpp/rclcpp/executors.hpp:21[m[K,
                 from [01m[K/opt/ros/humble/include/rclcpp/rclcpp/rclcpp.hpp:155[m[K,
                 from [01m[K/home/alr/Desktop/new_perception/new_eufs_ws/src/my_slam_pkg/src/Slam.cpp:8[m[K:
[01m[K/home/alr/Desktop/new_perception/new_eufs_ws/src/my_slam_pkg/src/Slam.cpp:454:29:[m[K [01;31m[Kerror: [m[Kinvalid use of ‘[01m[Kthis[m[K’ in non-member function
  454 |                 RCLCPP_WARN([01;31m[Kthis[m[K->get_logger(), "🏁 LAP 1 COMPLETE! Map Locked.");
      |                             [01;31m[K^~~~[m[K
[01m[K/home/alr/Desktop/new_perception/new_eufs_ws/src/my_slam_pkg/src/Slam.cpp:454:29:[m[K [01;31m[Kerror: [m[Kinvalid use of ‘[01m[Kthis[m[K’ in non-member function
  454 |                 RCLCPP_WARN([01;31m[Kthis[m[K->get_logger(), "🏁 LAP 1 COMPLETE! Map Locked.");
      |                             [01;31m[K^~~~[m[K
[01m[K/home/alr/Desktop/new_perception/new_eufs_ws/src/my_slam_pkg/src/Slam.cpp:455:32:[m[K [01;31m[Kerror: [m[K‘[01m[Kparticles_[m[K’ was not declared in this scope; did you mean ‘[01m[KParticle[m[K’?
  455 |                 for (auto &p : [01;31m[Kparticles_[m[K) p.map = best_p.map; // Lock all particles to current best map
      |                                [01;31m[K^~~~~~~~~~[m[K
      |                                [32m[KParticle[m[K
In file included from [01m[K/opt/ros/humble/include/rclcpp/rclcpp/client.hpp:40[m[K,
                 from [01m[K/opt/ros/humble/include/rclcpp/rclcpp/callback_group.hpp:24[m[K,
                 from [01m[K/opt/ros/humble/include/rclcpp/rclcpp/any_executable.hpp:20[m[K,
                 from [01m[K/opt/ros/humble/include/rclcpp/rclcpp/memory_strategy.hpp:25[m[K,
                 from [01m[K/opt/ros/humble/include/rclcpp/rclcpp/memory_strategies.hpp:18[m[K,
                 from [01m[K/opt/ros/humble/include/rclcpp/rclcpp/executor_options.hpp:20[m[K,
                 from [01m[K/opt/ros/humble/include/rclcpp/rclcpp/executor.hpp:37[m[K,
                 from [01m[K/opt/ros/humble/include/rclcpp/rclcpp/executors/multi_threaded_executor.hpp:25[m[K,
                 from [01m[K/opt/ros/humble/include/rclcpp/rclcpp/executors.hpp:21[m[K,
                 from [01m[K/opt/ros/humble/include/rclcpp/rclcpp/rclcpp.hpp:155[m[K,
                 from [01m[K/home/alr/Desktop/new_perception/new_eufs_ws/src/my_slam_pkg/src/Slam.cpp:8[m[K:
[01m[K/home/alr/Desktop/new_perception/new_eufs_ws/src/my_slam_pkg/src/Slam.cpp:467:14:[m[K [01;31m[Kerror: [m[Kinvalid use of ‘[01m[Kthis[m[K’ in non-member function
  467 |              [01;31m[Kthis[m[K->get_logger(),
      |              [01;31m[K^~~~[m[K
[01m[K/home/alr/Desktop/new_perception/new_eufs_ws/src/my_slam_pkg/src/Slam.cpp:467:14:[m[K [01;31m[Kerror: [m[Kinvalid use of ‘[01m[Kthis[m[K’ in non-member function
[01m[K/home/alr/Desktop/new_perception/new_eufs_ws/src/my_slam_pkg/src/Slam.cpp:466:10:[m[K [01;31m[Kerror: [m[Ktemplate argument 1 is invalid
  466 |          [01;31m[KRCLCPP_WARN[m[K(
      |          [01;31m[K^~~~~~~~~~~[m[K
In file included from [01m[K/opt/ros/humble/include/rclcpp/rclcpp/logging.hpp:24[m[K,
                 from [01m[K/opt/ros/humble/include/rclcpp/rclcpp/client.hpp:40[m[K,
                 from [01m[K/opt/ros/humble/include/rclcpp/rclcpp/callback_group.hpp:24[m[K,
                 from [01m[K/opt/ros/humble/include/rclcpp/rclcpp/any_executable.hpp:20[m[K,
                 from [01m[K/opt/ros/humble/include/rclcpp/rclcpp/memory_strategy.hpp:25[m[K,
                 from [01m[K/opt/ros/humble/include/rclcpp/rclcpp/memory_strategies.hpp:18[m[K,
                 from [01m[K/opt/ros/humble/include/rclcpp/rclcpp/executor_options.hpp:20[m[K,
                 from [01m[K/opt/ros/humble/include/rclcpp/rclcpp/executor.hpp:37[m[K,
                 from [01m[K/opt/ros/humble/include/rclcpp/rclcpp/executors/multi_threaded_executor.hpp:25[m[K,
                 from [01m[K/opt/ros/humble/include/rclcpp/rclcpp/executors.hpp:21[m[K,
                 from [01m[K/opt/ros/humble/include/rclcpp/rclcpp/rclcpp.hpp:155[m[K,
                 from [01m[K/home/alr/Desktop/new_perception/new_eufs_ws/src/my_slam_pkg/src/Slam.cpp:8[m[K:
[01m[K/home/alr/Desktop/new_perception/new_eufs_ws/src/my_slam_pkg/src/Slam.cpp:467:14:[m[K [01;31m[Kerror: [m[Kinvalid use of ‘[01m[Kthis[m[K’ in non-member function
  467 |              [01;31m[Kthis[m[K->get_logger(),
      |              [01;31m[K^~~~[m[K
[01m[K/home/alr/Desktop/new_perception/new_eufs_ws/src/my_slam_pkg/src/Slam.cpp:467:14:[m[K [01;31m[Kerror: [m[Kinvalid use of ‘[01m[Kthis[m[K’ in non-member function
  467 |              [01;31m[Kthis[m[K->get_logger(),
      |              [01;31m[K^~~~[m[K
[01m[K/home/alr/Desktop/new_perception/new_eufs_ws/src/my_slam_pkg/src/Slam.cpp:474:32:[m[K [01;31m[Kerror: [m[Kinvalid use of ‘[01m[Kthis[m[K’ in non-member function
  474 |         out_msg.header.stamp = [01;31m[Kthis[m[K->now();
      |                                [01;31m[K^~~~[m[K
In file included from [01m[K/opt/ros/humble/include/rclcpp/rclcpp/client.hpp:40[m[K,
                 from [01m[K/opt/ros/humble/include/rclcpp/rclcpp/callback_group.hpp:24[m[K,
                 from [01m[K/opt/ros/humble/include/rclcpp/rclcpp/any_executable.hpp:20[m[K,
                 from [01m[K/opt/ros/humble/include/rclcpp/rclcpp/memory_strategy.hpp:25[m[K,
                 from [01m[K/opt/ros/humble/include/rclcpp/rclcpp/memory_strategies.hpp:18[m[K,
                 from [01m[K/opt/ros/humble/include/rclcpp/rclcpp/executor_options.hpp:20[m[K,
                 from [01m[K/opt/ros/humble/include/rclcpp/rclcpp/executor.hpp:37[m[K,
                 from [01m[K/opt/ros/humble/include/rclcpp/rclcpp/executors/multi_threaded_executor.hpp:25[m[K,
                 from [01m[K/opt/ros/humble/include/rclcpp/rclcpp/executors.hpp:21[m[K,
                 from [01m[K/opt/ros/humble/include/rclcpp/rclcpp/rclcpp.hpp:155[m[K,
                 from [01m[K/home/alr/Desktop/new_perception/new_eufs_ws/src/my_slam_pkg/src/Slam.cpp:8[m[K:
[01m[K/home/alr/Desktop/new_perception/new_eufs_ws/src/my_slam_pkg/src/Slam.cpp:480:13:[m[K [01;31m[Kerror: [m[Kinvalid use of ‘[01m[Kthis[m[K’ in non-member function
  480 |             [01;31m[Kthis[m[K->get_logger(),
      |             [01;31m[K^~~~[m[K
[01m[K/home/alr/Desktop/new_perception/new_eufs_ws/src/my_slam_pkg/src/Slam.cpp:480:13:[m[K [01;31m[Kerror: [m[Kinvalid use of ‘[01m[Kthis[m[K’ in non-member function
[01m[K/home/alr/Desktop/new_perception/new_eufs_ws/src/my_slam_pkg/src/Slam.cpp:479:9:[m[K [01;31m[Kerror: [m[Ktemplate argument 1 is invalid
  479 |         [01;31m[KRCLCPP_WARN[m[K(
      |         [01;31m[K^~~~~~~~~~~[m[K
In file included from [01m[K/opt/ros/humble/include/rclcpp/rclcpp/logging.hpp:24[m[K,
                 from [01m[K/opt/ros/humble/include/rclcpp/rclcpp/client.hpp:40[m[K,
                 from [01m[K/opt/ros/humble/include/rclcpp/rclcpp/callback_group.hpp:24[m[K,
                 from [01m[K/opt/ros/humble/include/rclcpp/rclcpp/any_executable.hpp:20[m[K,
                 from [01m[K/opt/ros/humble/include/rclcpp/rclcpp/memory_strategy.hpp:25[m[K,
                 from [01m[K/opt/ros/humble/include/rclcpp/rclcpp/memory_strategies.hpp:18[m[K,
                 from [01m[K/opt/ros/humble/include/rclcpp/rclcpp/executor_options.hpp:20[m[K,
                 from [01m[K/opt/ros/humble/include/rclcpp/rclcpp/executor.hpp:37[m[K,
                 from [01m[K/opt/ros/humble/include/rclcpp/rclcpp/executors/multi_threaded_executor.hpp:25[m[K,
                 from [01m[K/opt/ros/humble/include/rclcpp/rclcpp/executors.hpp:21[m[K,
                 from [01m[K/opt/ros/humble/include/rclcpp/rclcpp/rclcpp.hpp:155[m[K,
                 from [01m[K/home/alr/Desktop/new_perception/new_eufs_ws/src/my_slam_pkg/src/Slam.cpp:8[m[K:
[01m[K/home/alr/Desktop/new_perception/new_eufs_ws/src/my_slam_pkg/src/Slam.cpp:480:13:[m[K [01;31m[Kerror: [m[Kinvalid use of ‘[01m[Kthis[m[K’ in non-member function
  480 |             [01;31m[Kthis[m[K->get_logger(),
      |             [01;31m[K^~~~[m[K
[01m[K/home/alr/Desktop/new_perception/new_eufs_ws/src/my_slam_pkg/src/Slam.cpp:480:13:[m[K [01;31m[Kerror: [m[Kinvalid use of ‘[01m[Kthis[m[K’ in non-member function
  480 |             [01;31m[Kthis[m[K->get_logger(),
      |             [01;31m[K^~~~[m[K
In file included from [01m[K/opt/ros/humble/include/rclcpp/rclcpp/client.hpp:40[m[K,
                 from [01m[K/opt/ros/humble/include/rclcpp/rclcpp/callback_group.hpp:24[m[K,
                 from [01m[K/opt/ros/humble/include/rclcpp/rclcpp/any_executable.hpp:20[m[K,
                 from [01m[K/opt/ros/humble/include/rclcpp/rclcpp/memory_strategy.hpp:25[m[K,
                 from [01m[K/opt/ros/humble/include/rclcpp/rclcpp/memory_strategies.hpp:18[m[K,
                 from [01m[K/opt/ros/humble/include/rclcpp/rclcpp/executor_options.hpp:20[m[K,
                 from [01m[K/opt/ros/humble/include/rclcpp/rclcpp/executor.hpp:37[m[K,
                 from [01m[K/opt/ros/humble/include/rclcpp/rclcpp/executors/multi_threaded_executor.hpp:25[m[K,
                 from [01m[K/opt/ros/humble/include/rclcpp/rclcpp/executors.hpp:21[m[K,
                 from [01m[K/opt/ros/humble/include/rclcpp/rclcpp/rclcpp.hpp:155[m[K,
                 from [01m[K/home/alr/Desktop/new_perception/new_eufs_ws/src/my_slam_pkg/src/Slam.cpp:8[m[K:
[01m[K/home/alr/Desktop/new_perception/new_eufs_ws/src/my_slam_pkg/src/Slam.cpp:497:12:[m[K [01;31m[Kerror: [m[Kinvalid use of ‘[01m[Kthis[m[K’ in non-member function
  497 |            [01;31m[Kthis[m[K->get_logger(),
      |            [01;31m[K^~~~[m[K
[01m[K/home/alr/Desktop/new_perception/new_eufs_ws/src/my_slam_pkg/src/Slam.cpp:497:12:[m[K [01;31m[Kerror: [m[Kinvalid use of ‘[01m[Kthis[m[K’ in non-member function
[01m[K/home/alr/Desktop/new_perception/new_eufs_ws/src/my_slam_pkg/src/Slam.cpp:496:9:[m[K [01;31m[Kerror: [m[Ktemplate argument 1 is invalid
  496 |         [01;31m[KRCLCPP_WARN[m[K(
      |         [01;31m[K^~~~~~~~~~~[m[K
In file included from [01m[K/opt/ros/humble/include/rclcpp/rclcpp/logging.hpp:24[m[K,
                 from [01m[K/opt/ros/humble/include/rclcpp/rclcpp/client.hpp:40[m[K,
                 from [01m[K/opt/ros/humble/include/rclcpp/rclcpp/callback_group.hpp:24[m[K,
                 from [01m[K/opt/ros/humble/include/rclcpp/rclcpp/any_executable.hpp:20[m[K,
                 from [01m[K/opt/ros/humble/include/rclcpp/rclcpp/memory_strategy.hpp:25[m[K,
                 from [01m[K/opt/ros/humble/include/rclcpp/rclcpp/memory_strategies.hpp:18[m[K,
                 from [01m[K/opt/ros/humble/include/rclcpp/rclcpp/executor_options.hpp:20[m[K,
                 from [01m[K/opt/ros/humble/include/rclcpp/rclcpp/executor.hpp:37[m[K,
                 from [01m[K/opt/ros/humble/include/rclcpp/rclcpp/executors/multi_threaded_executor.hpp:25[m[K,
                 from [01m[K/opt/ros/humble/include/rclcpp/rclcpp/executors.hpp:21[m[K,
                 from [01m[K/opt/ros/humble/include/rclcpp/rclcpp/rclcpp.hpp:155[m[K,
                 from [01m[K/home/alr/Desktop/new_perception/new_eufs_ws/src/my_slam_pkg/src/Slam.cpp:8[m[K:
[01m[K/home/alr/Desktop/new_perception/new_eufs_ws/src/my_slam_pkg/src/Slam.cpp:497:12:[m[K [01;31m[Kerror: [m[Kinvalid use of ‘[01m[Kthis[m[K’ in non-member function
  497 |            [01;31m[Kthis[m[K->get_logger(),
      |            [01;31m[K^~~~[m[K
[01m[K/home/alr/Desktop/new_perception/new_eufs_ws/src/my_slam_pkg/src/Slam.cpp:497:12:[m[K [01;31m[Kerror: [m[Kinvalid use of ‘[01m[Kthis[m[K’ in non-member function
  497 |            [01;31m[Kthis[m[K->get_logger(),
      |            [01;31m[K^~~~[m[K
[01m[K/home/alr/Desktop/new_perception/new_eufs_ws/src/my_slam_pkg/src/Slam.cpp:504:9:[m[K [01;31m[Kerror: [m[K‘[01m[Kcones_pub_[m[K’ was not declared in this scope
  504 |         [01;31m[Kcones_pub_[m[K->publish(out_msg);
      |         [01;31m[K^~~~~~~~~~[m[K
[01m[K/home/alr/Desktop/new_perception/new_eufs_ws/src/my_slam_pkg/src/Slam.cpp:508:34:[m[K [01;31m[Kerror: [m[Kinvalid use of ‘[01m[Kthis[m[K’ in non-member function
  508 |         slam_odom.header.stamp = [01;31m[Kthis[m[K->now();
      |                                  [01;31m[K^~~~[m[K
[01m[K/home/alr/Desktop/new_perception/new_eufs_ws/src/my_slam_pkg/src/Slam.cpp:516:9:[m[K [01;31m[Kerror: [m[K‘[01m[Kslam_odom_pub_[m[K’ was not declared in this scope; did you mean ‘[01m[Kslam_odom[m[K’?
  516 |         [01;31m[Kslam_odom_pub_[m[K->publish(slam_odom);
      |         [01;31m[K^~~~~~~~~~~~~~[m[K
      |         [32m[Kslam_odom[m[K
[01m[K/home/alr/Desktop/new_perception/new_eufs_ws/src/my_slam_pkg/src/Slam.cpp:520:26:[m[K [01;31m[Kerror: [m[Kinvalid use of ‘[01m[Kthis[m[K’ in non-member function
  520 |         t.header.stamp = [01;31m[Kthis[m[K->now(); t.header.frame_id = "map"; t.child_frame_id = "base_footprint";
      |                          [01;31m[K^~~~[m[K
[01m[K/home/alr/Desktop/new_perception/new_eufs_ws/src/my_slam_pkg/src/Slam.cpp:523:9:[m[K [01;31m[Kerror: [m[K‘[01m[Ktf_broadcaster_[m[K’ was not declared in this scope
  523 |         [01;31m[Ktf_broadcaster_[m[K->sendTransform(t);
      |         [01;31m[K^~~~~~~~~~~~~~~[m[K
[01m[K/home/alr/Desktop/new_perception/new_eufs_ws/src/my_slam_pkg/src/Slam.cpp:534:30:[m[K [01;31m[Kerror: [m[Kinvalid use of ‘[01m[Kthis[m[K’ in non-member function
  534 |             m.header.stamp = [01;31m[Kthis[m[K->now(); m.header.frame_id = "map"; m.ns = "track_cones"; m.id = i;
      |                              [01;31m[K^~~~[m[K
[01m[K/home/alr/Desktop/new_perception/new_eufs_ws/src/my_slam_pkg/src/Slam.cpp:543:9:[m[K [01;31m[Kerror: [m[K‘[01m[Knative_marker_pub_[m[K’ was not declared in this scope
  543 |         [01;31m[Knative_marker_pub_[m[K->publish(marker_array);
      |         [01;31m[K^~~~~~~~~~~~~~~~~~[m[K
[01m[K/home/alr/Desktop/new_perception/new_eufs_ws/src/my_slam_pkg/src/Slam.cpp:[m[K At global scope:
[01m[K/home/alr/Desktop/new_perception/new_eufs_ws/src/my_slam_pkg/src/Slam.cpp:545:1:[m[K [01;31m[Kerror: [m[Kexpected declaration before ‘[01m[K}[m[K’ token
  545 | [01;31m[K}[m[K;
      | [01;31m[K^[m[K
gmake[2]: *** [CMakeFiles/eufs_slam_node.dir/build.make:76: CMakeFiles/eufs_slam_node.dir/src/Slam.cpp.o] Error 1
gmake[1]: *** [CMakeFiles/Makefile2:137: CMakeFiles/eufs_slam_node.dir/all] Error 2
gmake: *** [Makefile:146: all] Error 2
