-- The C compiler identification is GNU 11.4.0
-- The CXX compiler identification is GNU 11.4.0
-- Detecting C compiler ABI info
-- Detecting C compiler ABI info - done
-- Check for working C compiler: /usr/bin/cc - skipped
-- Detecting C compile features
-- Detecting C compile features - done
-- Detecting CXX compiler ABI info
-- Detecting CXX compiler ABI info - done
-- Check for working CXX compiler: /usr/bin/c++ - skipped
-- Detecting CXX compile features
-- Detecting CXX compile features - done
-- Found ament_cmake: 1.3.14 (/opt/ros/humble/share/ament_cmake/cmake)
-- Found Python3: /usr/bin/python3 (found version "3.10.12") found components: Interpreter 
-- Override CMake install command with custom implementation using symlinks instead of copying resources
-- Found rclcpp: 16.0.19 (/opt/ros/humble/share/rclcpp/cmake)
-- Found rosidl_generator_c: 3.1.8 (/opt/ros/humble/share/rosidl_generator_c/cmake)
-- Found rosidl_adapter: 3.1.8 (/opt/ros/humble/share/rosidl_adapter/cmake)
-- Found rosidl_generator_cpp: 3.1.8 (/opt/ros/humble/share/rosidl_generator_cpp/cmake)
-- Using all available rosidl_typesupport_c: rosidl_typesupport_fastrtps_c;rosidl_typesupport_introspection_c
-- Using all available rosidl_typesupport_cpp: rosidl_typesupport_fastrtps_cpp;rosidl_typesupport_introspection_cpp
-- Found rmw_implementation_cmake: 6.1.2 (/opt/ros/humble/share/rmw_implementation_cmake/cmake)
-- Found rmw_fastrtps_cpp: 6.2.10 (/opt/ros/humble/share/rmw_fastrtps_cpp/cmake)
-- Found OpenSSL: /usr/lib/x86_64-linux-gnu/libcrypto.so (found version "3.0.2")  
-- Found FastRTPS: /opt/ros/humble/include  
-- Using RMW implementation 'rmw_fastrtps_cpp' as default
-- Looking for pthread.h
-- Looking for pthread.h - found
-- Performing Test CMAKE_HAVE_LIBC_PTHREAD
-- Performing Test CMAKE_HAVE_LIBC_PTHREAD - Success
-- Found Threads: TRUE  
-- Found nav_msgs: 4.9.1 (/opt/ros/humble/share/nav_msgs/cmake)
-- Found eufs_msgs: 2.0.0 (/home/alr/Desktop/new_perception/new_eufs_ws/install/eufs_msgs/share/eufs_msgs/cmake)
-- Found tf2: 0.25.20 (/opt/ros/humble/share/tf2/cmake)
-- Found tf2_ros: 0.25.20 (/opt/ros/humble/share/tf2_ros/cmake)
-- Found visualization_msgs: 4.9.1 (/opt/ros/humble/share/visualization_msgs/cmake)
-- Found Boost: /usr/lib/x86_64-linux-gnu/cmake/Boost-1.74.0/BoostConfig.cmake (found suitable version "1.74.0", minimum required is "1.70") found components: graph serialization program_options random timer chrono 
-- GTSAM include directory:  /usr/local/lib/cmake/GTSAM/../../../include
-- Configuring done
-- Generating done
-- Build files have been written to: /home/alr/Desktop/new_perception/new_eufs_ws/build/my_slam_pkg
[ 50%] [32mBuilding CXX object CMakeFiles/eufs_slam_node.dir/src/Slam.cpp.o[0m
[100%] [32m[1mLinking CXX executable eufs_slam_node[0m
[100%] Built target eufs_slam_node
-- Install configuration: ""
-- Execute custom install script
-- Symlinking: /home/alr/Desktop/new_perception/new_eufs_ws/install/my_slam_pkg/lib/my_slam_pkg/eufs_slam_node
-- Symlinking: /home/alr/Desktop/new_perception/new_eufs_ws/install/my_slam_pkg/share/ament_index/resource_index/package_run_dependencies/my_slam_pkg
-- Symlinking: /home/alr/Desktop/new_perception/new_eufs_ws/install/my_slam_pkg/share/ament_index/resource_index/parent_prefix_path/my_slam_pkg
-- Symlinking: /home/alr/Desktop/new_perception/new_eufs_ws/install/my_slam_pkg/share/my_slam_pkg/environment/ament_prefix_path.sh
-- Symlinking: /home/alr/Desktop/new_perception/new_eufs_ws/install/my_slam_pkg/share/my_slam_pkg/environment/ament_prefix_path.dsv
-- Symlinking: /home/alr/Desktop/new_perception/new_eufs_ws/install/my_slam_pkg/share/my_slam_pkg/environment/path.sh
-- Symlinking: /home/alr/Desktop/new_perception/new_eufs_ws/install/my_slam_pkg/share/my_slam_pkg/environment/path.dsv
-- Symlinking: /home/alr/Desktop/new_perception/new_eufs_ws/install/my_slam_pkg/share/my_slam_pkg/local_setup.bash
-- Symlinking: /home/alr/Desktop/new_perception/new_eufs_ws/install/my_slam_pkg/share/my_slam_pkg/local_setup.sh
-- Symlinking: /home/alr/Desktop/new_perception/new_eufs_ws/install/my_slam_pkg/share/my_slam_pkg/local_setup.zsh
-- Symlinking: /home/alr/Desktop/new_perception/new_eufs_ws/install/my_slam_pkg/share/my_slam_pkg/local_setup.dsv
-- Symlinking: /home/alr/Desktop/new_perception/new_eufs_ws/install/my_slam_pkg/share/my_slam_pkg/package.dsv
-- Symlinking: /home/alr/Desktop/new_perception/new_eufs_ws/install/my_slam_pkg/share/ament_index/resource_index/packages/my_slam_pkg
-- Symlinking: /home/alr/Desktop/new_perception/new_eufs_ws/install/my_slam_pkg/share/my_slam_pkg/cmake/my_slam_pkgConfig.cmake
-- Symlinking: /home/alr/Desktop/new_perception/new_eufs_ws/install/my_slam_pkg/share/my_slam_pkg/cmake/my_slam_pkgConfig-version.cmake
-- Symlinking: /home/alr/Desktop/new_perception/new_eufs_ws/install/my_slam_pkg/share/my_slam_pkg/package.xml
