[0.338s] Invoking command in '/home/alr/Desktop/new_perception/new_eufs_ws/build/eufs_sensors': CMAKE_PREFIX_PATH=${CMAKE_PREFIX_PATH}:/home/alr/Desktop/new_perception/new_eufs_ws/install/opencv_tests:/home/alr/Desktop/new_perception/new_eufs_ws/install/fsd_planner:/home/alr/Desktop/new_perception/new_eufs_ws/install/eufs_launcher:/home/alr/Desktop/new_perception/new_eufs_ws/install/eufs_tracks:/home/alr/Desktop/new_perception/new_eufs_ws/install/eufs_rqt:/home/alr/Desktop/new_perception/new_eufs_ws/install/eufs_racecar:/opt/ros/humble /usr/bin/cmake /home/alr/Desktop/new_perception/new_eufs_ws/src/eufs_sim/eufs_sensors -DAMENT_CMAKE_SYMLINK_INSTALL=1 -DCMAKE_INSTALL_PREFIX=/home/alr/Desktop/new_perception/new_eufs_ws/install/eufs_sensors
[0.381s] -- The C compiler identification is GNU 11.4.0
[0.437s] -- The CXX compiler identification is GNU 11.4.0
[0.443s] -- Detecting C compiler ABI info
[0.512s] -- Detecting C compiler ABI info - done
[0.520s] -- Check for working C compiler: /usr/bin/cc - skipped
[0.520s] -- Detecting C compile features
[0.520s] -- Detecting C compile features - done
[0.523s] -- Detecting CXX compiler ABI info
[0.595s] -- Detecting CXX compiler ABI info - done
[0.602s] -- Check for working CXX compiler: /usr/bin/c++ - skipped
[0.603s] -- Detecting CXX compile features
[0.603s] -- Detecting CXX compile features - done
[0.605s] -- Found ament_cmake: 1.3.14 (/opt/ros/humble/share/ament_cmake/cmake)
[0.976s] -- Found Python3: /usr/bin/python3 (found version "3.10.12") found components: Interpreter 
[1.026s] -- Override CMake install command with custom implementation using symlinks instead of copying resources
[1.050s] -- Found ament_lint_auto: 0.12.15 (/opt/ros/humble/share/ament_lint_auto/cmake)
[1.134s] -- Added test 'copyright' to check source files copyright and LICENSE
[1.136s] -- Added test 'lint_cmake' to check CMake code style
[1.138s] -- Added test 'xmllint' to check XML markup files
[1.141s] -- Configuring done
[1.144s] -- Generating done
[1.145s] -- Build files have been written to: /home/alr/Desktop/new_perception/new_eufs_ws/build/eufs_sensors
[1.235s] Invoked command in '/home/alr/Desktop/new_perception/new_eufs_ws/build/eufs_sensors' returned '0': CMAKE_PREFIX_PATH=${CMAKE_PREFIX_PATH}:/home/alr/Desktop/new_perception/new_eufs_ws/install/opencv_tests:/home/alr/Desktop/new_perception/new_eufs_ws/install/fsd_planner:/home/alr/Desktop/new_perception/new_eufs_ws/install/eufs_launcher:/home/alr/Desktop/new_perception/new_eufs_ws/install/eufs_tracks:/home/alr/Desktop/new_perception/new_eufs_ws/install/eufs_rqt:/home/alr/Desktop/new_perception/new_eufs_ws/install/eufs_racecar:/opt/ros/humble /usr/bin/cmake /home/alr/Desktop/new_perception/new_eufs_ws/src/eufs_sim/eufs_sensors -DAMENT_CMAKE_SYMLINK_INSTALL=1 -DCMAKE_INSTALL_PREFIX=/home/alr/Desktop/new_perception/new_eufs_ws/install/eufs_sensors
[1.236s] Invoking command in '/home/alr/Desktop/new_perception/new_eufs_ws/build/eufs_sensors': CMAKE_PREFIX_PATH=${CMAKE_PREFIX_PATH}:/home/alr/Desktop/new_perception/new_eufs_ws/install/opencv_tests:/home/alr/Desktop/new_perception/new_eufs_ws/install/fsd_planner:/home/alr/Desktop/new_perception/new_eufs_ws/install/eufs_launcher:/home/alr/Desktop/new_perception/new_eufs_ws/install/eufs_tracks:/home/alr/Desktop/new_perception/new_eufs_ws/install/eufs_rqt:/home/alr/Desktop/new_perception/new_eufs_ws/install/eufs_racecar:/opt/ros/humble /usr/bin/cmake --build /home/alr/Desktop/new_perception/new_eufs_ws/build/eufs_sensors -- -j20 -l20
[1.270s] Invoked command in '/home/alr/Desktop/new_perception/new_eufs_ws/build/eufs_sensors' returned '0': CMAKE_PREFIX_PATH=${CMAKE_PREFIX_PATH}:/home/alr/Desktop/new_perception/new_eufs_ws/install/opencv_tests:/home/alr/Desktop/new_perception/new_eufs_ws/install/fsd_planner:/home/alr/Desktop/new_perception/new_eufs_ws/install/eufs_launcher:/home/alr/Desktop/new_perception/new_eufs_ws/install/eufs_tracks:/home/alr/Desktop/new_perception/new_eufs_ws/install/eufs_rqt:/home/alr/Desktop/new_perception/new_eufs_ws/install/eufs_racecar:/opt/ros/humble /usr/bin/cmake --build /home/alr/Desktop/new_perception/new_eufs_ws/build/eufs_sensors -- -j20 -l20
[1.279s] Invoking command in '/home/alr/Desktop/new_perception/new_eufs_ws/build/eufs_sensors': CMAKE_PREFIX_PATH=${CMAKE_PREFIX_PATH}:/home/alr/Desktop/new_perception/new_eufs_ws/install/opencv_tests:/home/alr/Desktop/new_perception/new_eufs_ws/install/fsd_planner:/home/alr/Desktop/new_perception/new_eufs_ws/install/eufs_launcher:/home/alr/Desktop/new_perception/new_eufs_ws/install/eufs_tracks:/home/alr/Desktop/new_perception/new_eufs_ws/install/eufs_rqt:/home/alr/Desktop/new_perception/new_eufs_ws/install/eufs_racecar:/opt/ros/humble /usr/bin/cmake --install /home/alr/Desktop/new_perception/new_eufs_ws/build/eufs_sensors
[1.284s] -- Install configuration: ""
[1.284s] -- Execute custom install script
[1.285s] -- Symlinking: /home/alr/Desktop/new_perception/new_eufs_ws/install/eufs_sensors/share/eufs_sensors/meshes/VLP16_base_1.dae
[1.290s] -- Symlinking: /home/alr/Desktop/new_perception/new_eufs_ws/install/eufs_sensors/share/eufs_sensors/meshes/VLP16_base_2.dae
[1.296s] -- Symlinking: /home/alr/Desktop/new_perception/new_eufs_ws/install/eufs_sensors/share/eufs_sensors/meshes/VLP16_scan.dae
[1.305s] -- Symlinking: /home/alr/Desktop/new_perception/new_eufs_ws/install/eufs_sensors/share/eufs_sensors/meshes/antenna_3GO16.dae
[1.319s] -- Symlinking: /home/alr/Desktop/new_perception/new_eufs_ws/install/eufs_sensors/share/eufs_sensors/meshes/antenna_3GO16.stl
[1.328s] -- Symlinking: /home/alr/Desktop/new_perception/new_eufs_ws/install/eufs_sensors/share/eufs_sensors/meshes/zed.dae
[1.338s] -- Symlinking: /home/alr/Desktop/new_perception/new_eufs_ws/install/eufs_sensors/share/eufs_sensors/urdf/VLP-16R.urdf.xacro
[1.348s] -- Symlinking: /home/alr/Desktop/new_perception/new_eufs_ws/install/eufs_sensors/share/eufs_sensors/urdf/all_sensors.urdf.xacro
[1.358s] -- Symlinking: /home/alr/Desktop/new_perception/new_eufs_ws/install/eufs_sensors/share/eufs_sensors/urdf/gps.urdf.xacro
[1.368s] -- Symlinking: /home/alr/Desktop/new_perception/new_eufs_ws/install/eufs_sensors/share/eufs_sensors/urdf/imu.urdf.xacro
[1.378s] -- Symlinking: /home/alr/Desktop/new_perception/new_eufs_ws/install/eufs_sensors/share/eufs_sensors/urdf/magnetometer.urdf.xacro
[1.389s] -- Symlinking: /home/alr/Desktop/new_perception/new_eufs_ws/install/eufs_sensors/share/eufs_sensors/urdf/zed.urdf.xacro
[1.399s] -- Symlinking: /home/alr/Desktop/new_perception/new_eufs_ws/install/eufs_sensors/share/ament_index/resource_index/package_run_dependencies/eufs_sensors
[1.410s] -- Symlinking: /home/alr/Desktop/new_perception/new_eufs_ws/install/eufs_sensors/share/ament_index/resource_index/parent_prefix_path/eufs_sensors
[1.418s] -- Symlinking: /home/alr/Desktop/new_perception/new_eufs_ws/install/eufs_sensors/share/eufs_sensors/environment/ament_prefix_path.sh
[1.425s] -- Symlinking: /home/alr/Desktop/new_perception/new_eufs_ws/install/eufs_sensors/share/eufs_sensors/environment/ament_prefix_path.dsv
[1.431s] -- Symlinking: /home/alr/Desktop/new_perception/new_eufs_ws/install/eufs_sensors/share/eufs_sensors/environment/path.sh
[1.438s] -- Symlinking: /home/alr/Desktop/new_perception/new_eufs_ws/install/eufs_sensors/share/eufs_sensors/environment/path.dsv
[1.448s] -- Symlinking: /home/alr/Desktop/new_perception/new_eufs_ws/install/eufs_sensors/share/eufs_sensors/local_setup.bash
[1.454s] -- Symlinking: /home/alr/Desktop/new_perception/new_eufs_ws/install/eufs_sensors/share/eufs_sensors/local_setup.sh
[1.470s] -- Symlinking: /home/alr/Desktop/new_perception/new_eufs_ws/install/eufs_sensors/share/eufs_sensors/local_setup.zsh
[1.488s] -- Symlinking: /home/alr/Desktop/new_perception/new_eufs_ws/install/eufs_sensors/share/eufs_sensors/local_setup.dsv
[1.513s] -- Symlinking: /home/alr/Desktop/new_perception/new_eufs_ws/install/eufs_sensors/share/eufs_sensors/package.dsv
[1.533s] -- Symlinking: /home/alr/Desktop/new_perception/new_eufs_ws/install/eufs_sensors/share/ament_index/resource_index/packages/eufs_sensors
[1.554s] -- Symlinking: /home/alr/Desktop/new_perception/new_eufs_ws/install/eufs_sensors/share/eufs_sensors/cmake/ament_cmake_export_dependencies-extras.cmake
[1.564s] -- Symlinking: /home/alr/Desktop/new_perception/new_eufs_ws/install/eufs_sensors/share/eufs_sensors/cmake/eufs_sensorsConfig.cmake
[1.571s] -- Symlinking: /home/alr/Desktop/new_perception/new_eufs_ws/install/eufs_sensors/share/eufs_sensors/cmake/eufs_sensorsConfig-version.cmake
[1.577s] -- Symlinking: /home/alr/Desktop/new_perception/new_eufs_ws/install/eufs_sensors/share/eufs_sensors/package.xml
[1.586s] Invoked command in '/home/alr/Desktop/new_perception/new_eufs_ws/build/eufs_sensors' returned '0': CMAKE_PREFIX_PATH=${CMAKE_PREFIX_PATH}:/home/alr/Desktop/new_perception/new_eufs_ws/install/opencv_tests:/home/alr/Desktop/new_perception/new_eufs_ws/install/fsd_planner:/home/alr/Desktop/new_perception/new_eufs_ws/install/eufs_launcher:/home/alr/Desktop/new_perception/new_eufs_ws/install/eufs_tracks:/home/alr/Desktop/new_perception/new_eufs_ws/install/eufs_rqt:/home/alr/Desktop/new_perception/new_eufs_ws/install/eufs_racecar:/opt/ros/humble /usr/bin/cmake --install /home/alr/Desktop/new_perception/new_eufs_ws/build/eufs_sensors
