[0.590s] Invoking command in '/home/alr/Desktop/new_perception/new_eufs_ws/build/eufs_rqt': CMAKE_PREFIX_PATH=/home/alr/Desktop/new_perception/new_eufs_ws/install/eufs_msgs:/home/alr/Desktop/new_perception/new_eufs_ws/install/vision_opencv:/home/alr/Desktop/new_perception/new_eufs_ws/install/perception_pkg:/home/alr/Desktop/new_perception/new_eufs_ws/install/my_state_estimator:/home/alr/Desktop/new_perception/new_eufs_ws/install/my_slam_pkg:/home/alr/Desktop/new_perception/new_eufs_ws/install/my_controller_pkg:/home/alr/Desktop/new_perception/new_eufs_ws/install/eufs_plugins:/home/alr/Desktop/new_perception/new_eufs_ws/install/image_geometry:/home/alr/Desktop/new_perception/new_eufs_ws/install/eufs_sensors:/home/alr/Desktop/new_perception/new_eufs_ws/install/eufs_models:/home/alr/Desktop/new_perception/new_eufs_ws/install/cv_bridge:/home/alr/Desktop/new_perception/new_eufs_ws/install/cone_msgs LD_LIBRARY_PATH=/home/alr/Desktop/new_perception/new_eufs_ws/install/eufs_msgs/lib:/opt/opencv-4.12/lib:/home/alr/Desktop/new_perception/new_eufs_ws/install/eufs_plugins/lib:/home/alr/Desktop/new_perception/new_eufs_ws/install/image_geometry/lib:/home/alr/Desktop/new_perception/new_eufs_ws/install/eufs_models/lib:/home/alr/Desktop/new_perception/new_eufs_ws/install/cv_bridge/lib:/home/alr/Desktop/new_perception/new_eufs_ws/install/cone_msgs/lib:/usr/lib/x86_64-linux-gnu/gazebo-11/plugins:/opt/ros/humble/opt/rviz_ogre_vendor/lib:/opt/ros/humble/lib/x86_64-linux-gnu:/opt/ros/humble/lib:/usr/local/cuda-12.9/lib64 PYTHONPATH=/home/alr/Desktop/new_perception/new_eufs_ws/build/eufs_rqt/prefix_override:/usr/lib/python3/dist-packages/colcon_core/task/python/colcon_distutils_commands:/home/alr/Desktop/new_perception/new_eufs_ws/install/eufs_rqt/lib/python3.10/site-packages:${PYTHONPATH} /usr/bin/python3 -W ignore:setup.py install is deprecated -W ignore:easy_install command is deprecated setup.py develop --editable --build-directory /home/alr/Desktop/new_perception/new_eufs_ws/build/eufs_rqt/build --no-deps symlink_data
[0.760s] running develop
[0.874s] running egg_info
[0.874s] creating src/eufs_rqt.egg-info
[0.874s] writing src/eufs_rqt.egg-info/PKG-INFO
[0.874s] writing dependency_links to src/eufs_rqt.egg-info/dependency_links.txt
[0.874s] writing requirements to src/eufs_rqt.egg-info/requires.txt
[0.874s] writing top-level names to src/eufs_rqt.egg-info/top_level.txt
[0.874s] writing manifest file 'src/eufs_rqt.egg-info/SOURCES.txt'
[0.875s] reading manifest file 'src/eufs_rqt.egg-info/SOURCES.txt'
[0.876s] writing manifest file 'src/eufs_rqt.egg-info/SOURCES.txt'
[0.906s] running build_ext
[0.906s] Creating /home/alr/Desktop/new_perception/new_eufs_ws/install/eufs_rqt/lib/python3.10/site-packages/eufs-rqt.egg-link (link to src)
[0.907s] Installing eufs_robot_steering_gui script to /home/alr/Desktop/new_perception/new_eufs_ws/install/eufs_rqt/lib/eufs_rqt
[0.908s] Installing mission_control_gui script to /home/alr/Desktop/new_perception/new_eufs_ws/install/eufs_rqt/lib/eufs_rqt
[0.908s] 
[0.908s] Installed /home/alr/Desktop/new_perception/new_eufs_ws/build/eufs_rqt/src
[0.908s] running symlink_data
[0.909s] creating /home/alr/Desktop/new_perception/new_eufs_ws/install/eufs_rqt/share/eufs_rqt/config
[0.909s] symbolically linking /home/alr/Desktop/new_perception/new_eufs_ws/build/eufs_rqt/config/eufs_sim.perspective -> /home/alr/Desktop/new_perception/new_eufs_ws/install/eufs_rqt/share/eufs_rqt/config
[0.909s] creating /home/alr/Desktop/new_perception/new_eufs_ws/install/eufs_rqt/share/eufs_rqt/resource
[0.909s] symbolically linking /home/alr/Desktop/new_perception/new_eufs_ws/build/eufs_rqt/resource/EUFSRobotSteeringGUI.ui -> /home/alr/Desktop/new_perception/new_eufs_ws/install/eufs_rqt/share/eufs_rqt/resource
[0.909s] symbolically linking /home/alr/Desktop/new_perception/new_eufs_ws/build/eufs_rqt/resource/MissionControlGUI.ui -> /home/alr/Desktop/new_perception/new_eufs_ws/install/eufs_rqt/share/eufs_rqt/resource
[0.909s] symbolically linking /home/alr/Desktop/new_perception/new_eufs_ws/build/eufs_rqt/plugin.xml -> /home/alr/Desktop/new_perception/new_eufs_ws/install/eufs_rqt/share/eufs_rqt
[0.909s] creating /home/alr/Desktop/new_perception/new_eufs_ws/install/eufs_rqt/share/ament_index
[0.909s] creating /home/alr/Desktop/new_perception/new_eufs_ws/install/eufs_rqt/share/ament_index/resource_index
[0.909s] creating /home/alr/Desktop/new_perception/new_eufs_ws/install/eufs_rqt/share/ament_index/resource_index/packages
[0.909s] symbolically linking /home/alr/Desktop/new_perception/new_eufs_ws/build/eufs_rqt/resource/eufs_rqt -> /home/alr/Desktop/new_perception/new_eufs_ws/install/eufs_rqt/share/ament_index/resource_index/packages
[0.909s] symbolically linking /home/alr/Desktop/new_perception/new_eufs_ws/build/eufs_rqt/package.xml -> /home/alr/Desktop/new_perception/new_eufs_ws/install/eufs_rqt/share/eufs_rqt
[0.940s] Invoked command in '/home/alr/Desktop/new_perception/new_eufs_ws/build/eufs_rqt' returned '0': CMAKE_PREFIX_PATH=/home/alr/Desktop/new_perception/new_eufs_ws/install/eufs_msgs:/home/alr/Desktop/new_perception/new_eufs_ws/install/vision_opencv:/home/alr/Desktop/new_perception/new_eufs_ws/install/perception_pkg:/home/alr/Desktop/new_perception/new_eufs_ws/install/my_state_estimator:/home/alr/Desktop/new_perception/new_eufs_ws/install/my_slam_pkg:/home/alr/Desktop/new_perception/new_eufs_ws/install/my_controller_pkg:/home/alr/Desktop/new_perception/new_eufs_ws/install/eufs_plugins:/home/alr/Desktop/new_perception/new_eufs_ws/install/image_geometry:/home/alr/Desktop/new_perception/new_eufs_ws/install/eufs_sensors:/home/alr/Desktop/new_perception/new_eufs_ws/install/eufs_models:/home/alr/Desktop/new_perception/new_eufs_ws/install/cv_bridge:/home/alr/Desktop/new_perception/new_eufs_ws/install/cone_msgs LD_LIBRARY_PATH=/home/alr/Desktop/new_perception/new_eufs_ws/install/eufs_msgs/lib:/opt/opencv-4.12/lib:/home/alr/Desktop/new_perception/new_eufs_ws/install/eufs_plugins/lib:/home/alr/Desktop/new_perception/new_eufs_ws/install/image_geometry/lib:/home/alr/Desktop/new_perception/new_eufs_ws/install/eufs_models/lib:/home/alr/Desktop/new_perception/new_eufs_ws/install/cv_bridge/lib:/home/alr/Desktop/new_perception/new_eufs_ws/install/cone_msgs/lib:/usr/lib/x86_64-linux-gnu/gazebo-11/plugins:/opt/ros/humble/opt/rviz_ogre_vendor/lib:/opt/ros/humble/lib/x86_64-linux-gnu:/opt/ros/humble/lib:/usr/local/cuda-12.9/lib64 PYTHONPATH=/home/alr/Desktop/new_perception/new_eufs_ws/build/eufs_rqt/prefix_override:/usr/lib/python3/dist-packages/colcon_core/task/python/colcon_distutils_commands:/home/alr/Desktop/new_perception/new_eufs_ws/install/eufs_rqt/lib/python3.10/site-packages:${PYTHONPATH} /usr/bin/python3 -W ignore:setup.py install is deprecated -W ignore:easy_install command is deprecated setup.py develop --editable --build-directory /home/alr/Desktop/new_perception/new_eufs_ws/build/eufs_rqt/build --no-deps symlink_data
